Archive member included because of file (symbol)

c:/winavr-20100110/bin/../lib/gcc/avr/4.3.3/avr5\libgcc.a(_udivmodqi4.o)
                              ./MCAL/EXTI_DRIVER/atmega32_exti_driver.o (__udivmodqi4)
c:/winavr-20100110/bin/../lib/gcc/avr/4.3.3/avr5\libgcc.a(_exit.o)
                              c:/winavr-20100110/bin/../lib/gcc/avr/4.3.3/../../../../avr/lib/avr5/crtm16.o (exit)
c:/winavr-20100110/bin/../lib/gcc/avr/4.3.3/avr5\libgcc.a(_copy_data.o)
                              ./HAL/KEYPAD_DRIVER/Keypad.o (__do_copy_data)
c:/winavr-20100110/bin/../lib/gcc/avr/4.3.3/avr5\libgcc.a(_clear_bss.o)
                              ./MCAL/USART_DRIVER/atmega32_usart_driver.o (__do_clear_bss)

Allocating common symbols
Common symbol       size              file

LCD_pinconfig       0x2               ./HAL/LCD_DRIVER/lcd.o
GP_FuncCallBack     0x6               ./MCAL/EXTI_DRIVER/atmega32_exti_driver.o
KEYPAD_pinconfig    0x2               ./HAL/KEYPAD_DRIVER/Keypad.o
GL_USART_Config     0x2               ./MCAL/USART_DRIVER/atmega32_usart_driver.o

Memory Configuration

Name             Origin             Length             Attributes
text             0x00000000         0x00020000         xr
data             0x00800060         0x0000ffa0         rw !x
eeprom           0x00810000         0x00010000         rw !x
fuse             0x00820000         0x00000400         rw !x
lock             0x00830000         0x00000400         rw !x
signature        0x00840000         0x00000400         rw !x
*default*        0x00000000         0xffffffff

Linker script and memory map

LOAD c:/winavr-20100110/bin/../lib/gcc/avr/4.3.3/../../../../avr/lib/avr5/crtm16.o
LOAD ./MCAL/USART_DRIVER/atmega32_usart_driver.o
LOAD ./MCAL/GPIO_DRIVER/atmega32_gpio_driver.o
LOAD ./MCAL/EXTI_DRIVER/atmega32_exti_driver.o
LOAD ./HAL/LCD_DRIVER/lcd.o
LOAD ./HAL/KEYPAD_DRIVER/Keypad.o
LOAD ./main.o
LOAD c:/winavr-20100110/bin/../lib/gcc/avr/4.3.3/avr5\libgcc.a
LOAD c:/winavr-20100110/bin/../lib/gcc/avr/4.3.3/../../../../avr/lib/avr5\libc.a
LOAD c:/winavr-20100110/bin/../lib/gcc/avr/4.3.3/avr5\libgcc.a

.hash
 *(.hash)

.dynsym
 *(.dynsym)

.dynstr
 *(.dynstr)

.gnu.version
 *(.gnu.version)

.gnu.version_d
 *(.gnu.version_d)

.gnu.version_r
 *(.gnu.version_r)

.rel.init
 *(.rel.init)

.rela.init
 *(.rela.init)

.rel.text
 *(.rel.text)
 *(.rel.text.*)
 *(.rel.gnu.linkonce.t*)

.rela.text
 *(.rela.text)
 *(.rela.text.*)
 *(.rela.gnu.linkonce.t*)

.rel.fini
 *(.rel.fini)

.rela.fini
 *(.rela.fini)

.rel.rodata
 *(.rel.rodata)
 *(.rel.rodata.*)
 *(.rel.gnu.linkonce.r*)

.rela.rodata
 *(.rela.rodata)
 *(.rela.rodata.*)
 *(.rela.gnu.linkonce.r*)

.rel.data
 *(.rel.data)
 *(.rel.data.*)
 *(.rel.gnu.linkonce.d*)

.rela.data
 *(.rela.data)
 *(.rela.data.*)
 *(.rela.gnu.linkonce.d*)

.rel.ctors
 *(.rel.ctors)

.rela.ctors
 *(.rela.ctors)

.rel.dtors
 *(.rel.dtors)

.rela.dtors
 *(.rela.dtors)

.rel.got
 *(.rel.got)

.rela.got
 *(.rela.got)

.rel.bss
 *(.rel.bss)

.rela.bss
 *(.rela.bss)

.rel.plt
 *(.rel.plt)

.rela.plt
 *(.rela.plt)

.text           0x00000000     0x1628
 *(.vectors)
 .vectors       0x00000000       0x54 c:/winavr-20100110/bin/../lib/gcc/avr/4.3.3/../../../../avr/lib/avr5/crtm16.o
                0x00000000                __vectors
                0x00000000                __vector_default
 *(.vectors)
 *(.progmem.gcc*)
 *(.progmem*)
                0x00000054                . = ALIGN (0x2)
                0x00000054                __trampolines_start = .
 *(.trampolines)
 .trampolines   0x00000054        0x0 linker stubs
 *(.trampolines*)
                0x00000054                __trampolines_end = .
 *(.jumptables)
 *(.jumptables*)
 *(.lowtext)
 *(.lowtext*)
                0x00000054                __ctors_start = .
 *(.ctors)
                0x00000054                __ctors_end = .
                0x00000054                __dtors_start = .
 *(.dtors)
                0x00000054                __dtors_end = .
 SORT(*)(.ctors)
 SORT(*)(.dtors)
 *(.init0)
 .init0         0x00000054        0x0 c:/winavr-20100110/bin/../lib/gcc/avr/4.3.3/../../../../avr/lib/avr5/crtm16.o
                0x00000054                __init
 *(.init0)
 *(.init1)
 *(.init1)
 *(.init2)
 .init2         0x00000054        0xc c:/winavr-20100110/bin/../lib/gcc/avr/4.3.3/../../../../avr/lib/avr5/crtm16.o
 *(.init2)
 *(.init3)
 *(.init3)
 *(.init4)
 .init4         0x00000060       0x16 c:/winavr-20100110/bin/../lib/gcc/avr/4.3.3/avr5\libgcc.a(_copy_data.o)
                0x00000060                __do_copy_data
 .init4         0x00000076       0x10 c:/winavr-20100110/bin/../lib/gcc/avr/4.3.3/avr5\libgcc.a(_clear_bss.o)
                0x00000076                __do_clear_bss
 *(.init4)
 *(.init5)
 *(.init5)
 *(.init6)
 *(.init6)
 *(.init7)
 *(.init7)
 *(.init8)
 *(.init8)
 *(.init9)
 .init9         0x00000086        0x8 c:/winavr-20100110/bin/../lib/gcc/avr/4.3.3/../../../../avr/lib/avr5/crtm16.o
 *(.init9)
 *(.text)
 .text          0x0000008e        0x4 c:/winavr-20100110/bin/../lib/gcc/avr/4.3.3/../../../../avr/lib/avr5/crtm16.o
                0x0000008e                __vector_12
                0x0000008e                __bad_interrupt
                0x0000008e                __vector_6
                0x0000008e                __vector_3
                0x0000008e                __vector_11
                0x0000008e                __vector_13
                0x0000008e                __vector_17
                0x0000008e                __vector_19
                0x0000008e                __vector_7
                0x0000008e                __vector_5
                0x0000008e                __vector_4
                0x0000008e                __vector_9
                0x0000008e                __vector_15
                0x0000008e                __vector_8
                0x0000008e                __vector_14
                0x0000008e                __vector_10
                0x0000008e                __vector_16
                0x0000008e                __vector_20
 .text          0x00000092        0x0 ./MCAL/USART_DRIVER/atmega32_usart_driver.o
 .text          0x00000092        0x0 ./MCAL/GPIO_DRIVER/atmega32_gpio_driver.o
 .text          0x00000092        0x0 ./MCAL/EXTI_DRIVER/atmega32_exti_driver.o
 .text          0x00000092        0x0 ./HAL/LCD_DRIVER/lcd.o
 .text          0x00000092        0x0 ./HAL/KEYPAD_DRIVER/Keypad.o
 .text          0x00000092        0x0 ./main.o
 .text          0x00000092        0x0 c:/winavr-20100110/bin/../lib/gcc/avr/4.3.3/avr5\libgcc.a(_udivmodqi4.o)
 .text          0x00000092        0x0 c:/winavr-20100110/bin/../lib/gcc/avr/4.3.3/avr5\libgcc.a(_exit.o)
 .text          0x00000092        0x0 c:/winavr-20100110/bin/../lib/gcc/avr/4.3.3/avr5\libgcc.a(_copy_data.o)
 .text          0x00000092        0x0 c:/winavr-20100110/bin/../lib/gcc/avr/4.3.3/avr5\libgcc.a(_clear_bss.o)
                0x00000092                . = ALIGN (0x2)
 *(.text.*)
 .text.MCAL_USART_Init
                0x00000092      0x43c ./MCAL/USART_DRIVER/atmega32_usart_driver.o
                0x00000092                MCAL_USART_Init
 .text.MCAL_USART_SEND
                0x000004ce       0x6e ./MCAL/USART_DRIVER/atmega32_usart_driver.o
                0x000004ce                MCAL_USART_SEND
 .text.MCAL_USART_RECEIVE
                0x0000053c       0x94 ./MCAL/USART_DRIVER/atmega32_usart_driver.o
                0x0000053c                MCAL_USART_RECEIVE
 .text.MCAL_USART_SendString
                0x000005d0       0x72 ./MCAL/USART_DRIVER/atmega32_usart_driver.o
                0x000005d0                MCAL_USART_SendString
 .text.MCAL_USART_ReceiveString
                0x00000642       0x44 ./MCAL/USART_DRIVER/atmega32_usart_driver.o
                0x00000642                MCAL_USART_ReceiveString
 .text.ISR      0x00000686       0x2e ./MCAL/USART_DRIVER/atmega32_usart_driver.o
                0x00000686                ISR
 .text.MCAL_GPIO_Init
                0x000006b4       0x9c ./MCAL/GPIO_DRIVER/atmega32_gpio_driver.o
                0x000006b4                MCAL_GPIO_Init
 .text.MCAL_GPIO_DInit
                0x00000750       0x24 ./MCAL/GPIO_DRIVER/atmega32_gpio_driver.o
                0x00000750                MCAL_GPIO_DInit
 .text.MCAL_GPIO_ReadPin
                0x00000774       0x38 ./MCAL/GPIO_DRIVER/atmega32_gpio_driver.o
                0x00000774                MCAL_GPIO_ReadPin
 .text.MCAL_GPIO_ReadPort
                0x000007ac       0x1e ./MCAL/GPIO_DRIVER/atmega32_gpio_driver.o
                0x000007ac                MCAL_GPIO_ReadPort
 .text.MCAL_GPIO_WritePin
                0x000007ca       0x4e ./MCAL/GPIO_DRIVER/atmega32_gpio_driver.o
                0x000007ca                MCAL_GPIO_WritePin
 .text.MCAL_GPIO_WritePort
                0x00000818       0x26 ./MCAL/GPIO_DRIVER/atmega32_gpio_driver.o
                0x00000818                MCAL_GPIO_WritePort
 .text.MCAL_GPIO_TogglePin
                0x0000083e       0x2e ./MCAL/GPIO_DRIVER/atmega32_gpio_driver.o
                0x0000083e                MCAL_GPIO_TogglePin
 .text.MCAL_EXTI_DEInit
                0x0000086c       0x54 ./MCAL/EXTI_DRIVER/atmega32_exti_driver.o
                0x0000086c                MCAL_EXTI_DEInit
 .text.MCAL_EXTI_Init
                0x000008c0      0x188 ./MCAL/EXTI_DRIVER/atmega32_exti_driver.o
                0x000008c0                MCAL_EXTI_Init
 .text.__vector_1
                0x00000a48       0x68 ./MCAL/EXTI_DRIVER/atmega32_exti_driver.o
                0x00000a48                __vector_1
 .text.__vector_2
                0x00000ab0       0x68 ./MCAL/EXTI_DRIVER/atmega32_exti_driver.o
                0x00000ab0                __vector_2
 .text.__vector_18
                0x00000b18       0x68 ./MCAL/EXTI_DRIVER/atmega32_exti_driver.o
                0x00000b18                __vector_18
 .text._delay_ms
                0x00000b80       0x9a ./HAL/LCD_DRIVER/lcd.o
                0x00000b80                _delay_ms
 .text.LCD_INIT
                0x00000c1a      0x184 ./HAL/LCD_DRIVER/lcd.o
                0x00000c1a                LCD_INIT
 .text.LCD_clear_screen
                0x00000d9e       0x14 ./HAL/LCD_DRIVER/lcd.o
                0x00000d9e                LCD_clear_screen
 .text.LCD_check_lcd_isbusy
                0x00000db2      0x1d6 ./HAL/LCD_DRIVER/lcd.o
                0x00000db2                LCD_check_lcd_isbusy
 .text.LCD_lcd_kick
                0x00000f88       0x32 ./HAL/LCD_DRIVER/lcd.o
                0x00000f88                LCD_lcd_kick
 .text.LCD_GOTO_XY
                0x00000fba       0x40 ./HAL/LCD_DRIVER/lcd.o
                0x00000fba                LCD_GOTO_XY
 .text.LCD_WRITE_COMMAND
                0x00000ffa       0x46 ./HAL/LCD_DRIVER/lcd.o
                0x00000ffa                LCD_WRITE_COMMAND
 .text.LCD_WRITE_CHAR
                0x00001040       0x46 ./HAL/LCD_DRIVER/lcd.o
                0x00001040                LCD_WRITE_CHAR
 .text.LCD_WRITE_STRING
                0x00001086       0x7c ./HAL/LCD_DRIVER/lcd.o
                0x00001086                LCD_WRITE_STRING
 .text.LCD_Generate_Ch
                0x00001102       0x5c ./HAL/LCD_DRIVER/lcd.o
                0x00001102                LCD_Generate_Ch
 .text.Wait_ms  0x0000115e       0x9a ./HAL/KEYPAD_DRIVER/Keypad.o
                0x0000115e                Wait_ms
 .text.Keypad_init
                0x000011f8       0xe8 ./HAL/KEYPAD_DRIVER/Keypad.o
                0x000011f8                Keypad_init
 .text.Keypad_getkey
                0x000012e0      0x25e ./HAL/KEYPAD_DRIVER/Keypad.o
                0x000012e0                Keypad_getkey
 .text.main     0x0000153e       0xce ./main.o
                0x0000153e                main
 .text.libgcc   0x0000160c       0x18 c:/winavr-20100110/bin/../lib/gcc/avr/4.3.3/avr5\libgcc.a(_udivmodqi4.o)
                0x0000160c                __udivmodqi4
 .text.libgcc   0x00001624        0x0 c:/winavr-20100110/bin/../lib/gcc/avr/4.3.3/avr5\libgcc.a(_exit.o)
 .text.libgcc   0x00001624        0x0 c:/winavr-20100110/bin/../lib/gcc/avr/4.3.3/avr5\libgcc.a(_copy_data.o)
 .text.libgcc   0x00001624        0x0 c:/winavr-20100110/bin/../lib/gcc/avr/4.3.3/avr5\libgcc.a(_clear_bss.o)
                0x00001624                . = ALIGN (0x2)
 *(.fini9)
 .fini9         0x00001624        0x0 c:/winavr-20100110/bin/../lib/gcc/avr/4.3.3/avr5\libgcc.a(_exit.o)
                0x00001624                exit
                0x00001624                _exit
 *(.fini9)
 *(.fini8)
 *(.fini8)
 *(.fini7)
 *(.fini7)
 *(.fini6)
 *(.fini6)
 *(.fini5)
 *(.fini5)
 *(.fini4)
 *(.fini4)
 *(.fini3)
 *(.fini3)
 *(.fini2)
 *(.fini2)
 *(.fini1)
 *(.fini1)
 *(.fini0)
 .fini0         0x00001624        0x4 c:/winavr-20100110/bin/../lib/gcc/avr/4.3.3/avr5\libgcc.a(_exit.o)
 *(.fini0)
                0x00001628                _etext = .

.data           0x00800060       0x2c load address 0x00001628
                0x00800060                PROVIDE (__data_start, .)
 *(.data)
 .data          0x00800060        0x0 c:/winavr-20100110/bin/../lib/gcc/avr/4.3.3/../../../../avr/lib/avr5/crtm16.o
 .data          0x00800060        0x0 ./MCAL/USART_DRIVER/atmega32_usart_driver.o
 .data          0x00800060        0x0 ./MCAL/GPIO_DRIVER/atmega32_gpio_driver.o
 .data          0x00800060        0x0 ./MCAL/EXTI_DRIVER/atmega32_exti_driver.o
 .data          0x00800060        0x0 ./HAL/LCD_DRIVER/lcd.o
 .data          0x00800060        0x0 ./HAL/KEYPAD_DRIVER/Keypad.o
 .data          0x00800060       0x1b ./main.o
 .data          0x0080007b        0x0 c:/winavr-20100110/bin/../lib/gcc/avr/4.3.3/avr5\libgcc.a(_udivmodqi4.o)
 .data          0x0080007b        0x0 c:/winavr-20100110/bin/../lib/gcc/avr/4.3.3/avr5\libgcc.a(_exit.o)
 .data          0x0080007b        0x0 c:/winavr-20100110/bin/../lib/gcc/avr/4.3.3/avr5\libgcc.a(_copy_data.o)
 .data          0x0080007b        0x0 c:/winavr-20100110/bin/../lib/gcc/avr/4.3.3/avr5\libgcc.a(_clear_bss.o)
 *(.data*)
 .data.Key_padRow
                0x0080007b        0x8 ./HAL/KEYPAD_DRIVER/Keypad.o
                0x0080007b                Key_padRow
 .data.Key_padCol
                0x00800083        0x8 ./HAL/KEYPAD_DRIVER/Keypad.o
                0x00800083                Key_padCol
 *(.rodata)
 *(.rodata*)
 *(.gnu.linkonce.d*)
                0x0080008c                . = ALIGN (0x2)
 *fill*         0x0080008b        0x1 00
                0x0080008c                _edata = .
                0x0080008c                PROVIDE (__data_end, .)

.bss            0x0080008c        0xc
                0x0080008c                PROVIDE (__bss_start, .)
 *(.bss)
 .bss           0x0080008c        0x0 c:/winavr-20100110/bin/../lib/gcc/avr/4.3.3/../../../../avr/lib/avr5/crtm16.o
 .bss           0x0080008c        0x0 ./MCAL/USART_DRIVER/atmega32_usart_driver.o
 .bss           0x0080008c        0x0 ./MCAL/GPIO_DRIVER/atmega32_gpio_driver.o
 .bss           0x0080008c        0x0 ./MCAL/EXTI_DRIVER/atmega32_exti_driver.o
 .bss           0x0080008c        0x0 ./HAL/LCD_DRIVER/lcd.o
 .bss           0x0080008c        0x0 ./HAL/KEYPAD_DRIVER/Keypad.o
 .bss           0x0080008c        0x0 ./main.o
 .bss           0x0080008c        0x0 c:/winavr-20100110/bin/../lib/gcc/avr/4.3.3/avr5\libgcc.a(_udivmodqi4.o)
 .bss           0x0080008c        0x0 c:/winavr-20100110/bin/../lib/gcc/avr/4.3.3/avr5\libgcc.a(_exit.o)
 .bss           0x0080008c        0x0 c:/winavr-20100110/bin/../lib/gcc/avr/4.3.3/avr5\libgcc.a(_copy_data.o)
 .bss           0x0080008c        0x0 c:/winavr-20100110/bin/../lib/gcc/avr/4.3.3/avr5\libgcc.a(_clear_bss.o)
 *(.bss*)
 *(COMMON)
 COMMON         0x0080008c        0x2 ./MCAL/USART_DRIVER/atmega32_usart_driver.o
                0x0080008c                GL_USART_Config
 COMMON         0x0080008e        0x6 ./MCAL/EXTI_DRIVER/atmega32_exti_driver.o
                0x0080008e                GP_FuncCallBack
 COMMON         0x00800094        0x2 ./HAL/LCD_DRIVER/lcd.o
                0x00800094                LCD_pinconfig
 COMMON         0x00800096        0x2 ./HAL/KEYPAD_DRIVER/Keypad.o
                0x00800096                KEYPAD_pinconfig
                0x00800098                PROVIDE (__bss_end, .)
                0x00001628                __data_load_start = LOADADDR (.data)
                0x00001654                __data_load_end = (__data_load_start + SIZEOF (.data))

.noinit         0x00800098        0x0
                0x00800098                PROVIDE (__noinit_start, .)
 *(.noinit*)
                0x00800098                PROVIDE (__noinit_end, .)
                0x00800098                _end = .
                0x00800098                PROVIDE (__heap_start, .)

.eeprom         0x00810000        0x0
 *(.eeprom*)
                0x00810000                __eeprom_end = .

.fuse
 *(.fuse)
 *(.lfuse)
 *(.hfuse)
 *(.efuse)

.lock
 *(.lock*)

.signature
 *(.signature*)

.stab
 *(.stab)

.stabstr
 *(.stabstr)

.stab.excl
 *(.stab.excl)

.stab.exclstr
 *(.stab.exclstr)

.stab.index
 *(.stab.index)

.stab.indexstr
 *(.stab.indexstr)

.comment
 *(.comment)

.debug
 *(.debug)

.line
 *(.line)

.debug_srcinfo
 *(.debug_srcinfo)

.debug_sfnames
 *(.debug_sfnames)

.debug_aranges  0x00000000      0x190
 *(.debug_aranges)
 .debug_aranges
                0x00000000       0x48 ./MCAL/USART_DRIVER/atmega32_usart_driver.o
 .debug_aranges
                0x00000048       0x50 ./MCAL/GPIO_DRIVER/atmega32_gpio_driver.o
 .debug_aranges
                0x00000098       0x40 ./MCAL/EXTI_DRIVER/atmega32_exti_driver.o
 .debug_aranges
                0x000000d8       0x68 ./HAL/LCD_DRIVER/lcd.o
 .debug_aranges
                0x00000140       0x30 ./HAL/KEYPAD_DRIVER/Keypad.o
 .debug_aranges
                0x00000170       0x20 ./main.o

.debug_pubnames
                0x00000000      0x33b
 *(.debug_pubnames)
 .debug_pubnames
                0x00000000       0xa4 ./MCAL/USART_DRIVER/atmega32_usart_driver.o
 .debug_pubnames
                0x000000a4       0xad ./MCAL/GPIO_DRIVER/atmega32_gpio_driver.o
 .debug_pubnames
                0x00000151       0x7c ./MCAL/EXTI_DRIVER/atmega32_exti_driver.o
 .debug_pubnames
                0x000001cd       0xe0 ./HAL/LCD_DRIVER/lcd.o
 .debug_pubnames
                0x000002ad       0x73 ./HAL/KEYPAD_DRIVER/Keypad.o
 .debug_pubnames
                0x00000320       0x1b ./main.o

.debug_info     0x00000000      0xcb6
 *(.debug_info)
 .debug_info    0x00000000      0x29d ./MCAL/USART_DRIVER/atmega32_usart_driver.o
 .debug_info    0x0000029d      0x25c ./MCAL/GPIO_DRIVER/atmega32_gpio_driver.o
 .debug_info    0x000004f9      0x23d ./MCAL/EXTI_DRIVER/atmega32_exti_driver.o
 .debug_info    0x00000736      0x261 ./HAL/LCD_DRIVER/lcd.o
 .debug_info    0x00000997      0x1b6 ./HAL/KEYPAD_DRIVER/Keypad.o
 .debug_info    0x00000b4d      0x169 ./main.o
 *(.gnu.linkonce.wi.*)

.debug_abbrev   0x00000000      0x5bd
 *(.debug_abbrev)
 .debug_abbrev  0x00000000      0x12d ./MCAL/USART_DRIVER/atmega32_usart_driver.o
 .debug_abbrev  0x0000012d       0xc8 ./MCAL/GPIO_DRIVER/atmega32_gpio_driver.o
 .debug_abbrev  0x000001f5       0xf1 ./MCAL/EXTI_DRIVER/atmega32_exti_driver.o
 .debug_abbrev  0x000002e6      0x12c ./HAL/LCD_DRIVER/lcd.o
 .debug_abbrev  0x00000412       0xf6 ./HAL/KEYPAD_DRIVER/Keypad.o
 .debug_abbrev  0x00000508       0xb5 ./main.o

.debug_line     0x00000000     0x152d
 *(.debug_line)
 .debug_line    0x00000000      0x47c ./MCAL/USART_DRIVER/atmega32_usart_driver.o
 .debug_line    0x0000047c      0x27a ./MCAL/GPIO_DRIVER/atmega32_gpio_driver.o
 .debug_line    0x000006f6      0x2a0 ./MCAL/EXTI_DRIVER/atmega32_exti_driver.o
 .debug_line    0x00000996      0x698 ./HAL/LCD_DRIVER/lcd.o
 .debug_line    0x0000102e      0x347 ./HAL/KEYPAD_DRIVER/Keypad.o
 .debug_line    0x00001375      0x1b8 ./main.o

.debug_frame    0x00000000      0x260
 *(.debug_frame)
 .debug_frame   0x00000000       0x70 ./MCAL/USART_DRIVER/atmega32_usart_driver.o
 .debug_frame   0x00000070       0x80 ./MCAL/GPIO_DRIVER/atmega32_gpio_driver.o
 .debug_frame   0x000000f0       0x60 ./MCAL/EXTI_DRIVER/atmega32_exti_driver.o
 .debug_frame   0x00000150       0xb0 ./HAL/LCD_DRIVER/lcd.o
 .debug_frame   0x00000200       0x40 ./HAL/KEYPAD_DRIVER/Keypad.o
 .debug_frame   0x00000240       0x20 ./main.o

.debug_str      0x00000000      0x5e7
 *(.debug_str)
 .debug_str     0x00000000      0x236 ./MCAL/USART_DRIVER/atmega32_usart_driver.o
                                0x28e (size before relaxing)
 .debug_str     0x00000236       0xfd ./MCAL/GPIO_DRIVER/atmega32_gpio_driver.o
                                0x1f3 (size before relaxing)
 .debug_str     0x00000333      0x11f ./MCAL/EXTI_DRIVER/atmega32_exti_driver.o
                                0x254 (size before relaxing)
 .debug_str     0x00000452       0xe8 ./HAL/LCD_DRIVER/lcd.o
                                0x213 (size before relaxing)
 .debug_str     0x0000053a       0x6c ./HAL/KEYPAD_DRIVER/Keypad.o
                                0x190 (size before relaxing)
 .debug_str     0x000005a6       0x41 ./main.o
                                0x192 (size before relaxing)

.debug_loc
 *(.debug_loc)

.debug_macinfo
 *(.debug_macinfo)
OUTPUT(UART_PROTOCOL.elf elf32-avr)
LOAD linker stubs

.debug_ranges   0x00000000      0x160
 .debug_ranges  0x00000000       0x40 ./MCAL/USART_DRIVER/atmega32_usart_driver.o
 .debug_ranges  0x00000040       0x48 ./MCAL/GPIO_DRIVER/atmega32_gpio_driver.o
 .debug_ranges  0x00000088       0x38 ./MCAL/EXTI_DRIVER/atmega32_exti_driver.o
 .debug_ranges  0x000000c0       0x60 ./HAL/LCD_DRIVER/lcd.o
 .debug_ranges  0x00000120       0x28 ./HAL/KEYPAD_DRIVER/Keypad.o
 .debug_ranges  0x00000148       0x18 ./main.o
