../HAL/LCD_DRIVER/lcd.c:12:6:_delay_ms	24	static
../HAL/LCD_DRIVER/lcd.c:22:6:LCD_INIT	8	static
../HAL/LCD_DRIVER/lcd.c:107:6:LCD_clear_screen	8	static
../HAL/LCD_DRIVER/lcd.c:123:6:LCD_check_lcd_isbusy	8	static
../HAL/LCD_DRIVER/lcd.c:219:6:LCD_lcd_kick	8	static
../HAL/LCD_DRIVER/lcd.c:230:6:LCD_GOTO_XY	16	static
../HAL/LCD_DRIVER/lcd.c:251:6:LCD_WRITE_COMMAND	16	static
../HAL/LCD_DRIVER/lcd.c:290:6:LCD_WRITE_CHAR	16	static
../HAL/LCD_DRIVER/lcd.c:329:6:LCD_WRITE_STRING	24	static
../HAL/LCD_DRIVER/lcd.c:349:6:LCD_Generate_Ch	8	static
