arm-none-eabi-size   Lab2_Unit6_Lesson3_2.elf 
   text	   data	    bss	    dec	    hex	filename
    760	      8	   1568	   2336	    920	Lab2_Unit6_Lesson3_2.elf
Finished building: default.size.stdout
 

15:16:01 Build Finished. 0 errors, 0 warnings. (took 236ms)

15:16:01 **** Incremental Build of configuration Debug for project Lab2_Unit6_Lesson3_2 ****
make -j8 all 
arm-none-eabi-size   Lab2_Unit6_Lesson3_2.elf 
   text	   data	    bss	    dec	    hex	filename
    760	      8	   1568	   2336	    920	Lab2_Unit6_Lesson3_2.elf
Finished building: default.size.stdout
 
15:16:01 **** Incremental Build of configuration Debug for project Lab2_Unit6_Lesson3_2 ****
make -j8 all 
arm-none-eabi-size   Lab2_Unit6_Lesson3_2.elf 
   text	   data	    bss	    dec	    hex	filename
    760	      8	   1568	   2336	    920	Lab2_Unit6_Lesson3_2.elf
Finished building: default.size.stdout
 
