Archive member included to satisfy reference by file (symbol)

f:/embedded system/6-stm 32/program ide  is installed/stm32cubeide_1.12.1/stm32cubeide/plugins/com.st.stm32cube.ide.mcu.externaltools.gnu-tools-for-stm32.10.3-2021.10.win32_1.0.200.202301161003/tools/bin/../lib/gcc/arm-none-eabi/10.3.1/../../../../arm-none-eabi/lib/thumb/v7-m/nofp\libc_nano.a(lib_a-errno.o)
                              ./Src/syscalls.o (__errno)
f:/embedded system/6-stm 32/program ide  is installed/stm32cubeide_1.12.1/stm32cubeide/plugins/com.st.stm32cube.ide.mcu.externaltools.gnu-tools-for-stm32.10.3-2021.10.win32_1.0.200.202301161003/tools/bin/../lib/gcc/arm-none-eabi/10.3.1/../../../../arm-none-eabi/lib/thumb/v7-m/nofp\libc_nano.a(lib_a-exit.o)
                              f:/embedded system/6-stm 32/program ide  is installed/stm32cubeide_1.12.1/stm32cubeide/plugins/com.st.stm32cube.ide.mcu.externaltools.gnu-tools-for-stm32.10.3-2021.10.win32_1.0.200.202301161003/tools/bin/../lib/gcc/arm-none-eabi/10.3.1/../../../../arm-none-eabi/lib/thumb/v7-m/nofp/crt0.o (exit)
f:/embedded system/6-stm 32/program ide  is installed/stm32cubeide_1.12.1/stm32cubeide/plugins/com.st.stm32cube.ide.mcu.externaltools.gnu-tools-for-stm32.10.3-2021.10.win32_1.0.200.202301161003/tools/bin/../lib/gcc/arm-none-eabi/10.3.1/../../../../arm-none-eabi/lib/thumb/v7-m/nofp\libc_nano.a(lib_a-impure.o)
                              f:/embedded system/6-stm 32/program ide  is installed/stm32cubeide_1.12.1/stm32cubeide/plugins/com.st.stm32cube.ide.mcu.externaltools.gnu-tools-for-stm32.10.3-2021.10.win32_1.0.200.202301161003/tools/bin/../lib/gcc/arm-none-eabi/10.3.1/../../../../arm-none-eabi/lib/thumb/v7-m/nofp\libc_nano.a(lib_a-exit.o) (_global_impure_ptr)
f:/embedded system/6-stm 32/program ide  is installed/stm32cubeide_1.12.1/stm32cubeide/plugins/com.st.stm32cube.ide.mcu.externaltools.gnu-tools-for-stm32.10.3-2021.10.win32_1.0.200.202301161003/tools/bin/../lib/gcc/arm-none-eabi/10.3.1/../../../../arm-none-eabi/lib/thumb/v7-m/nofp\libc_nano.a(lib_a-init.o)
                              f:/embedded system/6-stm 32/program ide  is installed/stm32cubeide_1.12.1/stm32cubeide/plugins/com.st.stm32cube.ide.mcu.externaltools.gnu-tools-for-stm32.10.3-2021.10.win32_1.0.200.202301161003/tools/bin/../lib/gcc/arm-none-eabi/10.3.1/../../../../arm-none-eabi/lib/thumb/v7-m/nofp/crt0.o (__libc_init_array)
f:/embedded system/6-stm 32/program ide  is installed/stm32cubeide_1.12.1/stm32cubeide/plugins/com.st.stm32cube.ide.mcu.externaltools.gnu-tools-for-stm32.10.3-2021.10.win32_1.0.200.202301161003/tools/bin/../lib/gcc/arm-none-eabi/10.3.1/../../../../arm-none-eabi/lib/thumb/v7-m/nofp\libc_nano.a(lib_a-memset.o)
                              f:/embedded system/6-stm 32/program ide  is installed/stm32cubeide_1.12.1/stm32cubeide/plugins/com.st.stm32cube.ide.mcu.externaltools.gnu-tools-for-stm32.10.3-2021.10.win32_1.0.200.202301161003/tools/bin/../lib/gcc/arm-none-eabi/10.3.1/../../../../arm-none-eabi/lib/thumb/v7-m/nofp/crt0.o (memset)

Discarded input sections

 .text          0x0000000000000000        0x0 f:/embedded system/6-stm 32/program ide  is installed/stm32cubeide_1.12.1/stm32cubeide/plugins/com.st.stm32cube.ide.mcu.externaltools.gnu-tools-for-stm32.10.3-2021.10.win32_1.0.200.202301161003/tools/bin/../lib/gcc/arm-none-eabi/10.3.1/thumb/v7-m/nofp/crti.o
 .data          0x0000000000000000        0x0 f:/embedded system/6-stm 32/program ide  is installed/stm32cubeide_1.12.1/stm32cubeide/plugins/com.st.stm32cube.ide.mcu.externaltools.gnu-tools-for-stm32.10.3-2021.10.win32_1.0.200.202301161003/tools/bin/../lib/gcc/arm-none-eabi/10.3.1/thumb/v7-m/nofp/crti.o
 .bss           0x0000000000000000        0x0 f:/embedded system/6-stm 32/program ide  is installed/stm32cubeide_1.12.1/stm32cubeide/plugins/com.st.stm32cube.ide.mcu.externaltools.gnu-tools-for-stm32.10.3-2021.10.win32_1.0.200.202301161003/tools/bin/../lib/gcc/arm-none-eabi/10.3.1/thumb/v7-m/nofp/crti.o
 .data          0x0000000000000000        0x4 f:/embedded system/6-stm 32/program ide  is installed/stm32cubeide_1.12.1/stm32cubeide/plugins/com.st.stm32cube.ide.mcu.externaltools.gnu-tools-for-stm32.10.3-2021.10.win32_1.0.200.202301161003/tools/bin/../lib/gcc/arm-none-eabi/10.3.1/thumb/v7-m/nofp/crtbegin.o
 .rodata        0x0000000000000000       0x24 f:/embedded system/6-stm 32/program ide  is installed/stm32cubeide_1.12.1/stm32cubeide/plugins/com.st.stm32cube.ide.mcu.externaltools.gnu-tools-for-stm32.10.3-2021.10.win32_1.0.200.202301161003/tools/bin/../lib/gcc/arm-none-eabi/10.3.1/thumb/v7-m/nofp/crtbegin.o
 .text          0x0000000000000000       0x7c f:/embedded system/6-stm 32/program ide  is installed/stm32cubeide_1.12.1/stm32cubeide/plugins/com.st.stm32cube.ide.mcu.externaltools.gnu-tools-for-stm32.10.3-2021.10.win32_1.0.200.202301161003/tools/bin/../lib/gcc/arm-none-eabi/10.3.1/../../../../arm-none-eabi/lib/thumb/v7-m/nofp/crt0.o
 .data          0x0000000000000000        0x0 f:/embedded system/6-stm 32/program ide  is installed/stm32cubeide_1.12.1/stm32cubeide/plugins/com.st.stm32cube.ide.mcu.externaltools.gnu-tools-for-stm32.10.3-2021.10.win32_1.0.200.202301161003/tools/bin/../lib/gcc/arm-none-eabi/10.3.1/../../../../arm-none-eabi/lib/thumb/v7-m/nofp/crt0.o
 .bss           0x0000000000000000        0x0 f:/embedded system/6-stm 32/program ide  is installed/stm32cubeide_1.12.1/stm32cubeide/plugins/com.st.stm32cube.ide.mcu.externaltools.gnu-tools-for-stm32.10.3-2021.10.win32_1.0.200.202301161003/tools/bin/../lib/gcc/arm-none-eabi/10.3.1/../../../../arm-none-eabi/lib/thumb/v7-m/nofp/crt0.o
 .ARM.extab     0x0000000000000000        0x0 f:/embedded system/6-stm 32/program ide  is installed/stm32cubeide_1.12.1/stm32cubeide/plugins/com.st.stm32cube.ide.mcu.externaltools.gnu-tools-for-stm32.10.3-2021.10.win32_1.0.200.202301161003/tools/bin/../lib/gcc/arm-none-eabi/10.3.1/../../../../arm-none-eabi/lib/thumb/v7-m/nofp/crt0.o
 .ARM.exidx     0x0000000000000000       0x10 f:/embedded system/6-stm 32/program ide  is installed/stm32cubeide_1.12.1/stm32cubeide/plugins/com.st.stm32cube.ide.mcu.externaltools.gnu-tools-for-stm32.10.3-2021.10.win32_1.0.200.202301161003/tools/bin/../lib/gcc/arm-none-eabi/10.3.1/../../../../arm-none-eabi/lib/thumb/v7-m/nofp/crt0.o
 .ARM.attributes
                0x0000000000000000       0x1b f:/embedded system/6-stm 32/program ide  is installed/stm32cubeide_1.12.1/stm32cubeide/plugins/com.st.stm32cube.ide.mcu.externaltools.gnu-tools-for-stm32.10.3-2021.10.win32_1.0.200.202301161003/tools/bin/../lib/gcc/arm-none-eabi/10.3.1/../../../../arm-none-eabi/lib/thumb/v7-m/nofp/crt0.o
 .group         0x0000000000000000        0xc ./STM32_F103C6_Drivers/MCAL_GPIO_DRIVER/stm32f103x8_gpio_driver.o
 .group         0x0000000000000000        0xc ./STM32_F103C6_Drivers/MCAL_GPIO_DRIVER/stm32f103x8_gpio_driver.o
 .group         0x0000000000000000        0xc ./STM32_F103C6_Drivers/MCAL_GPIO_DRIVER/stm32f103x8_gpio_driver.o
 .group         0x0000000000000000        0xc ./STM32_F103C6_Drivers/MCAL_GPIO_DRIVER/stm32f103x8_gpio_driver.o
 .group         0x0000000000000000        0xc ./STM32_F103C6_Drivers/MCAL_GPIO_DRIVER/stm32f103x8_gpio_driver.o
 .group         0x0000000000000000        0xc ./STM32_F103C6_Drivers/MCAL_GPIO_DRIVER/stm32f103x8_gpio_driver.o
 .group         0x0000000000000000        0xc ./STM32_F103C6_Drivers/MCAL_GPIO_DRIVER/stm32f103x8_gpio_driver.o
 .group         0x0000000000000000        0xc ./STM32_F103C6_Drivers/MCAL_GPIO_DRIVER/stm32f103x8_gpio_driver.o
 .group         0x0000000000000000        0xc ./STM32_F103C6_Drivers/MCAL_GPIO_DRIVER/stm32f103x8_gpio_driver.o
 .group         0x0000000000000000        0xc ./STM32_F103C6_Drivers/MCAL_GPIO_DRIVER/stm32f103x8_gpio_driver.o
 .group         0x0000000000000000        0xc ./STM32_F103C6_Drivers/MCAL_GPIO_DRIVER/stm32f103x8_gpio_driver.o
 .group         0x0000000000000000        0xc ./STM32_F103C6_Drivers/MCAL_GPIO_DRIVER/stm32f103x8_gpio_driver.o
 .group         0x0000000000000000        0xc ./STM32_F103C6_Drivers/MCAL_GPIO_DRIVER/stm32f103x8_gpio_driver.o
 .group         0x0000000000000000        0xc ./STM32_F103C6_Drivers/MCAL_GPIO_DRIVER/stm32f103x8_gpio_driver.o
 .group         0x0000000000000000        0xc ./STM32_F103C6_Drivers/MCAL_GPIO_DRIVER/stm32f103x8_gpio_driver.o
 .group         0x0000000000000000        0xc ./STM32_F103C6_Drivers/MCAL_GPIO_DRIVER/stm32f103x8_gpio_driver.o
 .group         0x0000000000000000        0xc ./STM32_F103C6_Drivers/MCAL_GPIO_DRIVER/stm32f103x8_gpio_driver.o
 .group         0x0000000000000000        0xc ./STM32_F103C6_Drivers/MCAL_GPIO_DRIVER/stm32f103x8_gpio_driver.o
 .group         0x0000000000000000        0xc ./STM32_F103C6_Drivers/MCAL_GPIO_DRIVER/stm32f103x8_gpio_driver.o
 .group         0x0000000000000000        0xc ./STM32_F103C6_Drivers/MCAL_GPIO_DRIVER/stm32f103x8_gpio_driver.o
 .group         0x0000000000000000        0xc ./STM32_F103C6_Drivers/MCAL_GPIO_DRIVER/stm32f103x8_gpio_driver.o
 .group         0x0000000000000000        0xc ./STM32_F103C6_Drivers/MCAL_GPIO_DRIVER/stm32f103x8_gpio_driver.o
 .group         0x0000000000000000        0xc ./STM32_F103C6_Drivers/MCAL_GPIO_DRIVER/stm32f103x8_gpio_driver.o
 .group         0x0000000000000000        0xc ./STM32_F103C6_Drivers/MCAL_GPIO_DRIVER/stm32f103x8_gpio_driver.o
 .group         0x0000000000000000        0xc ./STM32_F103C6_Drivers/MCAL_GPIO_DRIVER/stm32f103x8_gpio_driver.o
 .group         0x0000000000000000        0xc ./STM32_F103C6_Drivers/MCAL_GPIO_DRIVER/stm32f103x8_gpio_driver.o
 .group         0x0000000000000000        0xc ./STM32_F103C6_Drivers/MCAL_GPIO_DRIVER/stm32f103x8_gpio_driver.o
 .group         0x0000000000000000        0xc ./STM32_F103C6_Drivers/MCAL_GPIO_DRIVER/stm32f103x8_gpio_driver.o
 .group         0x0000000000000000        0xc ./STM32_F103C6_Drivers/MCAL_GPIO_DRIVER/stm32f103x8_gpio_driver.o
 .group         0x0000000000000000        0xc ./STM32_F103C6_Drivers/MCAL_GPIO_DRIVER/stm32f103x8_gpio_driver.o
 .group         0x0000000000000000        0xc ./STM32_F103C6_Drivers/MCAL_GPIO_DRIVER/stm32f103x8_gpio_driver.o
 .group         0x0000000000000000        0xc ./STM32_F103C6_Drivers/MCAL_GPIO_DRIVER/stm32f103x8_gpio_driver.o
 .group         0x0000000000000000        0xc ./STM32_F103C6_Drivers/MCAL_GPIO_DRIVER/stm32f103x8_gpio_driver.o
 .group         0x0000000000000000        0xc ./STM32_F103C6_Drivers/MCAL_GPIO_DRIVER/stm32f103x8_gpio_driver.o
 .group         0x0000000000000000        0xc ./STM32_F103C6_Drivers/MCAL_GPIO_DRIVER/stm32f103x8_gpio_driver.o
 .group         0x0000000000000000        0xc ./STM32_F103C6_Drivers/MCAL_GPIO_DRIVER/stm32f103x8_gpio_driver.o
 .group         0x0000000000000000        0xc ./STM32_F103C6_Drivers/MCAL_GPIO_DRIVER/stm32f103x8_gpio_driver.o
 .group         0x0000000000000000        0xc ./STM32_F103C6_Drivers/MCAL_GPIO_DRIVER/stm32f103x8_gpio_driver.o
 .group         0x0000000000000000        0xc ./STM32_F103C6_Drivers/MCAL_GPIO_DRIVER/stm32f103x8_gpio_driver.o
 .text          0x0000000000000000        0x0 ./STM32_F103C6_Drivers/MCAL_GPIO_DRIVER/stm32f103x8_gpio_driver.o
 .data          0x0000000000000000        0x0 ./STM32_F103C6_Drivers/MCAL_GPIO_DRIVER/stm32f103x8_gpio_driver.o
 .bss           0x0000000000000000        0x0 ./STM32_F103C6_Drivers/MCAL_GPIO_DRIVER/stm32f103x8_gpio_driver.o
 .text.MCAL_GPIO_Diable_ClocK
                0x0000000000000000       0x7c ./STM32_F103C6_Drivers/MCAL_GPIO_DRIVER/stm32f103x8_gpio_driver.o
 .text.MCAL_GPIO_DInit
                0x0000000000000000       0xac ./STM32_F103C6_Drivers/MCAL_GPIO_DRIVER/stm32f103x8_gpio_driver.o
 .text.MCAL_GPIO_ReadPort
                0x0000000000000000       0x18 ./STM32_F103C6_Drivers/MCAL_GPIO_DRIVER/stm32f103x8_gpio_driver.o
 .text.MCAL_GPIO_WritePin
                0x0000000000000000       0x32 ./STM32_F103C6_Drivers/MCAL_GPIO_DRIVER/stm32f103x8_gpio_driver.o
 .text.MCAL_GPIO_WritePort
                0x0000000000000000       0x1c ./STM32_F103C6_Drivers/MCAL_GPIO_DRIVER/stm32f103x8_gpio_driver.o
 .text.MCAL_GPIO_LockPin
                0x0000000000000000       0x60 ./STM32_F103C6_Drivers/MCAL_GPIO_DRIVER/stm32f103x8_gpio_driver.o
 .group         0x0000000000000000        0xc ./Src/main.o
 .group         0x0000000000000000        0xc ./Src/main.o
 .group         0x0000000000000000        0xc ./Src/main.o
 .group         0x0000000000000000        0xc ./Src/main.o
 .group         0x0000000000000000        0xc ./Src/main.o
 .group         0x0000000000000000        0xc ./Src/main.o
 .group         0x0000000000000000        0xc ./Src/main.o
 .group         0x0000000000000000        0xc ./Src/main.o
 .group         0x0000000000000000        0xc ./Src/main.o
 .group         0x0000000000000000        0xc ./Src/main.o
 .group         0x0000000000000000        0xc ./Src/main.o
 .group         0x0000000000000000        0xc ./Src/main.o
 .group         0x0000000000000000        0xc ./Src/main.o
 .group         0x0000000000000000        0xc ./Src/main.o
 .group         0x0000000000000000        0xc ./Src/main.o
 .group         0x0000000000000000        0xc ./Src/main.o
 .group         0x0000000000000000        0xc ./Src/main.o
 .group         0x0000000000000000        0xc ./Src/main.o
 .group         0x0000000000000000        0xc ./Src/main.o
 .group         0x0000000000000000        0xc ./Src/main.o
 .group         0x0000000000000000        0xc ./Src/main.o
 .group         0x0000000000000000        0xc ./Src/main.o
 .group         0x0000000000000000        0xc ./Src/main.o
 .group         0x0000000000000000        0xc ./Src/main.o
 .group         0x0000000000000000        0xc ./Src/main.o
 .group         0x0000000000000000        0xc ./Src/main.o
 .group         0x0000000000000000        0xc ./Src/main.o
 .group         0x0000000000000000        0xc ./Src/main.o
 .group         0x0000000000000000        0xc ./Src/main.o
 .group         0x0000000000000000        0xc ./Src/main.o
 .group         0x0000000000000000        0xc ./Src/main.o
 .group         0x0000000000000000        0xc ./Src/main.o
 .group         0x0000000000000000        0xc ./Src/main.o
 .group         0x0000000000000000        0xc ./Src/main.o
 .group         0x0000000000000000        0xc ./Src/main.o
 .group         0x0000000000000000        0xc ./Src/main.o
 .group         0x0000000000000000        0xc ./Src/main.o
 .group         0x0000000000000000        0xc ./Src/main.o
 .group         0x0000000000000000        0xc ./Src/main.o
 .text          0x0000000000000000        0x0 ./Src/main.o
 .data          0x0000000000000000        0x0 ./Src/main.o
 .bss           0x0000000000000000        0x0 ./Src/main.o
 .debug_macro   0x0000000000000000      0xa72 ./Src/main.o
 .debug_macro   0x0000000000000000       0x22 ./Src/main.o
 .debug_macro   0x0000000000000000       0x4c ./Src/main.o
 .debug_macro   0x0000000000000000       0x18 ./Src/main.o
 .debug_macro   0x0000000000000000       0x94 ./Src/main.o
 .debug_macro   0x0000000000000000       0x3c ./Src/main.o
 .debug_macro   0x0000000000000000       0x34 ./Src/main.o
 .debug_macro   0x0000000000000000       0x16 ./Src/main.o
 .debug_macro   0x0000000000000000       0x57 ./Src/main.o
 .debug_macro   0x0000000000000000       0x97 ./Src/main.o
 .debug_macro   0x0000000000000000      0x341 ./Src/main.o
 .debug_macro   0x0000000000000000       0xfd ./Src/main.o
 .debug_macro   0x0000000000000000       0x10 ./Src/main.o
 .debug_macro   0x0000000000000000       0x16 ./Src/main.o
 .debug_macro   0x0000000000000000       0x43 ./Src/main.o
 .debug_macro   0x0000000000000000       0x34 ./Src/main.o
 .debug_macro   0x0000000000000000       0x10 ./Src/main.o
 .debug_macro   0x0000000000000000       0x58 ./Src/main.o
 .debug_macro   0x0000000000000000       0x71 ./Src/main.o
 .debug_macro   0x0000000000000000       0x1c ./Src/main.o
 .debug_macro   0x0000000000000000      0x12a ./Src/main.o
 .debug_macro   0x0000000000000000       0x10 ./Src/main.o
 .debug_macro   0x0000000000000000       0x6a ./Src/main.o
 .debug_macro   0x0000000000000000       0x1c ./Src/main.o
 .debug_macro   0x0000000000000000       0x52 ./Src/main.o
 .debug_macro   0x0000000000000000       0x22 ./Src/main.o
 .debug_macro   0x0000000000000000       0x10 ./Src/main.o
 .debug_macro   0x0000000000000000       0x52 ./Src/main.o
 .debug_macro   0x0000000000000000       0xd5 ./Src/main.o
 .debug_macro   0x0000000000000000       0x1c ./Src/main.o
 .debug_macro   0x0000000000000000       0x3d ./Src/main.o
 .debug_macro   0x0000000000000000       0x16 ./Src/main.o
 .debug_macro   0x0000000000000000      0x145 ./Src/main.o
 .debug_macro   0x0000000000000000       0x16 ./Src/main.o
 .debug_macro   0x0000000000000000       0x35 ./Src/main.o
 .debug_macro   0x0000000000000000       0x16 ./Src/main.o
 .debug_macro   0x0000000000000000       0x29 ./Src/main.o
 .debug_macro   0x0000000000000000       0xd0 ./Src/main.o
 .debug_macro   0x0000000000000000       0xd0 ./Src/main.o
 .group         0x0000000000000000        0xc ./Src/syscalls.o
 .group         0x0000000000000000        0xc ./Src/syscalls.o
 .group         0x0000000000000000        0xc ./Src/syscalls.o
 .group         0x0000000000000000        0xc ./Src/syscalls.o
 .group         0x0000000000000000        0xc ./Src/syscalls.o
 .group         0x0000000000000000        0xc ./Src/syscalls.o
 .group         0x0000000000000000        0xc ./Src/syscalls.o
 .group         0x0000000000000000        0xc ./Src/syscalls.o
 .group         0x0000000000000000        0xc ./Src/syscalls.o
 .group         0x0000000000000000        0xc ./Src/syscalls.o
 .group         0x0000000000000000        0xc ./Src/syscalls.o
 .group         0x0000000000000000        0xc ./Src/syscalls.o
 .group         0x0000000000000000        0xc ./Src/syscalls.o
 .group         0x0000000000000000        0xc ./Src/syscalls.o
 .group         0x0000000000000000        0xc ./Src/syscalls.o
 .group         0x0000000000000000        0xc ./Src/syscalls.o
 .group         0x0000000000000000        0xc ./Src/syscalls.o
 .group         0x0000000000000000        0xc ./Src/syscalls.o
 .group         0x0000000000000000        0xc ./Src/syscalls.o
 .group         0x0000000000000000        0xc ./Src/syscalls.o
 .group         0x0000000000000000        0xc ./Src/syscalls.o
 .group         0x0000000000000000        0xc ./Src/syscalls.o
 .group         0x0000000000000000        0xc ./Src/syscalls.o
 .group         0x0000000000000000        0xc ./Src/syscalls.o
 .group         0x0000000000000000        0xc ./Src/syscalls.o
 .group         0x0000000000000000        0xc ./Src/syscalls.o
 .group         0x0000000000000000        0xc ./Src/syscalls.o
 .group         0x0000000000000000        0xc ./Src/syscalls.o
 .group         0x0000000000000000        0xc ./Src/syscalls.o
 .group         0x0000000000000000        0xc ./Src/syscalls.o
 .group         0x0000000000000000        0xc ./Src/syscalls.o
 .group         0x0000000000000000        0xc ./Src/syscalls.o
 .group         0x0000000000000000        0xc ./Src/syscalls.o
 .group         0x0000000000000000        0xc ./Src/syscalls.o
 .group         0x0000000000000000        0xc ./Src/syscalls.o
 .group         0x0000000000000000        0xc ./Src/syscalls.o
 .group         0x0000000000000000        0xc ./Src/syscalls.o
 .group         0x0000000000000000        0xc ./Src/syscalls.o
 .group         0x0000000000000000        0xc ./Src/syscalls.o
 .group         0x0000000000000000        0xc ./Src/syscalls.o
 .group         0x0000000000000000        0xc ./Src/syscalls.o
 .group         0x0000000000000000        0xc ./Src/syscalls.o
 .group         0x0000000000000000        0xc ./Src/syscalls.o
 .group         0x0000000000000000        0xc ./Src/syscalls.o
 .group         0x0000000000000000        0xc ./Src/syscalls.o
 .group         0x0000000000000000        0xc ./Src/syscalls.o
 .group         0x0000000000000000        0xc ./Src/syscalls.o
 .text          0x0000000000000000        0x0 ./Src/syscalls.o
 .data          0x0000000000000000        0x0 ./Src/syscalls.o
 .bss           0x0000000000000000        0x0 ./Src/syscalls.o
 .bss.__env     0x0000000000000000        0x4 ./Src/syscalls.o
 .data.environ  0x0000000000000000        0x4 ./Src/syscalls.o
 .text.initialise_monitor_handles
                0x0000000000000000        0xc ./Src/syscalls.o
 .text._getpid  0x0000000000000000        0xe ./Src/syscalls.o
 .text._kill    0x0000000000000000       0x20 ./Src/syscalls.o
 .text._exit    0x0000000000000000       0x14 ./Src/syscalls.o
 .text._read    0x0000000000000000       0x3a ./Src/syscalls.o
 .text._write   0x0000000000000000       0x38 ./Src/syscalls.o
 .text._close   0x0000000000000000       0x16 ./Src/syscalls.o
 .text._fstat   0x0000000000000000       0x1e ./Src/syscalls.o
 .text._isatty  0x0000000000000000       0x14 ./Src/syscalls.o
 .text._lseek   0x0000000000000000       0x18 ./Src/syscalls.o
 .text._open    0x0000000000000000       0x1a ./Src/syscalls.o
 .text._wait    0x0000000000000000       0x1e ./Src/syscalls.o
 .text._unlink  0x0000000000000000       0x1e ./Src/syscalls.o
 .text._times   0x0000000000000000       0x16 ./Src/syscalls.o
 .text._stat    0x0000000000000000       0x1e ./Src/syscalls.o
 .text._link    0x0000000000000000       0x20 ./Src/syscalls.o
 .text._fork    0x0000000000000000       0x16 ./Src/syscalls.o
 .text._execve  0x0000000000000000       0x22 ./Src/syscalls.o
 .debug_info    0x0000000000000000      0x771 ./Src/syscalls.o
 .debug_abbrev  0x0000000000000000      0x1b5 ./Src/syscalls.o
 .debug_loc     0x0000000000000000      0x5b8 ./Src/syscalls.o
 .debug_aranges
                0x0000000000000000       0xa8 ./Src/syscalls.o
 .debug_ranges  0x0000000000000000       0x98 ./Src/syscalls.o
 .debug_macro   0x0000000000000000      0x24c ./Src/syscalls.o
 .debug_macro   0x0000000000000000      0xa72 ./Src/syscalls.o
 .debug_macro   0x0000000000000000       0x22 ./Src/syscalls.o
 .debug_macro   0x0000000000000000       0x4c ./Src/syscalls.o
 .debug_macro   0x0000000000000000       0x18 ./Src/syscalls.o
 .debug_macro   0x0000000000000000       0x94 ./Src/syscalls.o
 .debug_macro   0x0000000000000000       0x3c ./Src/syscalls.o
 .debug_macro   0x0000000000000000       0x34 ./Src/syscalls.o
 .debug_macro   0x0000000000000000       0x57 ./Src/syscalls.o
 .debug_macro   0x0000000000000000      0x174 ./Src/syscalls.o
 .debug_macro   0x0000000000000000      0x341 ./Src/syscalls.o
 .debug_macro   0x0000000000000000       0x16 ./Src/syscalls.o
 .debug_macro   0x0000000000000000       0x43 ./Src/syscalls.o
 .debug_macro   0x0000000000000000       0x34 ./Src/syscalls.o
 .debug_macro   0x0000000000000000       0x10 ./Src/syscalls.o
 .debug_macro   0x0000000000000000       0x58 ./Src/syscalls.o
 .debug_macro   0x0000000000000000       0x71 ./Src/syscalls.o
 .debug_macro   0x0000000000000000       0x1c ./Src/syscalls.o
 .debug_macro   0x0000000000000000      0x12a ./Src/syscalls.o
 .debug_macro   0x0000000000000000       0x10 ./Src/syscalls.o
 .debug_macro   0x0000000000000000       0x35 ./Src/syscalls.o
 .debug_macro   0x0000000000000000       0x10 ./Src/syscalls.o
 .debug_macro   0x0000000000000000       0x10 ./Src/syscalls.o
 .debug_macro   0x0000000000000000       0x10 ./Src/syscalls.o
 .debug_macro   0x0000000000000000       0x6a ./Src/syscalls.o
 .debug_macro   0x0000000000000000       0x1c ./Src/syscalls.o
 .debug_macro   0x0000000000000000       0x52 ./Src/syscalls.o
 .debug_macro   0x0000000000000000       0x22 ./Src/syscalls.o
 .debug_macro   0x0000000000000000       0x10 ./Src/syscalls.o
 .debug_macro   0x0000000000000000       0x52 ./Src/syscalls.o
 .debug_macro   0x0000000000000000       0xd5 ./Src/syscalls.o
 .debug_macro   0x0000000000000000       0x1c ./Src/syscalls.o
 .debug_macro   0x0000000000000000       0x3d ./Src/syscalls.o
 .debug_macro   0x0000000000000000       0x35 ./Src/syscalls.o
 .debug_macro   0x0000000000000000      0x12c ./Src/syscalls.o
 .debug_macro   0x0000000000000000       0x16 ./Src/syscalls.o
 .debug_macro   0x0000000000000000       0x16 ./Src/syscalls.o
 .debug_macro   0x0000000000000000       0x29 ./Src/syscalls.o
 .debug_macro   0x0000000000000000       0x10 ./Src/syscalls.o
 .debug_macro   0x0000000000000000      0x241 ./Src/syscalls.o
 .debug_macro   0x0000000000000000       0x1c ./Src/syscalls.o
 .debug_macro   0x0000000000000000       0x10 ./Src/syscalls.o
 .debug_macro   0x0000000000000000       0x10 ./Src/syscalls.o
 .debug_macro   0x0000000000000000       0x16 ./Src/syscalls.o
 .debug_macro   0x0000000000000000      0x145 ./Src/syscalls.o
 .debug_macro   0x0000000000000000      0x189 ./Src/syscalls.o
 .debug_macro   0x0000000000000000       0x16 ./Src/syscalls.o
 .debug_macro   0x0000000000000000       0xce ./Src/syscalls.o
 .debug_line    0x0000000000000000      0x979 ./Src/syscalls.o
 .debug_str     0x0000000000000000     0x8a72 ./Src/syscalls.o
 .comment       0x0000000000000000       0x51 ./Src/syscalls.o
 .debug_frame   0x0000000000000000      0x2ac ./Src/syscalls.o
 .ARM.attributes
                0x0000000000000000       0x2d ./Src/syscalls.o
 .group         0x0000000000000000        0xc ./Src/sysmem.o
 .group         0x0000000000000000        0xc ./Src/sysmem.o
 .group         0x0000000000000000        0xc ./Src/sysmem.o
 .group         0x0000000000000000        0xc ./Src/sysmem.o
 .group         0x0000000000000000        0xc ./Src/sysmem.o
 .group         0x0000000000000000        0xc ./Src/sysmem.o
 .group         0x0000000000000000        0xc ./Src/sysmem.o
 .group         0x0000000000000000        0xc ./Src/sysmem.o
 .group         0x0000000000000000        0xc ./Src/sysmem.o
 .group         0x0000000000000000        0xc ./Src/sysmem.o
 .group         0x0000000000000000        0xc ./Src/sysmem.o
 .group         0x0000000000000000        0xc ./Src/sysmem.o
 .group         0x0000000000000000        0xc ./Src/sysmem.o
 .group         0x0000000000000000        0xc ./Src/sysmem.o
 .group         0x0000000000000000        0xc ./Src/sysmem.o
 .group         0x0000000000000000        0xc ./Src/sysmem.o
 .group         0x0000000000000000        0xc ./Src/sysmem.o
 .group         0x0000000000000000        0xc ./Src/sysmem.o
 .group         0x0000000000000000        0xc ./Src/sysmem.o
 .group         0x0000000000000000        0xc ./Src/sysmem.o
 .group         0x0000000000000000        0xc ./Src/sysmem.o
 .group         0x0000000000000000        0xc ./Src/sysmem.o
 .text          0x0000000000000000        0x0 ./Src/sysmem.o
 .data          0x0000000000000000        0x0 ./Src/sysmem.o
 .bss           0x0000000000000000        0x0 ./Src/sysmem.o
 .bss.__sbrk_heap_end
                0x0000000000000000        0x4 ./Src/sysmem.o
 .text._sbrk    0x0000000000000000       0x6c ./Src/sysmem.o
 .debug_info    0x0000000000000000      0x183 ./Src/sysmem.o
 .debug_abbrev  0x0000000000000000       0xbd ./Src/sysmem.o
 .debug_loc     0x0000000000000000       0x50 ./Src/sysmem.o
 .debug_aranges
                0x0000000000000000       0x20 ./Src/sysmem.o
 .debug_ranges  0x0000000000000000       0x10 ./Src/sysmem.o
 .debug_macro   0x0000000000000000       0xff ./Src/sysmem.o
 .debug_macro   0x0000000000000000      0xa72 ./Src/sysmem.o
 .debug_macro   0x0000000000000000       0x10 ./Src/sysmem.o
 .debug_macro   0x0000000000000000       0x22 ./Src/sysmem.o
 .debug_macro   0x0000000000000000       0x4c ./Src/sysmem.o
 .debug_macro   0x0000000000000000       0x18 ./Src/sysmem.o
 .debug_macro   0x0000000000000000       0x94 ./Src/sysmem.o
 .debug_macro   0x0000000000000000       0x3c ./Src/sysmem.o
 .debug_macro   0x0000000000000000       0x34 ./Src/sysmem.o
 .debug_macro   0x0000000000000000      0x174 ./Src/sysmem.o
 .debug_macro   0x0000000000000000       0x16 ./Src/sysmem.o
 .debug_macro   0x0000000000000000       0x43 ./Src/sysmem.o
 .debug_macro   0x0000000000000000       0x57 ./Src/sysmem.o
 .debug_macro   0x0000000000000000       0x34 ./Src/sysmem.o
 .debug_macro   0x0000000000000000       0x10 ./Src/sysmem.o
 .debug_macro   0x0000000000000000       0x58 ./Src/sysmem.o
 .debug_macro   0x0000000000000000       0x71 ./Src/sysmem.o
 .debug_macro   0x0000000000000000       0x1c ./Src/sysmem.o
 .debug_macro   0x0000000000000000      0x12a ./Src/sysmem.o
 .debug_macro   0x0000000000000000      0x23b ./Src/sysmem.o
 .debug_macro   0x0000000000000000      0x103 ./Src/sysmem.o
 .debug_macro   0x0000000000000000       0x6a ./Src/sysmem.o
 .debug_macro   0x0000000000000000      0x1df ./Src/sysmem.o
 .debug_line    0x0000000000000000      0x66f ./Src/sysmem.o
 .debug_str     0x0000000000000000     0x5dae ./Src/sysmem.o
 .comment       0x0000000000000000       0x51 ./Src/sysmem.o
 .debug_frame   0x0000000000000000       0x34 ./Src/sysmem.o
 .ARM.attributes
                0x0000000000000000       0x2d ./Src/sysmem.o
 .text          0x0000000000000000       0x14 ./Startup/startup_stm32f103c6tx.o
 .data          0x0000000000000000        0x0 ./Startup/startup_stm32f103c6tx.o
 .bss           0x0000000000000000        0x0 ./Startup/startup_stm32f103c6tx.o
 .text          0x0000000000000000        0x0 f:/embedded system/6-stm 32/program ide  is installed/stm32cubeide_1.12.1/stm32cubeide/plugins/com.st.stm32cube.ide.mcu.externaltools.gnu-tools-for-stm32.10.3-2021.10.win32_1.0.200.202301161003/tools/bin/../lib/gcc/arm-none-eabi/10.3.1/../../../../arm-none-eabi/lib/thumb/v7-m/nofp\libc_nano.a(lib_a-errno.o)
 .data          0x0000000000000000        0x0 f:/embedded system/6-stm 32/program ide  is installed/stm32cubeide_1.12.1/stm32cubeide/plugins/com.st.stm32cube.ide.mcu.externaltools.gnu-tools-for-stm32.10.3-2021.10.win32_1.0.200.202301161003/tools/bin/../lib/gcc/arm-none-eabi/10.3.1/../../../../arm-none-eabi/lib/thumb/v7-m/nofp\libc_nano.a(lib_a-errno.o)
 .bss           0x0000000000000000        0x0 f:/embedded system/6-stm 32/program ide  is installed/stm32cubeide_1.12.1/stm32cubeide/plugins/com.st.stm32cube.ide.mcu.externaltools.gnu-tools-for-stm32.10.3-2021.10.win32_1.0.200.202301161003/tools/bin/../lib/gcc/arm-none-eabi/10.3.1/../../../../arm-none-eabi/lib/thumb/v7-m/nofp\libc_nano.a(lib_a-errno.o)
 .text.__errno  0x0000000000000000        0xc f:/embedded system/6-stm 32/program ide  is installed/stm32cubeide_1.12.1/stm32cubeide/plugins/com.st.stm32cube.ide.mcu.externaltools.gnu-tools-for-stm32.10.3-2021.10.win32_1.0.200.202301161003/tools/bin/../lib/gcc/arm-none-eabi/10.3.1/../../../../arm-none-eabi/lib/thumb/v7-m/nofp\libc_nano.a(lib_a-errno.o)
 .debug_frame   0x0000000000000000       0x20 f:/embedded system/6-stm 32/program ide  is installed/stm32cubeide_1.12.1/stm32cubeide/plugins/com.st.stm32cube.ide.mcu.externaltools.gnu-tools-for-stm32.10.3-2021.10.win32_1.0.200.202301161003/tools/bin/../lib/gcc/arm-none-eabi/10.3.1/../../../../arm-none-eabi/lib/thumb/v7-m/nofp\libc_nano.a(lib_a-errno.o)
 .ARM.attributes
                0x0000000000000000       0x2d f:/embedded system/6-stm 32/program ide  is installed/stm32cubeide_1.12.1/stm32cubeide/plugins/com.st.stm32cube.ide.mcu.externaltools.gnu-tools-for-stm32.10.3-2021.10.win32_1.0.200.202301161003/tools/bin/../lib/gcc/arm-none-eabi/10.3.1/../../../../arm-none-eabi/lib/thumb/v7-m/nofp\libc_nano.a(lib_a-errno.o)
 .text          0x0000000000000000        0x0 f:/embedded system/6-stm 32/program ide  is installed/stm32cubeide_1.12.1/stm32cubeide/plugins/com.st.stm32cube.ide.mcu.externaltools.gnu-tools-for-stm32.10.3-2021.10.win32_1.0.200.202301161003/tools/bin/../lib/gcc/arm-none-eabi/10.3.1/../../../../arm-none-eabi/lib/thumb/v7-m/nofp\libc_nano.a(lib_a-exit.o)
 .data          0x0000000000000000        0x0 f:/embedded system/6-stm 32/program ide  is installed/stm32cubeide_1.12.1/stm32cubeide/plugins/com.st.stm32cube.ide.mcu.externaltools.gnu-tools-for-stm32.10.3-2021.10.win32_1.0.200.202301161003/tools/bin/../lib/gcc/arm-none-eabi/10.3.1/../../../../arm-none-eabi/lib/thumb/v7-m/nofp\libc_nano.a(lib_a-exit.o)
 .bss           0x0000000000000000        0x0 f:/embedded system/6-stm 32/program ide  is installed/stm32cubeide_1.12.1/stm32cubeide/plugins/com.st.stm32cube.ide.mcu.externaltools.gnu-tools-for-stm32.10.3-2021.10.win32_1.0.200.202301161003/tools/bin/../lib/gcc/arm-none-eabi/10.3.1/../../../../arm-none-eabi/lib/thumb/v7-m/nofp\libc_nano.a(lib_a-exit.o)
 .text.exit     0x0000000000000000       0x28 f:/embedded system/6-stm 32/program ide  is installed/stm32cubeide_1.12.1/stm32cubeide/plugins/com.st.stm32cube.ide.mcu.externaltools.gnu-tools-for-stm32.10.3-2021.10.win32_1.0.200.202301161003/tools/bin/../lib/gcc/arm-none-eabi/10.3.1/../../../../arm-none-eabi/lib/thumb/v7-m/nofp\libc_nano.a(lib_a-exit.o)
 .debug_frame   0x0000000000000000       0x28 f:/embedded system/6-stm 32/program ide  is installed/stm32cubeide_1.12.1/stm32cubeide/plugins/com.st.stm32cube.ide.mcu.externaltools.gnu-tools-for-stm32.10.3-2021.10.win32_1.0.200.202301161003/tools/bin/../lib/gcc/arm-none-eabi/10.3.1/../../../../arm-none-eabi/lib/thumb/v7-m/nofp\libc_nano.a(lib_a-exit.o)
 .ARM.attributes
                0x0000000000000000       0x2d f:/embedded system/6-stm 32/program ide  is installed/stm32cubeide_1.12.1/stm32cubeide/plugins/com.st.stm32cube.ide.mcu.externaltools.gnu-tools-for-stm32.10.3-2021.10.win32_1.0.200.202301161003/tools/bin/../lib/gcc/arm-none-eabi/10.3.1/../../../../arm-none-eabi/lib/thumb/v7-m/nofp\libc_nano.a(lib_a-exit.o)
 .text          0x0000000000000000        0x0 f:/embedded system/6-stm 32/program ide  is installed/stm32cubeide_1.12.1/stm32cubeide/plugins/com.st.stm32cube.ide.mcu.externaltools.gnu-tools-for-stm32.10.3-2021.10.win32_1.0.200.202301161003/tools/bin/../lib/gcc/arm-none-eabi/10.3.1/../../../../arm-none-eabi/lib/thumb/v7-m/nofp\libc_nano.a(lib_a-impure.o)
 .data          0x0000000000000000        0x0 f:/embedded system/6-stm 32/program ide  is installed/stm32cubeide_1.12.1/stm32cubeide/plugins/com.st.stm32cube.ide.mcu.externaltools.gnu-tools-for-stm32.10.3-2021.10.win32_1.0.200.202301161003/tools/bin/../lib/gcc/arm-none-eabi/10.3.1/../../../../arm-none-eabi/lib/thumb/v7-m/nofp\libc_nano.a(lib_a-impure.o)
 .bss           0x0000000000000000        0x0 f:/embedded system/6-stm 32/program ide  is installed/stm32cubeide_1.12.1/stm32cubeide/plugins/com.st.stm32cube.ide.mcu.externaltools.gnu-tools-for-stm32.10.3-2021.10.win32_1.0.200.202301161003/tools/bin/../lib/gcc/arm-none-eabi/10.3.1/../../../../arm-none-eabi/lib/thumb/v7-m/nofp\libc_nano.a(lib_a-impure.o)
 .data._impure_ptr
                0x0000000000000000        0x4 f:/embedded system/6-stm 32/program ide  is installed/stm32cubeide_1.12.1/stm32cubeide/plugins/com.st.stm32cube.ide.mcu.externaltools.gnu-tools-for-stm32.10.3-2021.10.win32_1.0.200.202301161003/tools/bin/../lib/gcc/arm-none-eabi/10.3.1/../../../../arm-none-eabi/lib/thumb/v7-m/nofp\libc_nano.a(lib_a-impure.o)
 .data.impure_data
                0x0000000000000000       0x60 f:/embedded system/6-stm 32/program ide  is installed/stm32cubeide_1.12.1/stm32cubeide/plugins/com.st.stm32cube.ide.mcu.externaltools.gnu-tools-for-stm32.10.3-2021.10.win32_1.0.200.202301161003/tools/bin/../lib/gcc/arm-none-eabi/10.3.1/../../../../arm-none-eabi/lib/thumb/v7-m/nofp\libc_nano.a(lib_a-impure.o)
 .rodata._global_impure_ptr
                0x0000000000000000        0x4 f:/embedded system/6-stm 32/program ide  is installed/stm32cubeide_1.12.1/stm32cubeide/plugins/com.st.stm32cube.ide.mcu.externaltools.gnu-tools-for-stm32.10.3-2021.10.win32_1.0.200.202301161003/tools/bin/../lib/gcc/arm-none-eabi/10.3.1/../../../../arm-none-eabi/lib/thumb/v7-m/nofp\libc_nano.a(lib_a-impure.o)
 .ARM.attributes
                0x0000000000000000       0x2d f:/embedded system/6-stm 32/program ide  is installed/stm32cubeide_1.12.1/stm32cubeide/plugins/com.st.stm32cube.ide.mcu.externaltools.gnu-tools-for-stm32.10.3-2021.10.win32_1.0.200.202301161003/tools/bin/../lib/gcc/arm-none-eabi/10.3.1/../../../../arm-none-eabi/lib/thumb/v7-m/nofp\libc_nano.a(lib_a-impure.o)
 .text          0x0000000000000000        0x0 f:/embedded system/6-stm 32/program ide  is installed/stm32cubeide_1.12.1/stm32cubeide/plugins/com.st.stm32cube.ide.mcu.externaltools.gnu-tools-for-stm32.10.3-2021.10.win32_1.0.200.202301161003/tools/bin/../lib/gcc/arm-none-eabi/10.3.1/../../../../arm-none-eabi/lib/thumb/v7-m/nofp\libc_nano.a(lib_a-init.o)
 .data          0x0000000000000000        0x0 f:/embedded system/6-stm 32/program ide  is installed/stm32cubeide_1.12.1/stm32cubeide/plugins/com.st.stm32cube.ide.mcu.externaltools.gnu-tools-for-stm32.10.3-2021.10.win32_1.0.200.202301161003/tools/bin/../lib/gcc/arm-none-eabi/10.3.1/../../../../arm-none-eabi/lib/thumb/v7-m/nofp\libc_nano.a(lib_a-init.o)
 .bss           0x0000000000000000        0x0 f:/embedded system/6-stm 32/program ide  is installed/stm32cubeide_1.12.1/stm32cubeide/plugins/com.st.stm32cube.ide.mcu.externaltools.gnu-tools-for-stm32.10.3-2021.10.win32_1.0.200.202301161003/tools/bin/../lib/gcc/arm-none-eabi/10.3.1/../../../../arm-none-eabi/lib/thumb/v7-m/nofp\libc_nano.a(lib_a-init.o)
 .text          0x0000000000000000        0x0 f:/embedded system/6-stm 32/program ide  is installed/stm32cubeide_1.12.1/stm32cubeide/plugins/com.st.stm32cube.ide.mcu.externaltools.gnu-tools-for-stm32.10.3-2021.10.win32_1.0.200.202301161003/tools/bin/../lib/gcc/arm-none-eabi/10.3.1/../../../../arm-none-eabi/lib/thumb/v7-m/nofp\libc_nano.a(lib_a-memset.o)
 .data          0x0000000000000000        0x0 f:/embedded system/6-stm 32/program ide  is installed/stm32cubeide_1.12.1/stm32cubeide/plugins/com.st.stm32cube.ide.mcu.externaltools.gnu-tools-for-stm32.10.3-2021.10.win32_1.0.200.202301161003/tools/bin/../lib/gcc/arm-none-eabi/10.3.1/../../../../arm-none-eabi/lib/thumb/v7-m/nofp\libc_nano.a(lib_a-memset.o)
 .bss           0x0000000000000000        0x0 f:/embedded system/6-stm 32/program ide  is installed/stm32cubeide_1.12.1/stm32cubeide/plugins/com.st.stm32cube.ide.mcu.externaltools.gnu-tools-for-stm32.10.3-2021.10.win32_1.0.200.202301161003/tools/bin/../lib/gcc/arm-none-eabi/10.3.1/../../../../arm-none-eabi/lib/thumb/v7-m/nofp\libc_nano.a(lib_a-memset.o)
 .text.memset   0x0000000000000000       0x10 f:/embedded system/6-stm 32/program ide  is installed/stm32cubeide_1.12.1/stm32cubeide/plugins/com.st.stm32cube.ide.mcu.externaltools.gnu-tools-for-stm32.10.3-2021.10.win32_1.0.200.202301161003/tools/bin/../lib/gcc/arm-none-eabi/10.3.1/../../../../arm-none-eabi/lib/thumb/v7-m/nofp\libc_nano.a(lib_a-memset.o)
 .debug_frame   0x0000000000000000       0x20 f:/embedded system/6-stm 32/program ide  is installed/stm32cubeide_1.12.1/stm32cubeide/plugins/com.st.stm32cube.ide.mcu.externaltools.gnu-tools-for-stm32.10.3-2021.10.win32_1.0.200.202301161003/tools/bin/../lib/gcc/arm-none-eabi/10.3.1/../../../../arm-none-eabi/lib/thumb/v7-m/nofp\libc_nano.a(lib_a-memset.o)
 .ARM.attributes
                0x0000000000000000       0x2d f:/embedded system/6-stm 32/program ide  is installed/stm32cubeide_1.12.1/stm32cubeide/plugins/com.st.stm32cube.ide.mcu.externaltools.gnu-tools-for-stm32.10.3-2021.10.win32_1.0.200.202301161003/tools/bin/../lib/gcc/arm-none-eabi/10.3.1/../../../../arm-none-eabi/lib/thumb/v7-m/nofp\libc_nano.a(lib_a-memset.o)
 .text          0x0000000000000000        0x0 f:/embedded system/6-stm 32/program ide  is installed/stm32cubeide_1.12.1/stm32cubeide/plugins/com.st.stm32cube.ide.mcu.externaltools.gnu-tools-for-stm32.10.3-2021.10.win32_1.0.200.202301161003/tools/bin/../lib/gcc/arm-none-eabi/10.3.1/thumb/v7-m/nofp/crtend.o
 .data          0x0000000000000000        0x0 f:/embedded system/6-stm 32/program ide  is installed/stm32cubeide_1.12.1/stm32cubeide/plugins/com.st.stm32cube.ide.mcu.externaltools.gnu-tools-for-stm32.10.3-2021.10.win32_1.0.200.202301161003/tools/bin/../lib/gcc/arm-none-eabi/10.3.1/thumb/v7-m/nofp/crtend.o
 .bss           0x0000000000000000        0x0 f:/embedded system/6-stm 32/program ide  is installed/stm32cubeide_1.12.1/stm32cubeide/plugins/com.st.stm32cube.ide.mcu.externaltools.gnu-tools-for-stm32.10.3-2021.10.win32_1.0.200.202301161003/tools/bin/../lib/gcc/arm-none-eabi/10.3.1/thumb/v7-m/nofp/crtend.o
 .rodata        0x0000000000000000       0x24 f:/embedded system/6-stm 32/program ide  is installed/stm32cubeide_1.12.1/stm32cubeide/plugins/com.st.stm32cube.ide.mcu.externaltools.gnu-tools-for-stm32.10.3-2021.10.win32_1.0.200.202301161003/tools/bin/../lib/gcc/arm-none-eabi/10.3.1/thumb/v7-m/nofp/crtend.o
 .eh_frame      0x0000000000000000        0x4 f:/embedded system/6-stm 32/program ide  is installed/stm32cubeide_1.12.1/stm32cubeide/plugins/com.st.stm32cube.ide.mcu.externaltools.gnu-tools-for-stm32.10.3-2021.10.win32_1.0.200.202301161003/tools/bin/../lib/gcc/arm-none-eabi/10.3.1/thumb/v7-m/nofp/crtend.o
 .ARM.attributes
                0x0000000000000000       0x2d f:/embedded system/6-stm 32/program ide  is installed/stm32cubeide_1.12.1/stm32cubeide/plugins/com.st.stm32cube.ide.mcu.externaltools.gnu-tools-for-stm32.10.3-2021.10.win32_1.0.200.202301161003/tools/bin/../lib/gcc/arm-none-eabi/10.3.1/thumb/v7-m/nofp/crtend.o
 .text          0x0000000000000000        0x0 f:/embedded system/6-stm 32/program ide  is installed/stm32cubeide_1.12.1/stm32cubeide/plugins/com.st.stm32cube.ide.mcu.externaltools.gnu-tools-for-stm32.10.3-2021.10.win32_1.0.200.202301161003/tools/bin/../lib/gcc/arm-none-eabi/10.3.1/thumb/v7-m/nofp/crtn.o
 .data          0x0000000000000000        0x0 f:/embedded system/6-stm 32/program ide  is installed/stm32cubeide_1.12.1/stm32cubeide/plugins/com.st.stm32cube.ide.mcu.externaltools.gnu-tools-for-stm32.10.3-2021.10.win32_1.0.200.202301161003/tools/bin/../lib/gcc/arm-none-eabi/10.3.1/thumb/v7-m/nofp/crtn.o
 .bss           0x0000000000000000        0x0 f:/embedded system/6-stm 32/program ide  is installed/stm32cubeide_1.12.1/stm32cubeide/plugins/com.st.stm32cube.ide.mcu.externaltools.gnu-tools-for-stm32.10.3-2021.10.win32_1.0.200.202301161003/tools/bin/../lib/gcc/arm-none-eabi/10.3.1/thumb/v7-m/nofp/crtn.o

Memory Configuration

Name             Origin             Length             Attributes
RAM              0x0000000020000000 0x0000000000002800 xrw
FLASH            0x0000000008000000 0x0000000000008000 xr
*default*        0x0000000000000000 0xffffffffffffffff

Linker script and memory map

LOAD f:/embedded system/6-stm 32/program ide  is installed/stm32cubeide_1.12.1/stm32cubeide/plugins/com.st.stm32cube.ide.mcu.externaltools.gnu-tools-for-stm32.10.3-2021.10.win32_1.0.200.202301161003/tools/bin/../lib/gcc/arm-none-eabi/10.3.1/thumb/v7-m/nofp/crti.o
LOAD f:/embedded system/6-stm 32/program ide  is installed/stm32cubeide_1.12.1/stm32cubeide/plugins/com.st.stm32cube.ide.mcu.externaltools.gnu-tools-for-stm32.10.3-2021.10.win32_1.0.200.202301161003/tools/bin/../lib/gcc/arm-none-eabi/10.3.1/thumb/v7-m/nofp/crtbegin.o
LOAD f:/embedded system/6-stm 32/program ide  is installed/stm32cubeide_1.12.1/stm32cubeide/plugins/com.st.stm32cube.ide.mcu.externaltools.gnu-tools-for-stm32.10.3-2021.10.win32_1.0.200.202301161003/tools/bin/../lib/gcc/arm-none-eabi/10.3.1/../../../../arm-none-eabi/lib/thumb/v7-m/nofp/crt0.o
LOAD ./STM32_F103C6_Drivers/MCAL_GPIO_DRIVER/stm32f103x8_gpio_driver.o
LOAD ./Src/main.o
LOAD ./Src/syscalls.o
LOAD ./Src/sysmem.o
LOAD ./Startup/startup_stm32f103c6tx.o
START GROUP
LOAD f:/embedded system/6-stm 32/program ide  is installed/stm32cubeide_1.12.1/stm32cubeide/plugins/com.st.stm32cube.ide.mcu.externaltools.gnu-tools-for-stm32.10.3-2021.10.win32_1.0.200.202301161003/tools/bin/../lib/gcc/arm-none-eabi/10.3.1/../../../../arm-none-eabi/lib/thumb/v7-m/nofp\libc_nano.a
LOAD f:/embedded system/6-stm 32/program ide  is installed/stm32cubeide_1.12.1/stm32cubeide/plugins/com.st.stm32cube.ide.mcu.externaltools.gnu-tools-for-stm32.10.3-2021.10.win32_1.0.200.202301161003/tools/bin/../lib/gcc/arm-none-eabi/10.3.1/../../../../arm-none-eabi/lib/thumb/v7-m/nofp\libm.a
END GROUP
START GROUP
LOAD f:/embedded system/6-stm 32/program ide  is installed/stm32cubeide_1.12.1/stm32cubeide/plugins/com.st.stm32cube.ide.mcu.externaltools.gnu-tools-for-stm32.10.3-2021.10.win32_1.0.200.202301161003/tools/bin/../lib/gcc/arm-none-eabi/10.3.1/thumb/v7-m/nofp\libgcc.a
LOAD f:/embedded system/6-stm 32/program ide  is installed/stm32cubeide_1.12.1/stm32cubeide/plugins/com.st.stm32cube.ide.mcu.externaltools.gnu-tools-for-stm32.10.3-2021.10.win32_1.0.200.202301161003/tools/bin/../lib/gcc/arm-none-eabi/10.3.1/../../../../arm-none-eabi/lib/thumb/v7-m/nofp\libg_nano.a
LOAD f:/embedded system/6-stm 32/program ide  is installed/stm32cubeide_1.12.1/stm32cubeide/plugins/com.st.stm32cube.ide.mcu.externaltools.gnu-tools-for-stm32.10.3-2021.10.win32_1.0.200.202301161003/tools/bin/../lib/gcc/arm-none-eabi/10.3.1/../../../../arm-none-eabi/lib/thumb/v7-m/nofp\libc_nano.a
END GROUP
START GROUP
LOAD f:/embedded system/6-stm 32/program ide  is installed/stm32cubeide_1.12.1/stm32cubeide/plugins/com.st.stm32cube.ide.mcu.externaltools.gnu-tools-for-stm32.10.3-2021.10.win32_1.0.200.202301161003/tools/bin/../lib/gcc/arm-none-eabi/10.3.1/thumb/v7-m/nofp\libgcc.a
LOAD f:/embedded system/6-stm 32/program ide  is installed/stm32cubeide_1.12.1/stm32cubeide/plugins/com.st.stm32cube.ide.mcu.externaltools.gnu-tools-for-stm32.10.3-2021.10.win32_1.0.200.202301161003/tools/bin/../lib/gcc/arm-none-eabi/10.3.1/../../../../arm-none-eabi/lib/thumb/v7-m/nofp\libc_nano.a
LOAD f:/embedded system/6-stm 32/program ide  is installed/stm32cubeide_1.12.1/stm32cubeide/plugins/com.st.stm32cube.ide.mcu.externaltools.gnu-tools-for-stm32.10.3-2021.10.win32_1.0.200.202301161003/tools/bin/../lib/gcc/arm-none-eabi/10.3.1/../../../../arm-none-eabi/lib/thumb/v7-m/nofp\libnosys.a
END GROUP
START GROUP
LOAD f:/embedded system/6-stm 32/program ide  is installed/stm32cubeide_1.12.1/stm32cubeide/plugins/com.st.stm32cube.ide.mcu.externaltools.gnu-tools-for-stm32.10.3-2021.10.win32_1.0.200.202301161003/tools/bin/../lib/gcc/arm-none-eabi/10.3.1/thumb/v7-m/nofp\libgcc.a
LOAD f:/embedded system/6-stm 32/program ide  is installed/stm32cubeide_1.12.1/stm32cubeide/plugins/com.st.stm32cube.ide.mcu.externaltools.gnu-tools-for-stm32.10.3-2021.10.win32_1.0.200.202301161003/tools/bin/../lib/gcc/arm-none-eabi/10.3.1/../../../../arm-none-eabi/lib/thumb/v7-m/nofp\libc_nano.a
LOAD f:/embedded system/6-stm 32/program ide  is installed/stm32cubeide_1.12.1/stm32cubeide/plugins/com.st.stm32cube.ide.mcu.externaltools.gnu-tools-for-stm32.10.3-2021.10.win32_1.0.200.202301161003/tools/bin/../lib/gcc/arm-none-eabi/10.3.1/../../../../arm-none-eabi/lib/thumb/v7-m/nofp\libnosys.a
END GROUP
LOAD f:/embedded system/6-stm 32/program ide  is installed/stm32cubeide_1.12.1/stm32cubeide/plugins/com.st.stm32cube.ide.mcu.externaltools.gnu-tools-for-stm32.10.3-2021.10.win32_1.0.200.202301161003/tools/bin/../lib/gcc/arm-none-eabi/10.3.1/thumb/v7-m/nofp/crtend.o
LOAD f:/embedded system/6-stm 32/program ide  is installed/stm32cubeide_1.12.1/stm32cubeide/plugins/com.st.stm32cube.ide.mcu.externaltools.gnu-tools-for-stm32.10.3-2021.10.win32_1.0.200.202301161003/tools/bin/../lib/gcc/arm-none-eabi/10.3.1/thumb/v7-m/nofp/crtn.o
                0x0000000020002800                _estack = (ORIGIN (RAM) + LENGTH (RAM))
                0x0000000000000200                _Min_Heap_Size = 0x200
                0x0000000000000400                _Min_Stack_Size = 0x400

.isr_vector     0x0000000008000000      0x130
                0x0000000008000000                . = ALIGN (0x4)
 *(.isr_vector)
 .isr_vector    0x0000000008000000      0x130 ./Startup/startup_stm32f103c6tx.o
                0x0000000008000000                g_pfnVectors
                0x0000000008000130                . = ALIGN (0x4)

.text           0x0000000008000130      0x578
                0x0000000008000130                . = ALIGN (0x4)
 *(.text)
 .text          0x0000000008000130       0x40 f:/embedded system/6-stm 32/program ide  is installed/stm32cubeide_1.12.1/stm32cubeide/plugins/com.st.stm32cube.ide.mcu.externaltools.gnu-tools-for-stm32.10.3-2021.10.win32_1.0.200.202301161003/tools/bin/../lib/gcc/arm-none-eabi/10.3.1/thumb/v7-m/nofp/crtbegin.o
 *(.text*)
 .text.MCAL_GPIO_Enable_ClocK
                0x0000000008000170       0x7c ./STM32_F103C6_Drivers/MCAL_GPIO_DRIVER/stm32f103x8_gpio_driver.o
                0x0000000008000170                MCAL_GPIO_Enable_ClocK
 .text.Get_Pos_CRLH
                0x00000000080001ec      0x170 ./STM32_F103C6_Drivers/MCAL_GPIO_DRIVER/stm32f103x8_gpio_driver.o
                0x00000000080001ec                Get_Pos_CRLH
 .text.MCAL_GPIO_Init
                0x000000000800035c      0x148 ./STM32_F103C6_Drivers/MCAL_GPIO_DRIVER/stm32f103x8_gpio_driver.o
                0x000000000800035c                MCAL_GPIO_Init
 .text.MCAL_GPIO_ReadPin
                0x00000000080004a4       0x28 ./STM32_F103C6_Drivers/MCAL_GPIO_DRIVER/stm32f103x8_gpio_driver.o
                0x00000000080004a4                MCAL_GPIO_ReadPin
 .text.MCAL_GPIO_TogglePin
                0x00000000080004cc       0x22 ./STM32_F103C6_Drivers/MCAL_GPIO_DRIVER/stm32f103x8_gpio_driver.o
                0x00000000080004cc                MCAL_GPIO_TogglePin
 *fill*         0x00000000080004ee        0x2 
 .text.GPIOX_Init
                0x00000000080004f0       0x80 ./Src/main.o
                0x00000000080004f0                GPIOX_Init
 .text.Wait_s   0x0000000008000570       0x28 ./Src/main.o
                0x0000000008000570                Wait_s
 .text.main     0x0000000008000598       0x5c ./Src/main.o
                0x0000000008000598                main
 .text.Reset_Handler
                0x00000000080005f4       0x50 ./Startup/startup_stm32f103c6tx.o
                0x00000000080005f4                Reset_Handler
 .text.Default_Handler
                0x0000000008000644        0x2 ./Startup/startup_stm32f103c6tx.o
                0x0000000008000644                EXTI2_IRQHandler
                0x0000000008000644                TIM8_TRG_COM_IRQHandler
                0x0000000008000644                TIM8_CC_IRQHandler
                0x0000000008000644                DebugMon_Handler
                0x0000000008000644                TIM1_CC_IRQHandler
                0x0000000008000644                HardFault_Handler
                0x0000000008000644                TIM6_IRQHandler
                0x0000000008000644                SysTick_Handler
                0x0000000008000644                PVD_IRQHandler
                0x0000000008000644                SDIO_IRQHandler
                0x0000000008000644                PendSV_Handler
                0x0000000008000644                NMI_Handler
                0x0000000008000644                EXTI3_IRQHandler
                0x0000000008000644                USB_HP_CAN_TX_IRQHandler
                0x0000000008000644                EXTI0_IRQHandler
                0x0000000008000644                I2C2_EV_IRQHandler
                0x0000000008000644                UsageFault_Handler
                0x0000000008000644                ADC1_2_IRQHandler
                0x0000000008000644                SPI1_IRQHandler
                0x0000000008000644                CAN_SCE_IRQHandler
                0x0000000008000644                TAMPER_IRQHandler
                0x0000000008000644                TIM8_UP_IRQHandler
                0x0000000008000644                DMA2_Channel2_IRQHandler
                0x0000000008000644                DMA1_Channel4_IRQHandler
                0x0000000008000644                USART3_IRQHandler
                0x0000000008000644                RTC_IRQHandler
                0x0000000008000644                DMA1_Channel7_IRQHandler
                0x0000000008000644                UART5_IRQHandler
                0x0000000008000644                ADC3_IRQHandler
                0x0000000008000644                TIM4_IRQHandler
                0x0000000008000644                CAN_RX1_IRQHandler
                0x0000000008000644                DMA2_Channel1_IRQHandler
                0x0000000008000644                I2C1_EV_IRQHandler
                0x0000000008000644                DMA1_Channel6_IRQHandler
                0x0000000008000644                UART4_IRQHandler
                0x0000000008000644                TIM3_IRQHandler
                0x0000000008000644                RCC_IRQHandler
                0x0000000008000644                TIM1_TRG_COM_IRQHandler
                0x0000000008000644                DMA1_Channel1_IRQHandler
                0x0000000008000644                Default_Handler
                0x0000000008000644                EXTI15_10_IRQHandler
                0x0000000008000644                TIM7_IRQHandler
                0x0000000008000644                TIM5_IRQHandler
                0x0000000008000644                EXTI9_5_IRQHandler
                0x0000000008000644                SPI2_IRQHandler
                0x0000000008000644                USB_LP_CAN_RX0_IRQHandler
                0x0000000008000644                MemManage_Handler
                0x0000000008000644                SVC_Handler
                0x0000000008000644                DMA1_Channel5_IRQHandler
                0x0000000008000644                EXTI4_IRQHandler
                0x0000000008000644                DMA1_Channel3_IRQHandler
                0x0000000008000644                FSMC_IRQHandler
                0x0000000008000644                TIM1_UP_IRQHandler
                0x0000000008000644                WWDG_IRQHandler
                0x0000000008000644                TIM2_IRQHandler
                0x0000000008000644                TIM1_BRK_IRQHandler
                0x0000000008000644                EXTI1_IRQHandler
                0x0000000008000644                RTCAlarm_IRQHandler
                0x0000000008000644                DMA2_Channel4_5_IRQHandler
                0x0000000008000644                USART2_IRQHandler
                0x0000000008000644                I2C2_ER_IRQHandler
                0x0000000008000644                DMA1_Channel2_IRQHandler
                0x0000000008000644                TIM8_BRK_IRQHandler
                0x0000000008000644                FLASH_IRQHandler
                0x0000000008000644                BusFault_Handler
                0x0000000008000644                USART1_IRQHandler
                0x0000000008000644                SPI3_IRQHandler
                0x0000000008000644                I2C1_ER_IRQHandler
                0x0000000008000644                DMA2_Channel3_IRQHandler
 *fill*         0x0000000008000646        0x2 
 .text.__libc_init_array
                0x0000000008000648       0x48 f:/embedded system/6-stm 32/program ide  is installed/stm32cubeide_1.12.1/stm32cubeide/plugins/com.st.stm32cube.ide.mcu.externaltools.gnu-tools-for-stm32.10.3-2021.10.win32_1.0.200.202301161003/tools/bin/../lib/gcc/arm-none-eabi/10.3.1/../../../../arm-none-eabi/lib/thumb/v7-m/nofp\libc_nano.a(lib_a-init.o)
                0x0000000008000648                __libc_init_array
 *(.glue_7)
 .glue_7        0x0000000008000690        0x0 linker stubs
 *(.glue_7t)
 .glue_7t       0x0000000008000690        0x0 linker stubs
 *(.eh_frame)
 .eh_frame      0x0000000008000690        0x0 f:/embedded system/6-stm 32/program ide  is installed/stm32cubeide_1.12.1/stm32cubeide/plugins/com.st.stm32cube.ide.mcu.externaltools.gnu-tools-for-stm32.10.3-2021.10.win32_1.0.200.202301161003/tools/bin/../lib/gcc/arm-none-eabi/10.3.1/thumb/v7-m/nofp/crtbegin.o
 *(.init)
 .init          0x0000000008000690        0x4 f:/embedded system/6-stm 32/program ide  is installed/stm32cubeide_1.12.1/stm32cubeide/plugins/com.st.stm32cube.ide.mcu.externaltools.gnu-tools-for-stm32.10.3-2021.10.win32_1.0.200.202301161003/tools/bin/../lib/gcc/arm-none-eabi/10.3.1/thumb/v7-m/nofp/crti.o
                0x0000000008000690                _init
 .init          0x0000000008000694        0x8 f:/embedded system/6-stm 32/program ide  is installed/stm32cubeide_1.12.1/stm32cubeide/plugins/com.st.stm32cube.ide.mcu.externaltools.gnu-tools-for-stm32.10.3-2021.10.win32_1.0.200.202301161003/tools/bin/../lib/gcc/arm-none-eabi/10.3.1/thumb/v7-m/nofp/crtn.o
 *(.fini)
 .fini          0x000000000800069c        0x4 f:/embedded system/6-stm 32/program ide  is installed/stm32cubeide_1.12.1/stm32cubeide/plugins/com.st.stm32cube.ide.mcu.externaltools.gnu-tools-for-stm32.10.3-2021.10.win32_1.0.200.202301161003/tools/bin/../lib/gcc/arm-none-eabi/10.3.1/thumb/v7-m/nofp/crti.o
                0x000000000800069c                _fini
 .fini          0x00000000080006a0        0x8 f:/embedded system/6-stm 32/program ide  is installed/stm32cubeide_1.12.1/stm32cubeide/plugins/com.st.stm32cube.ide.mcu.externaltools.gnu-tools-for-stm32.10.3-2021.10.win32_1.0.200.202301161003/tools/bin/../lib/gcc/arm-none-eabi/10.3.1/thumb/v7-m/nofp/crtn.o
                0x00000000080006a8                . = ALIGN (0x4)
                0x00000000080006a8                _etext = .

.vfp11_veneer   0x00000000080006a8        0x0
 .vfp11_veneer  0x00000000080006a8        0x0 linker stubs

.v4_bx          0x00000000080006a8        0x0
 .v4_bx         0x00000000080006a8        0x0 linker stubs

.iplt           0x00000000080006a8        0x0
 .iplt          0x00000000080006a8        0x0 f:/embedded system/6-stm 32/program ide  is installed/stm32cubeide_1.12.1/stm32cubeide/plugins/com.st.stm32cube.ide.mcu.externaltools.gnu-tools-for-stm32.10.3-2021.10.win32_1.0.200.202301161003/tools/bin/../lib/gcc/arm-none-eabi/10.3.1/thumb/v7-m/nofp/crtbegin.o

.rel.dyn        0x00000000080006a8        0x0
 .rel.iplt      0x00000000080006a8        0x0 f:/embedded system/6-stm 32/program ide  is installed/stm32cubeide_1.12.1/stm32cubeide/plugins/com.st.stm32cube.ide.mcu.externaltools.gnu-tools-for-stm32.10.3-2021.10.win32_1.0.200.202301161003/tools/bin/../lib/gcc/arm-none-eabi/10.3.1/thumb/v7-m/nofp/crtbegin.o

.rodata         0x00000000080006a8        0x0
                0x00000000080006a8                . = ALIGN (0x4)
 *(.rodata)
 *(.rodata*)
                0x00000000080006a8                . = ALIGN (0x4)

.ARM.extab      0x00000000080006a8        0x0
                0x00000000080006a8                . = ALIGN (0x4)
 *(.ARM.extab* .gnu.linkonce.armextab.*)
                0x00000000080006a8                . = ALIGN (0x4)

.ARM            0x00000000080006a8        0x0
                0x00000000080006a8                . = ALIGN (0x4)
                0x00000000080006a8                __exidx_start = .
 *(.ARM.exidx*)
                0x00000000080006a8                __exidx_end = .
                0x00000000080006a8                . = ALIGN (0x4)

.preinit_array  0x00000000080006a8        0x0
                0x00000000080006a8                . = ALIGN (0x4)
                0x00000000080006a8                PROVIDE (__preinit_array_start = .)
 *(.preinit_array*)
                0x00000000080006a8                PROVIDE (__preinit_array_end = .)
                0x00000000080006a8                . = ALIGN (0x4)

.init_array     0x00000000080006a8        0x4
                0x00000000080006a8                . = ALIGN (0x4)
                0x00000000080006a8                PROVIDE (__init_array_start = .)
 *(SORT_BY_NAME(.init_array.*))
 *(.init_array*)
 .init_array    0x00000000080006a8        0x4 f:/embedded system/6-stm 32/program ide  is installed/stm32cubeide_1.12.1/stm32cubeide/plugins/com.st.stm32cube.ide.mcu.externaltools.gnu-tools-for-stm32.10.3-2021.10.win32_1.0.200.202301161003/tools/bin/../lib/gcc/arm-none-eabi/10.3.1/thumb/v7-m/nofp/crtbegin.o
                0x00000000080006ac                PROVIDE (__init_array_end = .)
                0x00000000080006ac                . = ALIGN (0x4)

.fini_array     0x00000000080006ac        0x4
                0x00000000080006ac                . = ALIGN (0x4)
                [!provide]                        PROVIDE (__fini_array_start = .)
 *(SORT_BY_NAME(.fini_array.*))
 *(.fini_array*)
 .fini_array    0x00000000080006ac        0x4 f:/embedded system/6-stm 32/program ide  is installed/stm32cubeide_1.12.1/stm32cubeide/plugins/com.st.stm32cube.ide.mcu.externaltools.gnu-tools-for-stm32.10.3-2021.10.win32_1.0.200.202301161003/tools/bin/../lib/gcc/arm-none-eabi/10.3.1/thumb/v7-m/nofp/crtbegin.o
                [!provide]                        PROVIDE (__fini_array_end = .)
                0x00000000080006b0                . = ALIGN (0x4)
                0x00000000080006b0                _sidata = LOADADDR (.data)

.data           0x0000000020000000        0x0 load address 0x00000000080006b0
                0x0000000020000000                . = ALIGN (0x4)
                0x0000000020000000                _sdata = .
 *(.data)
 *(.data*)
 *(.RamFunc)
 *(.RamFunc*)
                0x0000000020000000                . = ALIGN (0x4)
                0x0000000020000000                _edata = .

.igot.plt       0x0000000020000000        0x0 load address 0x00000000080006b0
 .igot.plt      0x0000000020000000        0x0 f:/embedded system/6-stm 32/program ide  is installed/stm32cubeide_1.12.1/stm32cubeide/plugins/com.st.stm32cube.ide.mcu.externaltools.gnu-tools-for-stm32.10.3-2021.10.win32_1.0.200.202301161003/tools/bin/../lib/gcc/arm-none-eabi/10.3.1/thumb/v7-m/nofp/crtbegin.o
                0x0000000020000000                . = ALIGN (0x4)

.bss            0x0000000020000000       0x1c load address 0x00000000080006b0
                0x0000000020000000                _sbss = .
                0x0000000020000000                __bss_start__ = _sbss
 *(.bss)
 .bss           0x0000000020000000       0x1c f:/embedded system/6-stm 32/program ide  is installed/stm32cubeide_1.12.1/stm32cubeide/plugins/com.st.stm32cube.ide.mcu.externaltools.gnu-tools-for-stm32.10.3-2021.10.win32_1.0.200.202301161003/tools/bin/../lib/gcc/arm-none-eabi/10.3.1/thumb/v7-m/nofp/crtbegin.o
 *(.bss*)
 *(COMMON)
                0x000000002000001c                . = ALIGN (0x4)
                0x000000002000001c                _ebss = .
                0x000000002000001c                __bss_end__ = _ebss

._user_heap_stack
                0x000000002000001c      0x604 load address 0x00000000080006b0
                0x0000000020000020                . = ALIGN (0x8)
 *fill*         0x000000002000001c        0x4 
                [!provide]                        PROVIDE (end = .)
                0x0000000020000020                PROVIDE (_end = .)
                0x0000000020000220                . = (. + _Min_Heap_Size)
 *fill*         0x0000000020000020      0x200 
                0x0000000020000620                . = (. + _Min_Stack_Size)
 *fill*         0x0000000020000220      0x400 
                0x0000000020000620                . = ALIGN (0x8)

/DISCARD/
 libc.a(*)
 libm.a(*)
 libgcc.a(*)

.ARM.attributes
                0x0000000000000000       0x29
 *(.ARM.attributes)
 .ARM.attributes
                0x0000000000000000       0x1d f:/embedded system/6-stm 32/program ide  is installed/stm32cubeide_1.12.1/stm32cubeide/plugins/com.st.stm32cube.ide.mcu.externaltools.gnu-tools-for-stm32.10.3-2021.10.win32_1.0.200.202301161003/tools/bin/../lib/gcc/arm-none-eabi/10.3.1/thumb/v7-m/nofp/crti.o
 .ARM.attributes
                0x000000000000001d       0x2d f:/embedded system/6-stm 32/program ide  is installed/stm32cubeide_1.12.1/stm32cubeide/plugins/com.st.stm32cube.ide.mcu.externaltools.gnu-tools-for-stm32.10.3-2021.10.win32_1.0.200.202301161003/tools/bin/../lib/gcc/arm-none-eabi/10.3.1/thumb/v7-m/nofp/crtbegin.o
 .ARM.attributes
                0x000000000000004a       0x2d ./STM32_F103C6_Drivers/MCAL_GPIO_DRIVER/stm32f103x8_gpio_driver.o
 .ARM.attributes
                0x0000000000000077       0x2d ./Src/main.o
 .ARM.attributes
                0x00000000000000a4       0x21 ./Startup/startup_stm32f103c6tx.o
 .ARM.attributes
                0x00000000000000c5       0x2d f:/embedded system/6-stm 32/program ide  is installed/stm32cubeide_1.12.1/stm32cubeide/plugins/com.st.stm32cube.ide.mcu.externaltools.gnu-tools-for-stm32.10.3-2021.10.win32_1.0.200.202301161003/tools/bin/../lib/gcc/arm-none-eabi/10.3.1/../../../../arm-none-eabi/lib/thumb/v7-m/nofp\libc_nano.a(lib_a-init.o)
 .ARM.attributes
                0x00000000000000f2       0x1d f:/embedded system/6-stm 32/program ide  is installed/stm32cubeide_1.12.1/stm32cubeide/plugins/com.st.stm32cube.ide.mcu.externaltools.gnu-tools-for-stm32.10.3-2021.10.win32_1.0.200.202301161003/tools/bin/../lib/gcc/arm-none-eabi/10.3.1/thumb/v7-m/nofp/crtn.o
OUTPUT(Pro_Drivers.elf elf32-littlearm)
LOAD linker stubs
LOAD f:/embedded system/6-stm 32/program ide  is installed/stm32cubeide_1.12.1/stm32cubeide/plugins/com.st.stm32cube.ide.mcu.externaltools.gnu-tools-for-stm32.10.3-2021.10.win32_1.0.200.202301161003/tools/bin/../lib/gcc/arm-none-eabi/10.3.1/../../../../arm-none-eabi/lib/thumb/v7-m/nofp\libc.a
LOAD f:/embedded system/6-stm 32/program ide  is installed/stm32cubeide_1.12.1/stm32cubeide/plugins/com.st.stm32cube.ide.mcu.externaltools.gnu-tools-for-stm32.10.3-2021.10.win32_1.0.200.202301161003/tools/bin/../lib/gcc/arm-none-eabi/10.3.1/../../../../arm-none-eabi/lib/thumb/v7-m/nofp\libm.a
LOAD f:/embedded system/6-stm 32/program ide  is installed/stm32cubeide_1.12.1/stm32cubeide/plugins/com.st.stm32cube.ide.mcu.externaltools.gnu-tools-for-stm32.10.3-2021.10.win32_1.0.200.202301161003/tools/bin/../lib/gcc/arm-none-eabi/10.3.1/thumb/v7-m/nofp\libgcc.a

.debug_info     0x0000000000000000      0x76d
 .debug_info    0x0000000000000000      0x4cd ./STM32_F103C6_Drivers/MCAL_GPIO_DRIVER/stm32f103x8_gpio_driver.o
 .debug_info    0x00000000000004cd      0x27e ./Src/main.o
 .debug_info    0x000000000000074b       0x22 ./Startup/startup_stm32f103c6tx.o

.debug_abbrev   0x0000000000000000      0x2b6
 .debug_abbrev  0x0000000000000000      0x16d ./STM32_F103C6_Drivers/MCAL_GPIO_DRIVER/stm32f103x8_gpio_driver.o
 .debug_abbrev  0x000000000000016d      0x137 ./Src/main.o
 .debug_abbrev  0x00000000000002a4       0x12 ./Startup/startup_stm32f103c6tx.o

.debug_loc      0x0000000000000000      0x4c0
 .debug_loc     0x0000000000000000      0x3e8 ./STM32_F103C6_Drivers/MCAL_GPIO_DRIVER/stm32f103x8_gpio_driver.o
 .debug_loc     0x00000000000003e8       0xd8 ./Src/main.o

.debug_aranges  0x0000000000000000       0xc8
 .debug_aranges
                0x0000000000000000       0x70 ./STM32_F103C6_Drivers/MCAL_GPIO_DRIVER/stm32f103x8_gpio_driver.o
 .debug_aranges
                0x0000000000000070       0x30 ./Src/main.o
 .debug_aranges
                0x00000000000000a0       0x28 ./Startup/startup_stm32f103c6tx.o

.debug_ranges   0x0000000000000000       0xa0
 .debug_ranges  0x0000000000000000       0x60 ./STM32_F103C6_Drivers/MCAL_GPIO_DRIVER/stm32f103x8_gpio_driver.o
 .debug_ranges  0x0000000000000060       0x20 ./Src/main.o
 .debug_ranges  0x0000000000000080       0x20 ./Startup/startup_stm32f103c6tx.o

.debug_macro    0x0000000000000000     0x1dff
 .debug_macro   0x0000000000000000      0x1f1 ./STM32_F103C6_Drivers/MCAL_GPIO_DRIVER/stm32f103x8_gpio_driver.o
 .debug_macro   0x00000000000001f1      0xa72 ./STM32_F103C6_Drivers/MCAL_GPIO_DRIVER/stm32f103x8_gpio_driver.o
 .debug_macro   0x0000000000000c63       0x22 ./STM32_F103C6_Drivers/MCAL_GPIO_DRIVER/stm32f103x8_gpio_driver.o
 .debug_macro   0x0000000000000c85       0x4c ./STM32_F103C6_Drivers/MCAL_GPIO_DRIVER/stm32f103x8_gpio_driver.o
 .debug_macro   0x0000000000000cd1       0x18 ./STM32_F103C6_Drivers/MCAL_GPIO_DRIVER/stm32f103x8_gpio_driver.o
 .debug_macro   0x0000000000000ce9       0x94 ./STM32_F103C6_Drivers/MCAL_GPIO_DRIVER/stm32f103x8_gpio_driver.o
 .debug_macro   0x0000000000000d7d       0x3c ./STM32_F103C6_Drivers/MCAL_GPIO_DRIVER/stm32f103x8_gpio_driver.o
 .debug_macro   0x0000000000000db9       0x34 ./STM32_F103C6_Drivers/MCAL_GPIO_DRIVER/stm32f103x8_gpio_driver.o
 .debug_macro   0x0000000000000ded       0x16 ./STM32_F103C6_Drivers/MCAL_GPIO_DRIVER/stm32f103x8_gpio_driver.o
 .debug_macro   0x0000000000000e03       0x57 ./STM32_F103C6_Drivers/MCAL_GPIO_DRIVER/stm32f103x8_gpio_driver.o
 .debug_macro   0x0000000000000e5a       0x97 ./STM32_F103C6_Drivers/MCAL_GPIO_DRIVER/stm32f103x8_gpio_driver.o
 .debug_macro   0x0000000000000ef1      0x341 ./STM32_F103C6_Drivers/MCAL_GPIO_DRIVER/stm32f103x8_gpio_driver.o
 .debug_macro   0x0000000000001232       0xfd ./STM32_F103C6_Drivers/MCAL_GPIO_DRIVER/stm32f103x8_gpio_driver.o
 .debug_macro   0x000000000000132f       0x10 ./STM32_F103C6_Drivers/MCAL_GPIO_DRIVER/stm32f103x8_gpio_driver.o
 .debug_macro   0x000000000000133f       0x16 ./STM32_F103C6_Drivers/MCAL_GPIO_DRIVER/stm32f103x8_gpio_driver.o
 .debug_macro   0x0000000000001355       0x43 ./STM32_F103C6_Drivers/MCAL_GPIO_DRIVER/stm32f103x8_gpio_driver.o
 .debug_macro   0x0000000000001398       0x34 ./STM32_F103C6_Drivers/MCAL_GPIO_DRIVER/stm32f103x8_gpio_driver.o
 .debug_macro   0x00000000000013cc       0x10 ./STM32_F103C6_Drivers/MCAL_GPIO_DRIVER/stm32f103x8_gpio_driver.o
 .debug_macro   0x00000000000013dc       0x58 ./STM32_F103C6_Drivers/MCAL_GPIO_DRIVER/stm32f103x8_gpio_driver.o
 .debug_macro   0x0000000000001434       0x71 ./STM32_F103C6_Drivers/MCAL_GPIO_DRIVER/stm32f103x8_gpio_driver.o
 .debug_macro   0x00000000000014a5       0x1c ./STM32_F103C6_Drivers/MCAL_GPIO_DRIVER/stm32f103x8_gpio_driver.o
 .debug_macro   0x00000000000014c1      0x12a ./STM32_F103C6_Drivers/MCAL_GPIO_DRIVER/stm32f103x8_gpio_driver.o
 .debug_macro   0x00000000000015eb       0x10 ./STM32_F103C6_Drivers/MCAL_GPIO_DRIVER/stm32f103x8_gpio_driver.o
 .debug_macro   0x00000000000015fb       0x6a ./STM32_F103C6_Drivers/MCAL_GPIO_DRIVER/stm32f103x8_gpio_driver.o
 .debug_macro   0x0000000000001665       0x1c ./STM32_F103C6_Drivers/MCAL_GPIO_DRIVER/stm32f103x8_gpio_driver.o
 .debug_macro   0x0000000000001681       0x52 ./STM32_F103C6_Drivers/MCAL_GPIO_DRIVER/stm32f103x8_gpio_driver.o
 .debug_macro   0x00000000000016d3       0x22 ./STM32_F103C6_Drivers/MCAL_GPIO_DRIVER/stm32f103x8_gpio_driver.o
 .debug_macro   0x00000000000016f5       0x10 ./STM32_F103C6_Drivers/MCAL_GPIO_DRIVER/stm32f103x8_gpio_driver.o
 .debug_macro   0x0000000000001705       0x52 ./STM32_F103C6_Drivers/MCAL_GPIO_DRIVER/stm32f103x8_gpio_driver.o
 .debug_macro   0x0000000000001757       0xd5 ./STM32_F103C6_Drivers/MCAL_GPIO_DRIVER/stm32f103x8_gpio_driver.o
 .debug_macro   0x000000000000182c       0x1c ./STM32_F103C6_Drivers/MCAL_GPIO_DRIVER/stm32f103x8_gpio_driver.o
 .debug_macro   0x0000000000001848       0x3d ./STM32_F103C6_Drivers/MCAL_GPIO_DRIVER/stm32f103x8_gpio_driver.o
 .debug_macro   0x0000000000001885       0x16 ./STM32_F103C6_Drivers/MCAL_GPIO_DRIVER/stm32f103x8_gpio_driver.o
 .debug_macro   0x000000000000189b      0x145 ./STM32_F103C6_Drivers/MCAL_GPIO_DRIVER/stm32f103x8_gpio_driver.o
 .debug_macro   0x00000000000019e0       0x16 ./STM32_F103C6_Drivers/MCAL_GPIO_DRIVER/stm32f103x8_gpio_driver.o
 .debug_macro   0x00000000000019f6       0x35 ./STM32_F103C6_Drivers/MCAL_GPIO_DRIVER/stm32f103x8_gpio_driver.o
 .debug_macro   0x0000000000001a2b       0x16 ./STM32_F103C6_Drivers/MCAL_GPIO_DRIVER/stm32f103x8_gpio_driver.o
 .debug_macro   0x0000000000001a41       0x29 ./STM32_F103C6_Drivers/MCAL_GPIO_DRIVER/stm32f103x8_gpio_driver.o
 .debug_macro   0x0000000000001a6a       0xd0 ./STM32_F103C6_Drivers/MCAL_GPIO_DRIVER/stm32f103x8_gpio_driver.o
 .debug_macro   0x0000000000001b3a       0xd0 ./STM32_F103C6_Drivers/MCAL_GPIO_DRIVER/stm32f103x8_gpio_driver.o
 .debug_macro   0x0000000000001c0a      0x1f5 ./Src/main.o

.debug_line     0x0000000000000000     0x1384
 .debug_line    0x0000000000000000      0xac0 ./STM32_F103C6_Drivers/MCAL_GPIO_DRIVER/stm32f103x8_gpio_driver.o
 .debug_line    0x0000000000000ac0      0x840 ./Src/main.o
 .debug_line    0x0000000000001300       0x84 ./Startup/startup_stm32f103c6tx.o

.debug_str      0x0000000000000000     0x7dcd
 .debug_str     0x0000000000000000     0x7d61 ./STM32_F103C6_Drivers/MCAL_GPIO_DRIVER/stm32f103x8_gpio_driver.o
                                       0x7eea (size before relaxing)
 .debug_str     0x0000000000007d61       0x3b ./Src/main.o
                                       0x7df2 (size before relaxing)
 .debug_str     0x0000000000007d9c       0x31 ./Startup/startup_stm32f103c6tx.o
                                         0xa3 (size before relaxing)

.comment        0x0000000000000000       0x50
 .comment       0x0000000000000000       0x50 ./STM32_F103C6_Drivers/MCAL_GPIO_DRIVER/stm32f103x8_gpio_driver.o
                                         0x51 (size before relaxing)
 .comment       0x0000000000000050       0x51 ./Src/main.o

.debug_frame    0x0000000000000000      0x26c
 .debug_frame   0x0000000000000000      0x1c8 ./STM32_F103C6_Drivers/MCAL_GPIO_DRIVER/stm32f103x8_gpio_driver.o
 .debug_frame   0x00000000000001c8       0x78 ./Src/main.o
 .debug_frame   0x0000000000000240       0x2c f:/embedded system/6-stm 32/program ide  is installed/stm32cubeide_1.12.1/stm32cubeide/plugins/com.st.stm32cube.ide.mcu.externaltools.gnu-tools-for-stm32.10.3-2021.10.win32_1.0.200.202301161003/tools/bin/../lib/gcc/arm-none-eabi/10.3.1/../../../../arm-none-eabi/lib/thumb/v7-m/nofp\libc_nano.a(lib_a-init.o)
