
Allocating common symbols
Common symbol       size              file

AL_State_ID         0x1               Alarm_Actuator.o
P_Value             0x4               Main_Algorithm.o
MA_State            0x4               main.o
Alarm_Val           0x4               Main_Algorithm.o
i                   0x4               startup.o
AL_State            0x4               Alarm_Actuator.o
PS_State            0x4               main.o
MA_State_ID         0x1               main.o
PS_State_ID         0x1               main.o

Memory Configuration

Name             Origin             Length             Attributes
flash            0x08000000         0x00020000         xr
sram             0x20000000         0x00005000         xrw
*default*        0x00000000         0xffffffff

Linker script and memory map


.text           0x08000000      0x4d4
 *(.vectors*)
 .vectors       0x08000000       0x1c startup.o
                0x08000000                Vectors
 *(.text*)
 .text          0x0800001c       0x80 Alarm_Actuator.o
                0x0800001c                Set_Alarm_State
                0x0800004c                AL_init
                0x08000064                AL_alarmSet
 .text          0x0800009c      0x124 driver.o
                0x0800009c                Delay
                0x080000c0                getPressureVal
                0x080000d8                Set_Alarm_actuator
                0x08000128                GPIO_INITIALIZATION
 .text          0x080001c0       0xa4 main.o
                0x080001c0                setup_app
                0x08000200                main
 .text          0x08000264      0x110 Main_Algorithm.o
                0x08000264                MA_pressureDetection
                0x08000290                Set_PressureVal
                0x080002ec                MA_alarmOff
                0x08000330                MA_alarmOn
 .text          0x08000374       0x60 Pressure_Sensor.o
                0x08000374                PS_init
                0x0800038c                PS_read
 .text          0x080003d4      0x100 startup.o
                0x080003d4                Reset_Handler
                0x080004c8                MM_Fault_Handler
                0x080004c8                Bus_Fault_Handler
                0x080004c8                Default_Handler
                0x080004c8                Usage_Fault_Handler
                0x080004c8                Hard_Fault_Handler
                0x080004c8                NMI_Handler
 *(.rodata)
                0x080004d4                E_text = .

.glue_7         0x080004d4        0x0
 .glue_7        0x00000000        0x0 linker stubs

.glue_7t        0x080004d4        0x0
 .glue_7t       0x00000000        0x0 linker stubs

.vfp11_veneer   0x080004d4        0x0
 .vfp11_veneer  0x00000000        0x0 linker stubs

.v4_bx          0x080004d4        0x0
 .v4_bx         0x00000000        0x0 linker stubs

.iplt           0x080004d4        0x0
 .iplt          0x00000000        0x0 Alarm_Actuator.o

.rel.dyn        0x080004d4        0x0
 .rel.iplt      0x00000000        0x0 Alarm_Actuator.o

.data           0x20000000        0x8 load address 0x080004d4
                0x20000000                S_data = .
 *(.data)
 .data          0x20000000        0x0 Alarm_Actuator.o
 .data          0x20000000        0x0 driver.o
 .data          0x20000000        0x0 main.o
 .data          0x20000000        0x8 Main_Algorithm.o
                0x20000000                Alarm_Period
                0x20000004                Pressure_Threshold
 .data          0x20000008        0x0 Pressure_Sensor.o
 .data          0x20000008        0x0 startup.o
                0x20000008                E_data = .

.igot.plt       0x20000008        0x0 load address 0x080004dc
 .igot.plt      0x00000000        0x0 Alarm_Actuator.o

.bss            0x20000008     0x1028 load address 0x080004dc
                0x20000008                S_bss = .
 *(.bss*)
 .bss           0x20000008        0x4 Alarm_Actuator.o
                0x20000008                Alarm_Value
 .bss           0x2000000c        0x0 driver.o
 .bss           0x2000000c        0x0 main.o
 .bss           0x2000000c        0x0 Main_Algorithm.o
 .bss           0x2000000c        0x4 Pressure_Sensor.o
                0x2000000c                P_Val
 .bss           0x20000010        0x0 startup.o
                0x20000010                E_bss = .
                0x20001010                . = (. + 0x1000)
 *fill*         0x20000010     0x1000 
                0x20001010                Stack_Top = .
 COMMON         0x20001010        0x8 Alarm_Actuator.o
                0x20001010                AL_State_ID
                0x20001014                AL_State
 COMMON         0x20001018        0xa main.o
                0x20001018                MA_State
                0x2000101c                PS_State
                0x20001020                MA_State_ID
                0x20001021                PS_State_ID
 *fill*         0x20001022        0x2 
 COMMON         0x20001024        0x8 Main_Algorithm.o
                0x20001024                P_Value
                0x20001028                Alarm_Val
 COMMON         0x2000102c        0x4 startup.o
                0x2000102c                i
LOAD Alarm_Actuator.o
LOAD driver.o
LOAD main.o
LOAD Main_Algorithm.o
LOAD Pressure_Sensor.o
LOAD startup.o
OUTPUT(Pressure_Controller.elf elf32-littlearm)

.debug_info     0x00000000      0x7dc
 .debug_info    0x00000000      0x139 Alarm_Actuator.o
 .debug_info    0x00000139      0x103 driver.o
 .debug_info    0x0000023c      0x185 main.o
 .debug_info    0x000003c1      0x176 Main_Algorithm.o
 .debug_info    0x00000537      0x110 Pressure_Sensor.o
 .debug_info    0x00000647      0x195 startup.o

.debug_abbrev   0x00000000      0x447
 .debug_abbrev  0x00000000       0xce Alarm_Actuator.o
 .debug_abbrev  0x000000ce       0x9d driver.o
 .debug_abbrev  0x0000016b       0xb6 main.o
 .debug_abbrev  0x00000221       0xbb Main_Algorithm.o
 .debug_abbrev  0x000002dc       0xa5 Pressure_Sensor.o
 .debug_abbrev  0x00000381       0xc6 startup.o

.debug_loc      0x00000000      0x328
 .debug_loc     0x00000000       0x90 Alarm_Actuator.o
 .debug_loc     0x00000090       0xc8 driver.o
 .debug_loc     0x00000158       0x58 main.o
 .debug_loc     0x000001b0       0xbc Main_Algorithm.o
 .debug_loc     0x0000026c       0x58 Pressure_Sensor.o
 .debug_loc     0x000002c4       0x64 startup.o

.debug_aranges  0x00000000       0xc0
 .debug_aranges
                0x00000000       0x20 Alarm_Actuator.o
 .debug_aranges
                0x00000020       0x20 driver.o
 .debug_aranges
                0x00000040       0x20 main.o
 .debug_aranges
                0x00000060       0x20 Main_Algorithm.o
 .debug_aranges
                0x00000080       0x20 Pressure_Sensor.o
 .debug_aranges
                0x000000a0       0x20 startup.o

.debug_line     0x00000000      0x315
 .debug_line    0x00000000       0x5f Alarm_Actuator.o
 .debug_line    0x0000005f       0x9c driver.o
 .debug_line    0x000000fb       0x89 main.o
 .debug_line    0x00000184       0x73 Main_Algorithm.o
 .debug_line    0x000001f7       0x5e Pressure_Sensor.o
 .debug_line    0x00000255       0xc0 startup.o

.debug_str      0x00000000      0x357
 .debug_str     0x00000000      0x169 Alarm_Actuator.o
                                0x1a2 (size before relaxing)
 .debug_str     0x00000169       0x42 driver.o
                                0x170 (size before relaxing)
 .debug_str     0x000001ab       0x84 main.o
                                0x1d0 (size before relaxing)
 .debug_str     0x0000022f       0x7b Main_Algorithm.o
                                0x1e1 (size before relaxing)
 .debug_str     0x000002aa       0x1a Pressure_Sensor.o
                                0x177 (size before relaxing)
 .debug_str     0x000002c4       0x93 startup.o
                                0x1b7 (size before relaxing)

.comment        0x00000000       0x11
 .comment       0x00000000       0x11 Alarm_Actuator.o
                                 0x12 (size before relaxing)
 .comment       0x00000000       0x12 driver.o
 .comment       0x00000000       0x12 main.o
 .comment       0x00000000       0x12 Main_Algorithm.o
 .comment       0x00000000       0x12 Pressure_Sensor.o
 .comment       0x00000000       0x12 startup.o

.ARM.attributes
                0x00000000       0x33
 .ARM.attributes
                0x00000000       0x33 Alarm_Actuator.o
 .ARM.attributes
                0x00000033       0x33 driver.o
 .ARM.attributes
                0x00000066       0x33 main.o
 .ARM.attributes
                0x00000099       0x33 Main_Algorithm.o
 .ARM.attributes
                0x000000cc       0x33 Pressure_Sensor.o
 .ARM.attributes
                0x000000ff       0x33 startup.o

.debug_frame    0x00000000      0x22c
 .debug_frame   0x00000000       0x60 Alarm_Actuator.o
 .debug_frame   0x00000060       0x78 driver.o
 .debug_frame   0x000000d8       0x48 main.o
 .debug_frame   0x00000120       0x7c Main_Algorithm.o
 .debug_frame   0x0000019c       0x44 Pressure_Sensor.o
 .debug_frame   0x000001e0       0x4c startup.o
