
Allocating common symbols
Common symbol       size              file

i                   0x4               startup.o
Dumy                0x2               main.o

Memory Configuration

Name             Origin             Length             Attributes
flash            0x08000000         0x00020000         xr
sram             0x20000000         0x00005000         xrw
*default*        0x00000000         0xffffffff

Linker script and memory map


.text           0x08000000      0x1c8
 *(.vectors*)
 .vectors       0x08000000       0x1c startup.o
                0x08000000                Vectors
 *(.text*)
 .text          0x0800001c       0xa8 main.o
                0x0800001c                main
 .text          0x080000c4      0x100 startup.o
                0x080000c4                Reset_Handler
                0x080001b8                MM_Fault_Handler
                0x080001b8                Bus_Fault_Handler
                0x080001b8                Default_Handler
                0x080001b8                Usage_Fault_Handler
                0x080001b8                Hard_Fault_Handler
                0x080001b8                NMI_Handler
 *(.rodata)
 .rodata        0x080001c4        0x4 main.o
                0x080001c4                name
                0x080001c8                E_text = .

.glue_7         0x080001c8        0x0
 .glue_7        0x00000000        0x0 linker stubs

.glue_7t        0x080001c8        0x0
 .glue_7t       0x00000000        0x0 linker stubs

.vfp11_veneer   0x080001c8        0x0
 .vfp11_veneer  0x00000000        0x0 linker stubs

.v4_bx          0x080001c8        0x0
 .v4_bx         0x00000000        0x0 linker stubs

.iplt           0x080001c8        0x0
 .iplt          0x00000000        0x0 main.o

.rel.dyn        0x080001c8        0x0
 .rel.iplt      0x00000000        0x0 main.o

.data           0x20000000       0x10 load address 0x080001c8
                0x20000000                S_data = .
 *(.data)
 .data          0x20000000       0x10 main.o
                0x20000000                ODR_Bit
                0x20000004                Date
 .data          0x20000010        0x0 startup.o
                0x20000010                E_data = .

.igot.plt       0x20000010        0x0 load address 0x080001d8
 .igot.plt      0x00000000        0x0 main.o

.bss            0x20000010     0x1008 load address 0x080001d8
                0x20000010                S_bss = .
 *(.bss*)
 .bss           0x20000010        0x0 main.o
 .bss           0x20000010        0x0 startup.o
                0x20000010                E_bss = .
                0x20001010                . = (. + 0x1000)
 *fill*         0x20000010     0x1000 
                0x20001010                Stack_Top = .
 COMMON         0x20001010        0x2 main.o
                0x20001010                Dumy
 *fill*         0x20001012        0x2 
 COMMON         0x20001014        0x4 startup.o
                0x20001014                i
LOAD main.o
LOAD startup.o
OUTPUT(Toggle_Led.elf elf32-littlearm)

.debug_info     0x00000000      0x358
 .debug_info    0x00000000      0x1c3 main.o
 .debug_info    0x000001c3      0x195 startup.o

.debug_abbrev   0x00000000      0x1ab
 .debug_abbrev  0x00000000       0xe5 main.o
 .debug_abbrev  0x000000e5       0xc6 startup.o

.debug_loc      0x00000000       0x9c
 .debug_loc     0x00000000       0x38 main.o
 .debug_loc     0x00000038       0x64 startup.o

.debug_aranges  0x00000000       0x40
 .debug_aranges
                0x00000000       0x20 main.o
 .debug_aranges
                0x00000020       0x20 startup.o

.debug_line     0x00000000      0x16f
 .debug_line    0x00000000       0xaf main.o
 .debug_line    0x000000af       0xc0 startup.o

.debug_str      0x00000000      0x1cf
 .debug_str     0x00000000      0x151 main.o
                                0x18a (size before relaxing)
 .debug_str     0x00000151       0x7e startup.o
                                0x1b0 (size before relaxing)

.comment        0x00000000       0x11
 .comment       0x00000000       0x11 main.o
                                 0x12 (size before relaxing)
 .comment       0x00000000       0x12 startup.o

.ARM.attributes
                0x00000000       0x33
 .ARM.attributes
                0x00000000       0x33 main.o
 .ARM.attributes
                0x00000033       0x33 startup.o

.debug_frame    0x00000000       0x78
 .debug_frame   0x00000000       0x2c main.o
 .debug_frame   0x0000002c       0x4c startup.o
