Archive member included because of file (symbol)

c:/winavr-20100110/bin/../lib/gcc/avr/4.3.3/avr5\libgcc.a(_udivmodqi4.o)
                              ./MCAL/EXTI_DRIVER/atmega32_exti_driver.o (__udivmodqi4)
c:/winavr-20100110/bin/../lib/gcc/avr/4.3.3/avr5\libgcc.a(_exit.o)
                              c:/winavr-20100110/bin/../lib/gcc/avr/4.3.3/../../../../avr/lib/avr5/crtm16.o (exit)
c:/winavr-20100110/bin/../lib/gcc/avr/4.3.3/avr5\libgcc.a(_copy_data.o)
                              ./MCAL/USART_DRIVER/atmega32_usart_driver.o (__do_copy_data)
c:/winavr-20100110/bin/../lib/gcc/avr/4.3.3/avr5\libgcc.a(_clear_bss.o)
                              ./MCAL/USART_DRIVER/atmega32_usart_driver.o (__do_clear_bss)

Allocating common symbols
Common symbol       size              file

LCD_pinconfig       0x2               ./HAL/LCD_DRIVER/lcd.o
GP_FuncCallBack     0x6               ./MCAL/EXTI_DRIVER/atmega32_exti_driver.o
KEYPAD_pinconfig    0x2               ./HAL/KEYPAD_DRIVER/Keypad.o
GL_USART_Config     0x2               ./MCAL/USART_DRIVER/atmega32_usart_driver.o

Memory Configuration

Name             Origin             Length             Attributes
text             0x00000000         0x00020000         xr
data             0x00800060         0x0000ffa0         rw !x
eeprom           0x00810000         0x00010000         rw !x
fuse             0x00820000         0x00000400         rw !x
lock             0x00830000         0x00000400         rw !x
signature        0x00840000         0x00000400         rw !x
*default*        0x00000000         0xffffffff

Linker script and memory map

LOAD c:/winavr-20100110/bin/../lib/gcc/avr/4.3.3/../../../../avr/lib/avr5/crtm16.o
LOAD ./MCAL/USART_DRIVER/atmega32_usart_driver.o
LOAD ./MCAL/GPIO_DRIVER/atmega32_gpio_driver.o
LOAD ./MCAL/EXTI_DRIVER/atmega32_exti_driver.o
LOAD ./HAL/LCD_DRIVER/lcd.o
LOAD ./HAL/KEYPAD_DRIVER/Keypad.o
LOAD ./main.o
LOAD c:/winavr-20100110/bin/../lib/gcc/avr/4.3.3/avr5\libgcc.a
LOAD c:/winavr-20100110/bin/../lib/gcc/avr/4.3.3/../../../../avr/lib/avr5\libc.a
LOAD c:/winavr-20100110/bin/../lib/gcc/avr/4.3.3/avr5\libgcc.a

.hash
 *(.hash)

.dynsym
 *(.dynsym)

.dynstr
 *(.dynstr)

.gnu.version
 *(.gnu.version)

.gnu.version_d
 *(.gnu.version_d)

.gnu.version_r
 *(.gnu.version_r)

.rel.init
 *(.rel.init)

.rela.init
 *(.rela.init)

.rel.text
 *(.rel.text)
 *(.rel.text.*)
 *(.rel.gnu.linkonce.t*)

.rela.text
 *(.rela.text)
 *(.rela.text.*)
 *(.rela.gnu.linkonce.t*)

.rel.fini
 *(.rel.fini)

.rela.fini
 *(.rela.fini)

.rel.rodata
 *(.rel.rodata)
 *(.rel.rodata.*)
 *(.rel.gnu.linkonce.r*)

.rela.rodata
 *(.rela.rodata)
 *(.rela.rodata.*)
 *(.rela.gnu.linkonce.r*)

.rel.data
 *(.rel.data)
 *(.rel.data.*)
 *(.rel.gnu.linkonce.d*)

.rela.data
 *(.rela.data)
 *(.rela.data.*)
 *(.rela.gnu.linkonce.d*)

.rel.ctors
 *(.rel.ctors)

.rela.ctors
 *(.rela.ctors)

.rel.dtors
 *(.rel.dtors)

.rela.dtors
 *(.rela.dtors)

.rel.got
 *(.rel.got)

.rela.got
 *(.rela.got)

.rel.bss
 *(.rel.bss)

.rela.bss
 *(.rela.bss)

.rel.plt
 *(.rel.plt)

.rela.plt
 *(.rela.plt)

.text           0x00000000     0x16ee
 *(.vectors)
 .vectors       0x00000000       0x54 c:/winavr-20100110/bin/../lib/gcc/avr/4.3.3/../../../../avr/lib/avr5/crtm16.o
                0x00000000                __vectors
                0x00000000                __vector_default
 *(.vectors)
 *(.progmem.gcc*)
 *(.progmem*)
                0x00000054                . = ALIGN (0x2)
                0x00000054                __trampolines_start = .
 *(.trampolines)
 .trampolines   0x00000054        0x0 linker stubs
 *(.trampolines*)
                0x00000054                __trampolines_end = .
 *(.jumptables)
 *(.jumptables*)
 *(.lowtext)
 *(.lowtext*)
                0x00000054                __ctors_start = .
 *(.ctors)
                0x00000054                __ctors_end = .
                0x00000054                __dtors_start = .
 *(.dtors)
                0x00000054                __dtors_end = .
 SORT(*)(.ctors)
 SORT(*)(.dtors)
 *(.init0)
 .init0         0x00000054        0x0 c:/winavr-20100110/bin/../lib/gcc/avr/4.3.3/../../../../avr/lib/avr5/crtm16.o
                0x00000054                __init
 *(.init0)
 *(.init1)
 *(.init1)
 *(.init2)
 .init2         0x00000054        0xc c:/winavr-20100110/bin/../lib/gcc/avr/4.3.3/../../../../avr/lib/avr5/crtm16.o
 *(.init2)
 *(.init3)
 *(.init3)
 *(.init4)
 .init4         0x00000060       0x16 c:/winavr-20100110/bin/../lib/gcc/avr/4.3.3/avr5\libgcc.a(_copy_data.o)
                0x00000060                __do_copy_data
 .init4         0x00000076       0x10 c:/winavr-20100110/bin/../lib/gcc/avr/4.3.3/avr5\libgcc.a(_clear_bss.o)
                0x00000076                __do_clear_bss
 *(.init4)
 *(.init5)
 *(.init5)
 *(.init6)
 *(.init6)
 *(.init7)
 *(.init7)
 *(.init8)
 *(.init8)
 *(.init9)
 .init9         0x00000086        0x8 c:/winavr-20100110/bin/../lib/gcc/avr/4.3.3/../../../../avr/lib/avr5/crtm16.o
 *(.init9)
 *(.text)
 .text          0x0000008e        0x4 c:/winavr-20100110/bin/../lib/gcc/avr/4.3.3/../../../../avr/lib/avr5/crtm16.o
                0x0000008e                __vector_12
                0x0000008e                __bad_interrupt
                0x0000008e                __vector_6
                0x0000008e                __vector_3
                0x0000008e                __vector_11
                0x0000008e                __vector_13
                0x0000008e                __vector_17
                0x0000008e                __vector_19
                0x0000008e                __vector_7
                0x0000008e                __vector_5
                0x0000008e                __vector_4
                0x0000008e                __vector_9
                0x0000008e                __vector_15
                0x0000008e                __vector_8
                0x0000008e                __vector_14
                0x0000008e                __vector_10
                0x0000008e                __vector_16
                0x0000008e                __vector_20
 .text          0x00000092        0x0 ./MCAL/USART_DRIVER/atmega32_usart_driver.o
 .text          0x00000092        0x0 ./MCAL/GPIO_DRIVER/atmega32_gpio_driver.o
 .text          0x00000092        0x0 ./MCAL/EXTI_DRIVER/atmega32_exti_driver.o
 .text          0x00000092        0x0 ./HAL/LCD_DRIVER/lcd.o
 .text          0x00000092        0x0 ./HAL/KEYPAD_DRIVER/Keypad.o
 .text          0x00000092        0x0 ./main.o
 .text          0x00000092        0x0 c:/winavr-20100110/bin/../lib/gcc/avr/4.3.3/avr5\libgcc.a(_udivmodqi4.o)
 .text          0x00000092        0x0 c:/winavr-20100110/bin/../lib/gcc/avr/4.3.3/avr5\libgcc.a(_exit.o)
 .text          0x00000092        0x0 c:/winavr-20100110/bin/../lib/gcc/avr/4.3.3/avr5\libgcc.a(_copy_data.o)
 .text          0x00000092        0x0 c:/winavr-20100110/bin/../lib/gcc/avr/4.3.3/avr5\libgcc.a(_clear_bss.o)
                0x00000092                . = ALIGN (0x2)
 *(.text.*)
 .text.MCAL_USART_Init
                0x00000092      0x43c ./MCAL/USART_DRIVER/atmega32_usart_driver.o
                0x00000092                MCAL_USART_Init
 .text.MCAL_USART_SEND
                0x000004ce       0x82 ./MCAL/USART_DRIVER/atmega32_usart_driver.o
                0x000004ce                MCAL_USART_SEND
 .text.MCAL_USART_RECEIVE
                0x00000550       0xc4 ./MCAL/USART_DRIVER/atmega32_usart_driver.o
                0x00000550                MCAL_USART_RECEIVE
 .text.MCAL_USART_SendString
                0x00000614       0x60 ./MCAL/USART_DRIVER/atmega32_usart_driver.o
                0x00000614                MCAL_USART_SendString
 .text.MCAL_USART_ReceiveString
                0x00000674       0x4c ./MCAL/USART_DRIVER/atmega32_usart_driver.o
                0x00000674                MCAL_USART_ReceiveString
 .text.MCAL_USART_SendStr_Aysnch
                0x000006c0       0x3e ./MCAL/USART_DRIVER/atmega32_usart_driver.o
                0x000006c0                MCAL_USART_SendStr_Aysnch
 .text.MCAL_USART_SStr_ISR
                0x000006fe       0x62 ./MCAL/USART_DRIVER/atmega32_usart_driver.o
                0x000006fe                MCAL_USART_SStr_ISR
 .text.ISR      0x00000760       0x2e ./MCAL/USART_DRIVER/atmega32_usart_driver.o
                0x00000760                ISR
 .text.MCAL_GPIO_Init
                0x0000078e       0x9c ./MCAL/GPIO_DRIVER/atmega32_gpio_driver.o
                0x0000078e                MCAL_GPIO_Init
 .text.MCAL_GPIO_DInit
                0x0000082a       0x24 ./MCAL/GPIO_DRIVER/atmega32_gpio_driver.o
                0x0000082a                MCAL_GPIO_DInit
 .text.MCAL_GPIO_ReadPin
                0x0000084e       0x38 ./MCAL/GPIO_DRIVER/atmega32_gpio_driver.o
                0x0000084e                MCAL_GPIO_ReadPin
 .text.MCAL_GPIO_ReadPort
                0x00000886       0x1e ./MCAL/GPIO_DRIVER/atmega32_gpio_driver.o
                0x00000886                MCAL_GPIO_ReadPort
 .text.MCAL_GPIO_WritePin
                0x000008a4       0x4e ./MCAL/GPIO_DRIVER/atmega32_gpio_driver.o
                0x000008a4                MCAL_GPIO_WritePin
 .text.MCAL_GPIO_WritePort
                0x000008f2       0x26 ./MCAL/GPIO_DRIVER/atmega32_gpio_driver.o
                0x000008f2                MCAL_GPIO_WritePort
 .text.MCAL_GPIO_TogglePin
                0x00000918       0x2e ./MCAL/GPIO_DRIVER/atmega32_gpio_driver.o
                0x00000918                MCAL_GPIO_TogglePin
 .text.MCAL_EXTI_DEInit
                0x00000946       0x54 ./MCAL/EXTI_DRIVER/atmega32_exti_driver.o
                0x00000946                MCAL_EXTI_DEInit
 .text.MCAL_EXTI_Init
                0x0000099a      0x188 ./MCAL/EXTI_DRIVER/atmega32_exti_driver.o
                0x0000099a                MCAL_EXTI_Init
 .text.__vector_1
                0x00000b22       0x68 ./MCAL/EXTI_DRIVER/atmega32_exti_driver.o
                0x00000b22                __vector_1
 .text.__vector_2
                0x00000b8a       0x68 ./MCAL/EXTI_DRIVER/atmega32_exti_driver.o
                0x00000b8a                __vector_2
 .text.__vector_18
                0x00000bf2       0x68 ./MCAL/EXTI_DRIVER/atmega32_exti_driver.o
                0x00000bf2                __vector_18
 .text._delay_ms
                0x00000c5a       0x9a ./HAL/LCD_DRIVER/lcd.o
                0x00000c5a                _delay_ms
 .text.LCD_INIT
                0x00000cf4      0x184 ./HAL/LCD_DRIVER/lcd.o
                0x00000cf4                LCD_INIT
 .text.LCD_clear_screen
                0x00000e78       0x14 ./HAL/LCD_DRIVER/lcd.o
                0x00000e78                LCD_clear_screen
 .text.LCD_check_lcd_isbusy
                0x00000e8c      0x1d6 ./HAL/LCD_DRIVER/lcd.o
                0x00000e8c                LCD_check_lcd_isbusy
 .text.LCD_lcd_kick
                0x00001062       0x32 ./HAL/LCD_DRIVER/lcd.o
                0x00001062                LCD_lcd_kick
 .text.LCD_GOTO_XY
                0x00001094       0x40 ./HAL/LCD_DRIVER/lcd.o
                0x00001094                LCD_GOTO_XY
 .text.LCD_WRITE_COMMAND
                0x000010d4       0x46 ./HAL/LCD_DRIVER/lcd.o
                0x000010d4                LCD_WRITE_COMMAND
 .text.LCD_WRITE_CHAR
                0x0000111a       0x46 ./HAL/LCD_DRIVER/lcd.o
                0x0000111a                LCD_WRITE_CHAR
 .text.LCD_WRITE_Number
                0x00001160       0x4e ./HAL/LCD_DRIVER/lcd.o
                0x00001160                LCD_WRITE_Number
 .text.LCD_WRITE_STRING
                0x000011ae       0x7c ./HAL/LCD_DRIVER/lcd.o
                0x000011ae                LCD_WRITE_STRING
 .text.LCD_Generate_Ch
                0x0000122a       0x5c ./HAL/LCD_DRIVER/lcd.o
                0x0000122a                LCD_Generate_Ch
 .text.Wait_ms  0x00001286       0x9a ./HAL/KEYPAD_DRIVER/Keypad.o
                0x00001286                Wait_ms
 .text.Keypad_init
                0x00001320       0xe8 ./HAL/KEYPAD_DRIVER/Keypad.o
                0x00001320                Keypad_init
 .text.Keypad_getkey
                0x00001408      0x25e ./HAL/KEYPAD_DRIVER/Keypad.o
                0x00001408                Keypad_getkey
 .text.main     0x00001666       0x6c ./main.o
                0x00001666                main
 .text.libgcc   0x000016d2       0x18 c:/winavr-20100110/bin/../lib/gcc/avr/4.3.3/avr5\libgcc.a(_udivmodqi4.o)
                0x000016d2                __udivmodqi4
 .text.libgcc   0x000016ea        0x0 c:/winavr-20100110/bin/../lib/gcc/avr/4.3.3/avr5\libgcc.a(_exit.o)
 .text.libgcc   0x000016ea        0x0 c:/winavr-20100110/bin/../lib/gcc/avr/4.3.3/avr5\libgcc.a(_copy_data.o)
 .text.libgcc   0x000016ea        0x0 c:/winavr-20100110/bin/../lib/gcc/avr/4.3.3/avr5\libgcc.a(_clear_bss.o)
                0x000016ea                . = ALIGN (0x2)
 *(.fini9)
 .fini9         0x000016ea        0x0 c:/winavr-20100110/bin/../lib/gcc/avr/4.3.3/avr5\libgcc.a(_exit.o)
                0x000016ea                exit
                0x000016ea                _exit
 *(.fini9)
 *(.fini8)
 *(.fini8)
 *(.fini7)
 *(.fini7)
 *(.fini6)
 *(.fini6)
 *(.fini5)
 *(.fini5)
 *(.fini4)
 *(.fini4)
 *(.fini3)
 *(.fini3)
 *(.fini2)
 *(.fini2)
 *(.fini1)
 *(.fini1)
 *(.fini0)
 .fini0         0x000016ea        0x4 c:/winavr-20100110/bin/../lib/gcc/avr/4.3.3/avr5\libgcc.a(_exit.o)
 *(.fini0)
                0x000016ee                _etext = .

.data           0x00800060       0x1a load address 0x000016ee
                0x00800060                PROVIDE (__data_start, .)
 *(.data)
 .data          0x00800060        0x0 c:/winavr-20100110/bin/../lib/gcc/avr/4.3.3/../../../../avr/lib/avr5/crtm16.o
 .data          0x00800060        0x0 ./MCAL/USART_DRIVER/atmega32_usart_driver.o
 .data          0x00800060        0x0 ./MCAL/GPIO_DRIVER/atmega32_gpio_driver.o
 .data          0x00800060        0x0 ./MCAL/EXTI_DRIVER/atmega32_exti_driver.o
 .data          0x00800060        0x0 ./HAL/LCD_DRIVER/lcd.o
 .data          0x00800060        0x0 ./HAL/KEYPAD_DRIVER/Keypad.o
 .data          0x00800060        0x8 ./main.o
 .data          0x00800068        0x0 c:/winavr-20100110/bin/../lib/gcc/avr/4.3.3/avr5\libgcc.a(_udivmodqi4.o)
 .data          0x00800068        0x0 c:/winavr-20100110/bin/../lib/gcc/avr/4.3.3/avr5\libgcc.a(_exit.o)
 .data          0x00800068        0x0 c:/winavr-20100110/bin/../lib/gcc/avr/4.3.3/avr5\libgcc.a(_copy_data.o)
 .data          0x00800068        0x0 c:/winavr-20100110/bin/../lib/gcc/avr/4.3.3/avr5\libgcc.a(_clear_bss.o)
 *(.data*)
 .data.flag_send
                0x00800068        0x1 ./MCAL/USART_DRIVER/atmega32_usart_driver.o
 .data.c.1903   0x00800069        0x1 ./MCAL/USART_DRIVER/atmega32_usart_driver.o
 .data.Key_padRow
                0x0080006a        0x8 ./HAL/KEYPAD_DRIVER/Keypad.o
                0x0080006a                Key_padRow
 .data.Key_padCol
                0x00800072        0x8 ./HAL/KEYPAD_DRIVER/Keypad.o
                0x00800072                Key_padCol
 *(.rodata)
 *(.rodata*)
 *(.gnu.linkonce.d*)
                0x0080007a                . = ALIGN (0x2)
                0x0080007a                _edata = .
                0x0080007a                PROVIDE (__data_end, .)

.bss            0x0080007a        0xe
                0x0080007a                PROVIDE (__bss_start, .)
 *(.bss)
 .bss           0x0080007a        0x0 c:/winavr-20100110/bin/../lib/gcc/avr/4.3.3/../../../../avr/lib/avr5/crtm16.o
 .bss           0x0080007a        0x0 ./MCAL/USART_DRIVER/atmega32_usart_driver.o
 .bss           0x0080007a        0x0 ./MCAL/GPIO_DRIVER/atmega32_gpio_driver.o
 .bss           0x0080007a        0x0 ./MCAL/EXTI_DRIVER/atmega32_exti_driver.o
 .bss           0x0080007a        0x0 ./HAL/LCD_DRIVER/lcd.o
 .bss           0x0080007a        0x0 ./HAL/KEYPAD_DRIVER/Keypad.o
 .bss           0x0080007a        0x0 ./main.o
 .bss           0x0080007a        0x0 c:/winavr-20100110/bin/../lib/gcc/avr/4.3.3/avr5\libgcc.a(_udivmodqi4.o)
 .bss           0x0080007a        0x0 c:/winavr-20100110/bin/../lib/gcc/avr/4.3.3/avr5\libgcc.a(_exit.o)
 .bss           0x0080007a        0x0 c:/winavr-20100110/bin/../lib/gcc/avr/4.3.3/avr5\libgcc.a(_copy_data.o)
 .bss           0x0080007a        0x0 c:/winavr-20100110/bin/../lib/gcc/avr/4.3.3/avr5\libgcc.a(_clear_bss.o)
 *(.bss*)
 .bss.Tx_Str    0x0080007a        0x2 ./MCAL/USART_DRIVER/atmega32_usart_driver.o
 *(COMMON)
 COMMON         0x0080007c        0x2 ./MCAL/USART_DRIVER/atmega32_usart_driver.o
                0x0080007c                GL_USART_Config
 COMMON         0x0080007e        0x6 ./MCAL/EXTI_DRIVER/atmega32_exti_driver.o
                0x0080007e                GP_FuncCallBack
 COMMON         0x00800084        0x2 ./HAL/LCD_DRIVER/lcd.o
                0x00800084                LCD_pinconfig
 COMMON         0x00800086        0x2 ./HAL/KEYPAD_DRIVER/Keypad.o
                0x00800086                KEYPAD_pinconfig
                0x00800088                PROVIDE (__bss_end, .)
                0x000016ee                __data_load_start = LOADADDR (.data)
                0x00001708                __data_load_end = (__data_load_start + SIZEOF (.data))

.noinit         0x00800088        0x0
                0x00800088                PROVIDE (__noinit_start, .)
 *(.noinit*)
                0x00800088                PROVIDE (__noinit_end, .)
                0x00800088                _end = .
                0x00800088                PROVIDE (__heap_start, .)

.eeprom         0x00810000        0x0
 *(.eeprom*)
                0x00810000                __eeprom_end = .

.fuse
 *(.fuse)
 *(.lfuse)
 *(.hfuse)
 *(.efuse)

.lock
 *(.lock*)

.signature
 *(.signature*)

.stab
 *(.stab)

.stabstr
 *(.stabstr)

.stab.excl
 *(.stab.excl)

.stab.exclstr
 *(.stab.exclstr)

.stab.index
 *(.stab.index)

.stab.indexstr
 *(.stab.indexstr)

.comment
 *(.comment)

.debug
 *(.debug)

.line
 *(.line)

.debug_srcinfo
 *(.debug_srcinfo)

.debug_sfnames
 *(.debug_sfnames)

.debug_aranges  0x00000000      0x1a8
 *(.debug_aranges)
 .debug_aranges
                0x00000000       0x58 ./MCAL/USART_DRIVER/atmega32_usart_driver.o
 .debug_aranges
                0x00000058       0x50 ./MCAL/GPIO_DRIVER/atmega32_gpio_driver.o
 .debug_aranges
                0x000000a8       0x40 ./MCAL/EXTI_DRIVER/atmega32_exti_driver.o
 .debug_aranges
                0x000000e8       0x70 ./HAL/LCD_DRIVER/lcd.o
 .debug_aranges
                0x00000158       0x30 ./HAL/KEYPAD_DRIVER/Keypad.o
 .debug_aranges
                0x00000188       0x20 ./main.o

.debug_pubnames
                0x00000000      0x386
 *(.debug_pubnames)
 .debug_pubnames
                0x00000000       0xda ./MCAL/USART_DRIVER/atmega32_usart_driver.o
 .debug_pubnames
                0x000000da       0xad ./MCAL/GPIO_DRIVER/atmega32_gpio_driver.o
 .debug_pubnames
                0x00000187       0x7c ./MCAL/EXTI_DRIVER/atmega32_exti_driver.o
 .debug_pubnames
                0x00000203       0xf5 ./HAL/LCD_DRIVER/lcd.o
 .debug_pubnames
                0x000002f8       0x73 ./HAL/KEYPAD_DRIVER/Keypad.o
 .debug_pubnames
                0x0000036b       0x1b ./main.o

.debug_info     0x00000000      0xdb1
 *(.debug_info)
 .debug_info    0x00000000      0x352 ./MCAL/USART_DRIVER/atmega32_usart_driver.o
 .debug_info    0x00000352      0x25c ./MCAL/GPIO_DRIVER/atmega32_gpio_driver.o
 .debug_info    0x000005ae      0x23d ./MCAL/EXTI_DRIVER/atmega32_exti_driver.o
 .debug_info    0x000007eb      0x298 ./HAL/LCD_DRIVER/lcd.o
 .debug_info    0x00000a83      0x1b6 ./HAL/KEYPAD_DRIVER/Keypad.o
 .debug_info    0x00000c39      0x178 ./main.o
 *(.gnu.linkonce.wi.*)

.debug_abbrev   0x00000000      0x5db
 *(.debug_abbrev)
 .debug_abbrev  0x00000000      0x14b ./MCAL/USART_DRIVER/atmega32_usart_driver.o
 .debug_abbrev  0x0000014b       0xc8 ./MCAL/GPIO_DRIVER/atmega32_gpio_driver.o
 .debug_abbrev  0x00000213       0xf1 ./MCAL/EXTI_DRIVER/atmega32_exti_driver.o
 .debug_abbrev  0x00000304      0x13b ./HAL/LCD_DRIVER/lcd.o
 .debug_abbrev  0x0000043f       0xf6 ./HAL/KEYPAD_DRIVER/Keypad.o
 .debug_abbrev  0x00000535       0xa6 ./main.o

.debug_line     0x00000000     0x1628
 *(.debug_line)
 .debug_line    0x00000000      0x52c ./MCAL/USART_DRIVER/atmega32_usart_driver.o
 .debug_line    0x0000052c      0x280 ./MCAL/GPIO_DRIVER/atmega32_gpio_driver.o
 .debug_line    0x000007ac      0x2a6 ./MCAL/EXTI_DRIVER/atmega32_exti_driver.o
 .debug_line    0x00000a52      0x6eb ./HAL/LCD_DRIVER/lcd.o
 .debug_line    0x0000113d      0x34d ./HAL/KEYPAD_DRIVER/Keypad.o
 .debug_line    0x0000148a      0x19e ./main.o

.debug_frame    0x00000000      0x290
 *(.debug_frame)
 .debug_frame   0x00000000       0x90 ./MCAL/USART_DRIVER/atmega32_usart_driver.o
 .debug_frame   0x00000090       0x80 ./MCAL/GPIO_DRIVER/atmega32_gpio_driver.o
 .debug_frame   0x00000110       0x60 ./MCAL/EXTI_DRIVER/atmega32_exti_driver.o
 .debug_frame   0x00000170       0xc0 ./HAL/LCD_DRIVER/lcd.o
 .debug_frame   0x00000230       0x40 ./HAL/KEYPAD_DRIVER/Keypad.o
 .debug_frame   0x00000270       0x20 ./main.o

.debug_str      0x00000000      0x673
 *(.debug_str)
 .debug_str     0x00000000      0x2a2 ./MCAL/USART_DRIVER/atmega32_usart_driver.o
                                0x2fa (size before relaxing)
 .debug_str     0x000002a2       0xfd ./MCAL/GPIO_DRIVER/atmega32_gpio_driver.o
                                0x1f9 (size before relaxing)
 .debug_str     0x0000039f      0x11f ./MCAL/EXTI_DRIVER/atmega32_exti_driver.o
                                0x25a (size before relaxing)
 .debug_str     0x000004be       0xf9 ./HAL/LCD_DRIVER/lcd.o
                                0x231 (size before relaxing)
 .debug_str     0x000005b7       0x6c ./HAL/KEYPAD_DRIVER/Keypad.o
                                0x196 (size before relaxing)
 .debug_str     0x00000623       0x50 ./main.o
                                0x1a7 (size before relaxing)

.debug_loc
 *(.debug_loc)

.debug_macinfo
 *(.debug_macinfo)
OUTPUT(UART_Three_Tricks.elf elf32-avr)
LOAD linker stubs

.debug_ranges   0x00000000      0x178
 .debug_ranges  0x00000000       0x50 ./MCAL/USART_DRIVER/atmega32_usart_driver.o
 .debug_ranges  0x00000050       0x48 ./MCAL/GPIO_DRIVER/atmega32_gpio_driver.o
 .debug_ranges  0x00000098       0x38 ./MCAL/EXTI_DRIVER/atmega32_exti_driver.o
 .debug_ranges  0x000000d0       0x68 ./HAL/LCD_DRIVER/lcd.o
 .debug_ranges  0x00000138       0x28 ./HAL/KEYPAD_DRIVER/Keypad.o
 .debug_ranges  0x00000160       0x18 ./main.o
