
Allocating common symbols
Common symbol       size              file

i                   0x4               startup.o

Memory Configuration

Name             Origin             Length             Attributes
flash            0x00000000         0x00020000         xr
sram             0x20000000         0x00005000         xrw
*default*        0x00000000         0xffffffff

Linker script and memory map


.text           0x00000000      0x1e0
 *(.vectors*)
 .vectors       0x00000000       0x1c startup.o
                0x00000000                Vector_ptr
 *(.text*)
 .text          0x0000001c       0xc8 main.o
                0x0000001c                main
 .text          0x000000e4       0xfc startup.o
                0x000000e4                Reset_Handler
                0x000001d4                MM_Fault_Handler
                0x000001d4                Bus_Fault_Handler
                0x000001d4                Default_Handler
                0x000001d4                Usage_Fault_Handler
                0x000001d4                Hard_Fault_Handler
                0x000001d4                NMI_Handler
 *(.rodata)
                0x000001e0                E_text = .

.glue_7         0x000001e0        0x0
 .glue_7        0x00000000        0x0 linker stubs

.glue_7t        0x000001e0        0x0
 .glue_7t       0x00000000        0x0 linker stubs

.vfp11_veneer   0x000001e0        0x0
 .vfp11_veneer  0x00000000        0x0 linker stubs

.v4_bx          0x000001e0        0x0
 .v4_bx         0x00000000        0x0 linker stubs

.iplt           0x000001e0        0x0
 .iplt          0x00000000        0x0 main.o

.rel.dyn        0x000001e0        0x0
 .rel.iplt      0x00000000        0x0 main.o

.data           0x20000000        0x0 load address 0x000001e0
                0x20000000                S_data = .
 *(.data)
 .data          0x20000000        0x0 main.o
 .data          0x20000000        0x0 startup.o
                0x20000000                . = ALIGN (0x4)
                0x20000000                E_data = .

.igot.plt       0x20000000        0x0 load address 0x000001e0
 .igot.plt      0x00000000        0x0 main.o

.bss            0x20000000      0x404 load address 0x000001e0
                0x20000000                S_bss = .
 *(.bss*)
 .bss           0x20000000        0x0 main.o
 .bss           0x20000000      0x400 startup.o
                0x20000400                E_bss = .
 COMMON         0x20000400        0x4 startup.o
                0x20000400                i
LOAD main.o
LOAD startup.o
OUTPUT(Toggle_Led_TivaC.elf elf32-littlearm)

.debug_info     0x00000000      0x270
 .debug_info    0x00000000       0xb5 main.o
 .debug_info    0x000000b5      0x1bb startup.o

.debug_abbrev   0x00000000      0x140
 .debug_abbrev  0x00000000       0x67 main.o
 .debug_abbrev  0x00000067       0xd9 startup.o

.debug_loc      0x00000000       0x9c
 .debug_loc     0x00000000       0x38 main.o
 .debug_loc     0x00000038       0x64 startup.o

.debug_aranges  0x00000000       0x40
 .debug_aranges
                0x00000000       0x20 main.o
 .debug_aranges
                0x00000020       0x20 startup.o

.debug_line     0x00000000      0x17d
 .debug_line    0x00000000       0xbc main.o
 .debug_line    0x000000bc       0xc1 startup.o

.debug_str      0x00000000      0x175
 .debug_str     0x00000000       0xdd main.o
                                0x116 (size before relaxing)
 .debug_str     0x000000dd       0x98 startup.o
                                0x1a1 (size before relaxing)

.comment        0x00000000       0x11
 .comment       0x00000000       0x11 main.o
                                 0x12 (size before relaxing)
 .comment       0x00000000       0x12 startup.o

.ARM.attributes
                0x00000000       0x33
 .ARM.attributes
                0x00000000       0x33 main.o
 .ARM.attributes
                0x00000033       0x33 startup.o

.debug_frame    0x00000000       0x78
 .debug_frame   0x00000000       0x2c main.o
 .debug_frame   0x0000002c       0x4c startup.o
