Archive member included to satisfy reference by file (symbol)

f:/embedded system/6-stm 32/program ide  is installed/stm32cubeide_1.12.1/stm32cubeide/plugins/com.st.stm32cube.ide.mcu.externaltools.gnu-tools-for-stm32.10.3-2021.10.win32_1.0.200.202301161003/tools/bin/../lib/gcc/arm-none-eabi/10.3.1/../../../../arm-none-eabi/lib/thumb/v7-m/nofp\libc_nano.a(lib_a-errno.o)
                              ./Src/syscalls.o (__errno)
f:/embedded system/6-stm 32/program ide  is installed/stm32cubeide_1.12.1/stm32cubeide/plugins/com.st.stm32cube.ide.mcu.externaltools.gnu-tools-for-stm32.10.3-2021.10.win32_1.0.200.202301161003/tools/bin/../lib/gcc/arm-none-eabi/10.3.1/../../../../arm-none-eabi/lib/thumb/v7-m/nofp\libc_nano.a(lib_a-exit.o)
                              f:/embedded system/6-stm 32/program ide  is installed/stm32cubeide_1.12.1/stm32cubeide/plugins/com.st.stm32cube.ide.mcu.externaltools.gnu-tools-for-stm32.10.3-2021.10.win32_1.0.200.202301161003/tools/bin/../lib/gcc/arm-none-eabi/10.3.1/../../../../arm-none-eabi/lib/thumb/v7-m/nofp/crt0.o (exit)
f:/embedded system/6-stm 32/program ide  is installed/stm32cubeide_1.12.1/stm32cubeide/plugins/com.st.stm32cube.ide.mcu.externaltools.gnu-tools-for-stm32.10.3-2021.10.win32_1.0.200.202301161003/tools/bin/../lib/gcc/arm-none-eabi/10.3.1/../../../../arm-none-eabi/lib/thumb/v7-m/nofp\libc_nano.a(lib_a-impure.o)
                              f:/embedded system/6-stm 32/program ide  is installed/stm32cubeide_1.12.1/stm32cubeide/plugins/com.st.stm32cube.ide.mcu.externaltools.gnu-tools-for-stm32.10.3-2021.10.win32_1.0.200.202301161003/tools/bin/../lib/gcc/arm-none-eabi/10.3.1/../../../../arm-none-eabi/lib/thumb/v7-m/nofp\libc_nano.a(lib_a-exit.o) (_global_impure_ptr)
f:/embedded system/6-stm 32/program ide  is installed/stm32cubeide_1.12.1/stm32cubeide/plugins/com.st.stm32cube.ide.mcu.externaltools.gnu-tools-for-stm32.10.3-2021.10.win32_1.0.200.202301161003/tools/bin/../lib/gcc/arm-none-eabi/10.3.1/../../../../arm-none-eabi/lib/thumb/v7-m/nofp\libc_nano.a(lib_a-init.o)
                              f:/embedded system/6-stm 32/program ide  is installed/stm32cubeide_1.12.1/stm32cubeide/plugins/com.st.stm32cube.ide.mcu.externaltools.gnu-tools-for-stm32.10.3-2021.10.win32_1.0.200.202301161003/tools/bin/../lib/gcc/arm-none-eabi/10.3.1/../../../../arm-none-eabi/lib/thumb/v7-m/nofp/crt0.o (__libc_init_array)
f:/embedded system/6-stm 32/program ide  is installed/stm32cubeide_1.12.1/stm32cubeide/plugins/com.st.stm32cube.ide.mcu.externaltools.gnu-tools-for-stm32.10.3-2021.10.win32_1.0.200.202301161003/tools/bin/../lib/gcc/arm-none-eabi/10.3.1/../../../../arm-none-eabi/lib/thumb/v7-m/nofp\libc_nano.a(lib_a-memset.o)
                              f:/embedded system/6-stm 32/program ide  is installed/stm32cubeide_1.12.1/stm32cubeide/plugins/com.st.stm32cube.ide.mcu.externaltools.gnu-tools-for-stm32.10.3-2021.10.win32_1.0.200.202301161003/tools/bin/../lib/gcc/arm-none-eabi/10.3.1/../../../../arm-none-eabi/lib/thumb/v7-m/nofp/crt0.o (memset)

Discarded input sections

 .text          0x0000000000000000        0x0 f:/embedded system/6-stm 32/program ide  is installed/stm32cubeide_1.12.1/stm32cubeide/plugins/com.st.stm32cube.ide.mcu.externaltools.gnu-tools-for-stm32.10.3-2021.10.win32_1.0.200.202301161003/tools/bin/../lib/gcc/arm-none-eabi/10.3.1/thumb/v7-m/nofp/crti.o
 .data          0x0000000000000000        0x0 f:/embedded system/6-stm 32/program ide  is installed/stm32cubeide_1.12.1/stm32cubeide/plugins/com.st.stm32cube.ide.mcu.externaltools.gnu-tools-for-stm32.10.3-2021.10.win32_1.0.200.202301161003/tools/bin/../lib/gcc/arm-none-eabi/10.3.1/thumb/v7-m/nofp/crti.o
 .bss           0x0000000000000000        0x0 f:/embedded system/6-stm 32/program ide  is installed/stm32cubeide_1.12.1/stm32cubeide/plugins/com.st.stm32cube.ide.mcu.externaltools.gnu-tools-for-stm32.10.3-2021.10.win32_1.0.200.202301161003/tools/bin/../lib/gcc/arm-none-eabi/10.3.1/thumb/v7-m/nofp/crti.o
 .data          0x0000000000000000        0x4 f:/embedded system/6-stm 32/program ide  is installed/stm32cubeide_1.12.1/stm32cubeide/plugins/com.st.stm32cube.ide.mcu.externaltools.gnu-tools-for-stm32.10.3-2021.10.win32_1.0.200.202301161003/tools/bin/../lib/gcc/arm-none-eabi/10.3.1/thumb/v7-m/nofp/crtbegin.o
 .rodata        0x0000000000000000       0x24 f:/embedded system/6-stm 32/program ide  is installed/stm32cubeide_1.12.1/stm32cubeide/plugins/com.st.stm32cube.ide.mcu.externaltools.gnu-tools-for-stm32.10.3-2021.10.win32_1.0.200.202301161003/tools/bin/../lib/gcc/arm-none-eabi/10.3.1/thumb/v7-m/nofp/crtbegin.o
 .text          0x0000000000000000       0x7c f:/embedded system/6-stm 32/program ide  is installed/stm32cubeide_1.12.1/stm32cubeide/plugins/com.st.stm32cube.ide.mcu.externaltools.gnu-tools-for-stm32.10.3-2021.10.win32_1.0.200.202301161003/tools/bin/../lib/gcc/arm-none-eabi/10.3.1/../../../../arm-none-eabi/lib/thumb/v7-m/nofp/crt0.o
[...]
Memory Configuration

Name             Origin             Length             Attributes
RAM              0x0000000020000000 0x0000000000002800 xrw
FLASH            0x0000000008000000 0x0000000000008000 xr
*default*        0x0000000000000000 0xffffffffffffffff

Linker script and memory map

LOAD f:/embedded system/6-stm 32/program ide  is installed/stm32cubeide_1.12.1/stm32cubeide/plugins/com.st.stm32cube.ide.mcu.externaltools.gnu-tools-for-stm32.10.3-2021.10.win32_1.0.200.202301161003/tools/bin/../lib/gcc/arm-none-eabi/10.3.1/thumb/v7-m/nofp/crti.o
LOAD f:/embedded system/6-stm 32/program ide  is installed/stm32cubeide_1.12.1/stm32cubeide/plugins/com.st.stm32cube.ide.mcu.externaltools.gnu-tools-for-stm32.10.3-2021.10.win32_1.0.200.202301161003/tools/bin/../lib/gcc/arm-none-eabi/10.3.1/thumb/v7-m/nofp/crtbegin.o
LOAD f:/embedded system/6-stm 32/program ide  is installed/stm32cubeide_1.12.1/stm32cubeide/plugins/com.st.stm32cube.ide.mcu.externaltools.gnu-tools-for-stm32.10.3-2021.10.win32_1.0.200.202301161003/tools/bin/../lib/gcc/arm-none-eabi/10.3.1/../../../../arm-none-eabi/lib/thumb/v7-m/nofp/crt0.o
LOAD ./STM32_F103C6_Drivers/HAL_KEYPAD_DRIVER/Keypad.o
LOAD ./STM32_F103C6_Drivers/HAL_LCD_DRIVER/lcd.o
LOAD ./STM32_F103C6_Drivers/MCAL_EXTI_DRIVER/stm32f103x6_exti_driver.o
LOAD ./STM32_F103C6_Drivers/MCAL_GPIO_DRIVER/stm32f103x6_gpio_driver.o
LOAD ./Src/main.o
LOAD ./Src/syscalls.o
LOAD ./Src/sysmem.o
LOAD ./Startup/startup_stm32f103c6tx.o
START GROUP
LOAD f:/embedded system/6-stm 32/program ide  is installed/stm32cubeide_1.12.1/stm32cubeide/plugins/com.st.stm32cube.ide.mcu.externaltools.gnu-tools-for-stm32.10.3-2021.10.win32_1.0.200.202301161003/tools/bin/../lib/gcc/arm-none-eabi/10.3.1/../../../../arm-none-eabi/lib/thumb/v7-m/nofp\libc_nano.a
LOAD f:/embedded system/6-stm 32/program ide  is installed/stm32cubeide_1.12.1/stm32cubeide/plugins/com.st.stm32cube.ide.mcu.externaltools.gnu-tools-for-stm32.10.3-2021.10.win32_1.0.200.202301161003/tools/bin/../lib/gcc/arm-none-eabi/10.3.1/../../../../arm-none-eabi/lib/thumb/v7-m/nofp\libm.a
END GROUP
START GROUP
LOAD f:/embedded system/6-stm 32/program ide  is installed/stm32cubeide_1.12.1/stm32cubeide/plugins/com.st.stm32cube.ide.mcu.externaltools.gnu-tools-for-stm32.10.3-2021.10.win32_1.0.200.202301161003/tools/bin/../lib/gcc/arm-none-eabi/10.3.1/thumb/v7-m/nofp\libgcc.a
LOAD f:/embedded system/6-stm 32/program ide  is installed/stm32cubeide_1.12.1/stm32cubeide/plugins/com.st.stm32cube.ide.mcu.externaltools.gnu-tools-for-stm32.10.3-2021.10.win32_1.0.200.202301161003/tools/bin/../lib/gcc/arm-none-eabi/10.3.1/../../../../arm-none-eabi/lib/thumb/v7-m/nofp\libg_nano.a
LOAD f:/embedded system/6-stm 32/program ide  is installed/stm32cubeide_1.12.1/stm32cubeide/plugins/com.st.stm32cube.ide.mcu.externaltools.gnu-tools-for-stm32.10.3-2021.10.win32_1.0.200.202301161003/tools/bin/../lib/gcc/arm-none-eabi/10.3.1/../../../../arm-none-eabi/lib/thumb/v7-m/nofp\libc_nano.a
END GROUP
START GROUP
LOAD f:/embedded system/6-stm 32/program ide  is installed/stm32cubeide_1.12.1/stm32cubeide/plugins/com.st.stm32cube.ide.mcu.externaltools.gnu-tools-for-stm32.10.3-2021.10.win32_1.0.200.202301161003/tools/bin/../lib/gcc/arm-none-eabi/10.3.1/thumb/v7-m/nofp\libgcc.a
LOAD f:/embedded system/6-stm 32/program ide  is installed/stm32cubeide_1.12.1/stm32cubeide/plugins/com.st.stm32cube.ide.mcu.externaltools.gnu-tools-for-stm32.10.3-2021.10.win32_1.0.200.202301161003/tools/bin/../lib/gcc/arm-none-eabi/10.3.1/../../../../arm-none-eabi/lib/thumb/v7-m/nofp\libc_nano.a
LOAD f:/embedded system/6-stm 32/program ide  is installed/stm32cubeide_1.12.1/stm32cubeide/plugins/com.st.stm32cube.ide.mcu.externaltools.gnu-tools-for-stm32.10.3-2021.10.win32_1.0.200.202301161003/tools/bin/../lib/gcc/arm-none-eabi/10.3.1/../../../../arm-none-eabi/lib/thumb/v7-m/nofp\libnosys.a
END GROUP
START GROUP
LOAD f:/embedded system/6-stm 32/program ide  is installed/stm32cubeide_1.12.1/stm32cubeide/plugins/com.st.stm32cube.ide.mcu.externaltools.gnu-tools-for-stm32.10.3-2021.10.win32_1.0.200.202301161003/tools/bin/../lib/gcc/arm-none-eabi/10.3.1/thumb/v7-m/nofp\libgcc.a
LOAD f:/embedded system/6-stm 32/program ide  is installed/stm32cubeide_1.12.1/stm32cubeide/plugins/com.st.stm32cube.ide.mcu.externaltools.gnu-tools-for-stm32.10.3-2021.10.win32_1.0.200.202301161003/tools/bin/../lib/gcc/arm-none-eabi/10.3.1/../../../../arm-none-eabi/lib/thumb/v7-m/nofp\libc_nano.a
LOAD f:/embedded system/6-stm 32/program ide  is installed/stm32cubeide_1.12.1/stm32cubeide/plugins/com.st.stm32cube.ide.mcu.externaltools.gnu-tools-for-stm32.10.3-2021.10.win32_1.0.200.202301161003/tools/bin/../lib/gcc/arm-none-eabi/10.3.1/../../../../arm-none-eabi/lib/thumb/v7-m/nofp\libnosys.a
END GROUP
LOAD f:/embedded system/6-stm 32/program ide  is installed/stm32cubeide_1.12.1/stm32cubeide/plugins/com.st.stm32cube.ide.mcu.externaltools.gnu-tools-for-stm32.10.3-2021.10.win32_1.0.200.202301161003/tools/bin/../lib/gcc/arm-none-eabi/10.3.1/thumb/v7-m/nofp/crtend.o
LOAD f:/embedded system/6-stm 32/program ide  is installed/stm32cubeide_1.12.1/stm32cubeide/plugins/com.st.stm32cube.ide.mcu.externaltools.gnu-tools-for-stm32.10.3-2021.10.win32_1.0.200.202301161003/tools/bin/../lib/gcc/arm-none-eabi/10.3.1/thumb/v7-m/nofp/crtn.o
                0x0000000020002800                _estack = (ORIGIN (RAM) + LENGTH (RAM))
                0x0000000000000200                _Min_Heap_Size = 0x200
                0x0000000000000400                _Min_Stack_Size = 0x400

.isr_vector     0x0000000008000000      0x130
                0x0000000008000000                . = ALIGN (0x4)
 *(.isr_vector)
 .isr_vector    0x0000000008000000      0x130 ./Startup/startup_stm32f103c6tx.o
                0x0000000008000000                g_pfnVectors
                0x0000000008000130                . = ALIGN (0x4)

.text           0x0000000008000130      0xe00
                0x0000000008000130                . = ALIGN (0x4)
 *(.text)
 .text          0x0000000008000130       0x40 f:/embedded system/6-stm 32/program ide  is installed/stm32cubeide_1.12.1/stm32cubeide/plugins/com.st.stm32cube.ide.mcu.externaltools.gnu-tools-for-stm32.10.3-2021.10.win32_1.0.200.202301161003/tools/bin/../lib/gcc/arm-none-eabi/10.3.1/thumb/v7-m/nofp/crtbegin.o
 *(.text*)
 .text._delay_ms
                0x0000000008000170       0x3a ./STM32_F103C6_Drivers/HAL_LCD_DRIVER/lcd.o
                0x0000000008000170                _delay_ms
 *fill*         0x00000000080001aa        0x2 
 .text.LCD_INIT
                0x00000000080001ac      0x180 ./STM32_F103C6_Drivers/HAL_LCD_DRIVER/lcd.o
                0x00000000080001ac                LCD_INIT
 .text.LCD_clear_screen
                0x000000000800032c        0xe ./STM32_F103C6_Drivers/HAL_LCD_DRIVER/lcd.o
                0x000000000800032c                LCD_clear_screen
 *fill*         0x000000000800033a        0x2 
 .text.LCD_lcd_kick
                0x000000000800033c       0x2c ./STM32_F103C6_Drivers/HAL_LCD_DRIVER/lcd.o
                0x000000000800033c                LCD_lcd_kick
 .text.LCD_GOTO_XY
                0x0000000008000368       0x48 ./STM32_F103C6_Drivers/HAL_LCD_DRIVER/lcd.o
                0x0000000008000368                LCD_GOTO_XY
 .text.LCD_WRITE_COMMAND
                0x00000000080003b0       0x44 ./STM32_F103C6_Drivers/HAL_LCD_DRIVER/lcd.o
                0x00000000080003b0                LCD_WRITE_COMMAND
 .text.LCD_WRITE_CHAR
                0x00000000080003f4       0x44 ./STM32_F103C6_Drivers/HAL_LCD_DRIVER/lcd.o
                0x00000000080003f4                LCD_WRITE_CHAR
 .text.LCD_WRITE_STRING
                0x0000000008000438       0x5a ./STM32_F103C6_Drivers/HAL_LCD_DRIVER/lcd.o
                0x0000000008000438                LCD_WRITE_STRING
 *fill*         0x0000000008000492        0x2 
 .text.NVIC__EXTI_IRQ_ENABLE
                0x0000000008000494       0xe8 ./STM32_F103C6_Drivers/MCAL_EXTI_DRIVER/stm32f103x6_exti_driver.o
                0x0000000008000494                NVIC__EXTI_IRQ_ENABLE
 .text.NVIC__EXTI_IRQ_DISABLE
                0x000000000800057c       0xec ./STM32_F103C6_Drivers/MCAL_EXTI_DRIVER/stm32f103x6_exti_driver.o
                0x000000000800057c                NVIC__EXTI_IRQ_DISABLE
 .text.MCAL_EXTI_Init
                0x0000000008000668      0x1b8 ./STM32_F103C6_Drivers/MCAL_EXTI_DRIVER/stm32f103x6_exti_driver.o
                0x0000000008000668                MCAL_EXTI_Init
 .text.EXTI0_IRQHandler
                0x0000000008000820       0x24 ./STM32_F103C6_Drivers/MCAL_EXTI_DRIVER/stm32f103x6_exti_driver.o
                0x0000000008000820                EXTI0_IRQHandler
 .text.EXTI1_IRQHandler
                0x0000000008000844       0x24 ./STM32_F103C6_Drivers/MCAL_EXTI_DRIVER/stm32f103x6_exti_driver.o
                0x0000000008000844                EXTI1_IRQHandler
 .text.EXTI2_IRQHandler
                0x0000000008000868       0x24 ./STM32_F103C6_Drivers/MCAL_EXTI_DRIVER/stm32f103x6_exti_driver.o
                0x0000000008000868                EXTI2_IRQHandler
 .text.EXTI3_IRQHandler
                0x000000000800088c       0x24 ./STM32_F103C6_Drivers/MCAL_EXTI_DRIVER/stm32f103x6_exti_driver.o
                0x000000000800088c                EXTI3_IRQHandler
 .text.EXTI4_IRQHandler
                0x00000000080008b0       0x24 ./STM32_F103C6_Drivers/MCAL_EXTI_DRIVER/stm32f103x6_exti_driver.o
                0x00000000080008b0                EXTI4_IRQHandler
 .text.EXTI9_5_IRQHandler
                0x00000000080008d4       0xa8 ./STM32_F103C6_Drivers/MCAL_EXTI_DRIVER/stm32f103x6_exti_driver.o
                0x00000000080008d4                EXTI9_5_IRQHandler
 .text.EXTI15_10_IRQHandler
                0x000000000800097c       0xc4 ./STM32_F103C6_Drivers/MCAL_EXTI_DRIVER/stm32f103x6_exti_driver.o
                0x000000000800097c                EXTI15_10_IRQHandler
 .text.MCAL_GPIO_Enable_ClocK
                0x0000000008000a40       0x7c ./STM32_F103C6_Drivers/MCAL_GPIO_DRIVER/stm32f103x6_gpio_driver.o
                0x0000000008000a40                MCAL_GPIO_Enable_ClocK
 .text.Get_Pos_CRLH
                0x0000000008000abc      0x170 ./STM32_F103C6_Drivers/MCAL_GPIO_DRIVER/stm32f103x6_gpio_driver.o
                0x0000000008000abc                Get_Pos_CRLH
 .text.MCAL_GPIO_Init
                0x0000000008000c2c      0x148 ./STM32_F103C6_Drivers/MCAL_GPIO_DRIVER/stm32f103x6_gpio_driver.o
                0x0000000008000c2c                MCAL_GPIO_Init
 .text.MCAL_GPIO_WritePin
                0x0000000008000d74       0x32 ./STM32_F103C6_Drivers/MCAL_GPIO_DRIVER/stm32f103x6_gpio_driver.o
                0x0000000008000d74                MCAL_GPIO_WritePin
 .text.MCAL_GPIO_WritePort
                0x0000000008000da6       0x1c ./STM32_F103C6_Drivers/MCAL_GPIO_DRIVER/stm32f103x6_gpio_driver.o
                0x0000000008000da6                MCAL_GPIO_WritePort
 .text.wait_ms  0x0000000008000dc2       0x3a ./Src/main.o
                0x0000000008000dc2                wait_ms
 .text.EXTI9_CALLBACK
                0x0000000008000dfc       0x1c ./Src/main.o
                0x0000000008000dfc                EXTI9_CALLBACK
 .text.main     0x0000000008000e18       0x64 ./Src/main.o
                0x0000000008000e18                main
 .text.Reset_Handler
                0x0000000008000e7c       0x50 ./Startup/startup_stm32f103c6tx.o
                0x0000000008000e7c                Reset_Handler
 .text.Default_Handler
                0x0000000008000ecc        0x2 ./Startup/startup_stm32f103c6tx.o
                0x0000000008000ecc                TIM8_TRG_COM_IRQHandler
                0x0000000008000ecc                TIM8_CC_IRQHandler
                0x0000000008000ecc                DebugMon_Handler
                0x0000000008000ecc                TIM1_CC_IRQHandler
                0x0000000008000ecc                HardFault_Handler
                0x0000000008000ecc                TIM6_IRQHandler
                0x0000000008000ecc                SysTick_Handler
                0x0000000008000ecc                PVD_IRQHandler
                0x0000000008000ecc                SDIO_IRQHandler
                0x0000000008000ecc                PendSV_Handler
                0x0000000008000ecc                NMI_Handler
                0x0000000008000ecc                USB_HP_CAN_TX_IRQHandler
                0x0000000008000ecc                I2C2_EV_IRQHandler
                0x0000000008000ecc                UsageFault_Handler
                0x0000000008000ecc                ADC1_2_IRQHandler
                0x0000000008000ecc                SPI1_IRQHandler
                0x0000000008000ecc                CAN_SCE_IRQHandler
                0x0000000008000ecc                TAMPER_IRQHandler
                0x0000000008000ecc                TIM8_UP_IRQHandler
                0x0000000008000ecc                DMA2_Channel2_IRQHandler
                0x0000000008000ecc                DMA1_Channel4_IRQHandler
                0x0000000008000ecc                USART3_IRQHandler
                0x0000000008000ecc                RTC_IRQHandler
                0x0000000008000ecc                DMA1_Channel7_IRQHandler
                0x0000000008000ecc                UART5_IRQHandler
                0x0000000008000ecc                ADC3_IRQHandler
                0x0000000008000ecc                TIM4_IRQHandler
                0x0000000008000ecc                CAN_RX1_IRQHandler
                0x0000000008000ecc                DMA2_Channel1_IRQHandler
                0x0000000008000ecc                I2C1_EV_IRQHandler
                0x0000000008000ecc                DMA1_Channel6_IRQHandler
                0x0000000008000ecc                UART4_IRQHandler
                0x0000000008000ecc                TIM3_IRQHandler
                0x0000000008000ecc                RCC_IRQHandler
                0x0000000008000ecc                TIM1_TRG_COM_IRQHandler
                0x0000000008000ecc                DMA1_Channel1_IRQHandler
                0x0000000008000ecc                Default_Handler
                0x0000000008000ecc                TIM7_IRQHandler
                0x0000000008000ecc                TIM5_IRQHandler
                0x0000000008000ecc                SPI2_IRQHandler
                0x0000000008000ecc                USB_LP_CAN_RX0_IRQHandler
                0x0000000008000ecc                MemManage_Handler
                0x0000000008000ecc                SVC_Handler
                0x0000000008000ecc                DMA1_Channel5_IRQHandler
                0x0000000008000ecc                DMA1_Channel3_IRQHandler
                0x0000000008000ecc                FSMC_IRQHandler
                0x0000000008000ecc                TIM1_UP_IRQHandler
                0x0000000008000ecc                WWDG_IRQHandler
                0x0000000008000ecc                TIM2_IRQHandler
                0x0000000008000ecc                TIM1_BRK_IRQHandler
                0x0000000008000ecc                RTCAlarm_IRQHandler
                0x0000000008000ecc                DMA2_Channel4_5_IRQHandler
                0x0000000008000ecc                USART2_IRQHandler
                0x0000000008000ecc                I2C2_ER_IRQHandler
                0x0000000008000ecc                DMA1_Channel2_IRQHandler
                0x0000000008000ecc                TIM8_BRK_IRQHandler
                0x0000000008000ecc                FLASH_IRQHandler
                0x0000000008000ecc                BusFault_Handler
                0x0000000008000ecc                USART1_IRQHandler
                0x0000000008000ecc                SPI3_IRQHandler
                0x0000000008000ecc                I2C1_ER_IRQHandler
                0x0000000008000ecc                DMA2_Channel3_IRQHandler
 *fill*         0x0000000008000ece        0x2 
 .text.__libc_init_array
                0x0000000008000ed0       0x48 f:/embedded system/6-stm 32/program ide  is installed/stm32cubeide_1.12.1/stm32cubeide/plugins/com.st.stm32cube.ide.mcu.externaltools.gnu-tools-for-stm32.10.3-2021.10.win32_1.0.200.202301161003/tools/bin/../lib/gcc/arm-none-eabi/10.3.1/../../../../arm-none-eabi/lib/thumb/v7-m/nofp\libc_nano.a(lib_a-init.o)
                0x0000000008000ed0                __libc_init_array
 *(.glue_7)
 .glue_7        0x0000000008000f18        0x0 linker stubs
 *(.glue_7t)
 .glue_7t       0x0000000008000f18        0x0 linker stubs
 *(.eh_frame)
 .eh_frame      0x0000000008000f18        0x0 f:/embedded system/6-stm 32/program ide  is installed/stm32cubeide_1.12.1/stm32cubeide/plugins/com.st.stm32cube.ide.mcu.externaltools.gnu-tools-for-stm32.10.3-2021.10.win32_1.0.200.202301161003/tools/bin/../lib/gcc/arm-none-eabi/10.3.1/thumb/v7-m/nofp/crtbegin.o
 *(.init)
 .init          0x0000000008000f18        0x4 f:/embedded system/6-stm 32/program ide  is installed/stm32cubeide_1.12.1/stm32cubeide/plugins/com.st.stm32cube.ide.mcu.externaltools.gnu-tools-for-stm32.10.3-2021.10.win32_1.0.200.202301161003/tools/bin/../lib/gcc/arm-none-eabi/10.3.1/thumb/v7-m/nofp/crti.o
                0x0000000008000f18                _init
 .init          0x0000000008000f1c        0x8 f:/embedded system/6-stm 32/program ide  is installed/stm32cubeide_1.12.1/stm32cubeide/plugins/com.st.stm32cube.ide.mcu.externaltools.gnu-tools-for-stm32.10.3-2021.10.win32_1.0.200.202301161003/tools/bin/../lib/gcc/arm-none-eabi/10.3.1/thumb/v7-m/nofp/crtn.o
 *(.fini)
 .fini          0x0000000008000f24        0x4 f:/embedded system/6-stm 32/program ide  is installed/stm32cubeide_1.12.1/stm32cubeide/plugins/com.st.stm32cube.ide.mcu.externaltools.gnu-tools-for-stm32.10.3-2021.10.win32_1.0.200.202301161003/tools/bin/../lib/gcc/arm-none-eabi/10.3.1/thumb/v7-m/nofp/crti.o
                0x0000000008000f24                _fini
 .fini          0x0000000008000f28        0x8 f:/embedded system/6-stm 32/program ide  is installed/stm32cubeide_1.12.1/stm32cubeide/plugins/com.st.stm32cube.ide.mcu.externaltools.gnu-tools-for-stm32.10.3-2021.10.win32_1.0.200.202301161003/tools/bin/../lib/gcc/arm-none-eabi/10.3.1/thumb/v7-m/nofp/crtn.o
                0x0000000008000f30                . = ALIGN (0x4)
                0x0000000008000f30                _etext = .

.vfp11_veneer   0x0000000008000f30        0x0
 .vfp11_veneer  0x0000000008000f30        0x0 linker stubs

.v4_bx          0x0000000008000f30        0x0
 .v4_bx         0x0000000008000f30        0x0 linker stubs

.iplt           0x0000000008000f30        0x0
 .iplt          0x0000000008000f30        0x0 f:/embedded system/6-stm 32/program ide  is installed/stm32cubeide_1.12.1/stm32cubeide/plugins/com.st.stm32cube.ide.mcu.externaltools.gnu-tools-for-stm32.10.3-2021.10.win32_1.0.200.202301161003/tools/bin/../lib/gcc/arm-none-eabi/10.3.1/thumb/v7-m/nofp/crtbegin.o

.rodata         0x0000000008000f30       0x28
                0x0000000008000f30                . = ALIGN (0x4)
 *(.rodata)
 .rodata        0x0000000008000f30       0x28 ./Src/main.o
 *(.rodata*)
                0x0000000008000f58                . = ALIGN (0x4)

.rel.dyn        0x0000000008000f58        0x0
 .rel.iplt      0x0000000008000f58        0x0 f:/embedded system/6-stm 32/program ide  is installed/stm32cubeide_1.12.1/stm32cubeide/plugins/com.st.stm32cube.ide.mcu.externaltools.gnu-tools-for-stm32.10.3-2021.10.win32_1.0.200.202301161003/tools/bin/../lib/gcc/arm-none-eabi/10.3.1/thumb/v7-m/nofp/crtbegin.o

.ARM.extab      0x0000000008000f58        0x0
                0x0000000008000f58                . = ALIGN (0x4)
 *(.ARM.extab* .gnu.linkonce.armextab.*)
                0x0000000008000f58                . = ALIGN (0x4)

.ARM            0x0000000008000f58        0x0
                0x0000000008000f58                . = ALIGN (0x4)
                0x0000000008000f58                __exidx_start = .
 *(.ARM.exidx*)
                0x0000000008000f58                __exidx_end = .
                0x0000000008000f58                . = ALIGN (0x4)

.preinit_array  0x0000000008000f58        0x0
                0x0000000008000f58                . = ALIGN (0x4)
                0x0000000008000f58                PROVIDE (__preinit_array_start = .)
 *(.preinit_array*)
                0x0000000008000f58                PROVIDE (__preinit_array_end = .)
                0x0000000008000f58                . = ALIGN (0x4)

.init_array     0x0000000008000f58        0x4
                0x0000000008000f58                . = ALIGN (0x4)
                0x0000000008000f58                PROVIDE (__init_array_start = .)
 *(SORT_BY_NAME(.init_array.*))
 *(.init_array*)
 .init_array    0x0000000008000f58        0x4 f:/embedded system/6-stm 32/program ide  is installed/stm32cubeide_1.12.1/stm32cubeide/plugins/com.st.stm32cube.ide.mcu.externaltools.gnu-tools-for-stm32.10.3-2021.10.win32_1.0.200.202301161003/tools/bin/../lib/gcc/arm-none-eabi/10.3.1/thumb/v7-m/nofp/crtbegin.o
                0x0000000008000f5c                PROVIDE (__init_array_end = .)
                0x0000000008000f5c                . = ALIGN (0x4)

.fini_array     0x0000000008000f5c        0x4
                0x0000000008000f5c                . = ALIGN (0x4)
                [!provide]                        PROVIDE (__fini_array_start = .)
 *(SORT_BY_NAME(.fini_array.*))
 *(.fini_array*)
 .fini_array    0x0000000008000f5c        0x4 f:/embedded system/6-stm 32/program ide  is installed/stm32cubeide_1.12.1/stm32cubeide/plugins/com.st.stm32cube.ide.mcu.externaltools.gnu-tools-for-stm32.10.3-2021.10.win32_1.0.200.202301161003/tools/bin/../lib/gcc/arm-none-eabi/10.3.1/thumb/v7-m/nofp/crtbegin.o
                [!provide]                        PROVIDE (__fini_array_end = .)
                0x0000000008000f60                . = ALIGN (0x4)
                0x0000000008000f60                _sidata = LOADADDR (.data)

.data           0x0000000020000000        0x0 load address 0x0000000008000f60
                0x0000000020000000                . = ALIGN (0x4)
                0x0000000020000000                _sdata = .
 *(.data)
 *(.data*)
 *(.RamFunc)
 *(.RamFunc*)
                0x0000000020000000                . = ALIGN (0x4)
                0x0000000020000000                _edata = .

.igot.plt       0x0000000020000000        0x0 load address 0x0000000008000f60
 .igot.plt      0x0000000020000000        0x0 f:/embedded system/6-stm 32/program ide  is installed/stm32cubeide_1.12.1/stm32cubeide/plugins/com.st.stm32cube.ide.mcu.externaltools.gnu-tools-for-stm32.10.3-2021.10.win32_1.0.200.202301161003/tools/bin/../lib/gcc/arm-none-eabi/10.3.1/thumb/v7-m/nofp/crtbegin.o
                0x0000000020000000                . = ALIGN (0x4)

.bss            0x0000000020000000       0x68 load address 0x0000000008000f60
                0x0000000020000000                _sbss = .
                0x0000000020000000                __bss_start__ = _sbss
 *(.bss)
 .bss           0x0000000020000000       0x1c f:/embedded system/6-stm 32/program ide  is installed/stm32cubeide_1.12.1/stm32cubeide/plugins/com.st.stm32cube.ide.mcu.externaltools.gnu-tools-for-stm32.10.3-2021.10.win32_1.0.200.202301161003/tools/bin/../lib/gcc/arm-none-eabi/10.3.1/thumb/v7-m/nofp/crtbegin.o
 *(.bss*)
 .bss.LCD_pinconfig
                0x000000002000001c        0xc ./STM32_F103C6_Drivers/HAL_LCD_DRIVER/lcd.o
                0x000000002000001c                LCD_pinconfig
 .bss.GP_FuncCallBack
                0x0000000020000028       0x40 ./STM32_F103C6_Drivers/MCAL_EXTI_DRIVER/stm32f103x6_exti_driver.o
                0x0000000020000028                GP_FuncCallBack
 *(COMMON)
                0x0000000020000068                . = ALIGN (0x4)
                0x0000000020000068                _ebss = .
                0x0000000020000068                __bss_end__ = _ebss

._user_heap_stack
                0x0000000020000068      0x600 load address 0x0000000008000f60
                0x0000000020000068                . = ALIGN (0x8)
                [!provide]                        PROVIDE (end = .)
                0x0000000020000068                PROVIDE (_end = .)
                0x0000000020000268                . = (. + _Min_Heap_Size)
 *fill*         0x0000000020000068      0x200 
                0x0000000020000668                . = (. + _Min_Stack_Size)
 *fill*         0x0000000020000268      0x400 
                0x0000000020000668                . = ALIGN (0x8)

/DISCARD/
 libc.a(*)
 libm.a(*)
 libgcc.a(*)

.ARM.attributes
                0x0000000000000000       0x29
 *(.ARM.attributes)
 .ARM.attributes
                0x0000000000000000       0x1d f:/embedded system/6-stm 32/program ide  is installed/stm32cubeide_1.12.1/stm32cubeide/plugins/com.st.stm32cube.ide.mcu.externaltools.gnu-tools-for-stm32.10.3-2021.10.win32_1.0.200.202301161003/tools/bin/../lib/gcc/arm-none-eabi/10.3.1/thumb/v7-m/nofp/crti.o
 .ARM.attributes
                0x000000000000001d       0x2d f:/embedded system/6-stm 32/program ide  is installed/stm32cubeide_1.12.1/stm32cubeide/plugins/com.st.stm32cube.ide.mcu.externaltools.gnu-tools-for-stm32.10.3-2021.10.win32_1.0.200.202301161003/tools/bin/../lib/gcc/arm-none-eabi/10.3.1/thumb/v7-m/nofp/crtbegin.o
 .ARM.attributes
                0x000000000000004a       0x2d ./STM32_F103C6_Drivers/HAL_LCD_DRIVER/lcd.o
 .ARM.attributes
                0x0000000000000077       0x2d ./STM32_F103C6_Drivers/MCAL_EXTI_DRIVER/stm32f103x6_exti_driver.o
 .ARM.attributes
                0x00000000000000a4       0x2d ./STM32_F103C6_Drivers/MCAL_GPIO_DRIVER/stm32f103x6_gpio_driver.o
 .ARM.attributes
                0x00000000000000d1       0x2d ./Src/main.o
 .ARM.attributes
                0x00000000000000fe       0x21 ./Startup/startup_stm32f103c6tx.o
 .ARM.attributes
                0x000000000000011f       0x2d f:/embedded system/6-stm 32/program ide  is installed/stm32cubeide_1.12.1/stm32cubeide/plugins/com.st.stm32cube.ide.mcu.externaltools.gnu-tools-for-stm32.10.3-2021.10.win32_1.0.200.202301161003/tools/bin/../lib/gcc/arm-none-eabi/10.3.1/../../../../arm-none-eabi/lib/thumb/v7-m/nofp\libc_nano.a(lib_a-init.o)
 .ARM.attributes
                0x000000000000014c       0x1d f:/embedded system/6-stm 32/program ide  is installed/stm32cubeide_1.12.1/stm32cubeide/plugins/com.st.stm32cube.ide.mcu.externaltools.gnu-tools-for-stm32.10.3-2021.10.win32_1.0.200.202301161003/tools/bin/../lib/gcc/arm-none-eabi/10.3.1/thumb/v7-m/nofp/crtn.o
OUTPUT(PRO_EXTI_DRIVER.elf elf32-littlearm)
LOAD linker stubs
LOAD f:/embedded system/6-stm 32/program ide  is installed/stm32cubeide_1.12.1/stm32cubeide/plugins/com.st.stm32cube.ide.mcu.externaltools.gnu-tools-for-stm32.10.3-2021.10.win32_1.0.200.202301161003/tools/bin/../lib/gcc/arm-none-eabi/10.3.1/../../../../arm-none-eabi/lib/thumb/v7-m/nofp\libc.a
LOAD f:/embedded system/6-stm 32/program ide  is installed/stm32cubeide_1.12.1/stm32cubeide/plugins/com.st.stm32cube.ide.mcu.externaltools.gnu-tools-for-stm32.10.3-2021.10.win32_1.0.200.202301161003/tools/bin/../lib/gcc/arm-none-eabi/10.3.1/../../../../arm-none-eabi/lib/thumb/v7-m/nofp\libm.a
LOAD f:/embedded system/6-stm 32/program ide  is installed/stm32cubeide_1.12.1/stm32cubeide/plugins/com.st.stm32cube.ide.mcu.externaltools.gnu-tools-for-stm32.10.3-2021.10.win32_1.0.200.202301161003/tools/bin/../lib/gcc/arm-none-eabi/10.3.1/thumb/v7-m/nofp\libgcc.a

.debug_info     0x0000000000000000     0x1117
 .debug_info    0x0000000000000000      0x38b ./STM32_F103C6_Drivers/HAL_LCD_DRIVER/lcd.o
 .debug_info    0x000000000000038b      0x4ed ./STM32_F103C6_Drivers/MCAL_EXTI_DRIVER/stm32f103x6_exti_driver.o
 .debug_info    0x0000000000000878      0x4cd ./STM32_F103C6_Drivers/MCAL_GPIO_DRIVER/stm32f103x6_gpio_driver.o
 .debug_info    0x0000000000000d45      0x3b0 ./Src/main.o
 .debug_info    0x00000000000010f5       0x22 ./Startup/startup_stm32f103c6tx.o

.debug_abbrev   0x0000000000000000      0x5ea
 .debug_abbrev  0x0000000000000000      0x190 ./STM32_F103C6_Drivers/HAL_LCD_DRIVER/lcd.o
 .debug_abbrev  0x0000000000000190      0x189 ./STM32_F103C6_Drivers/MCAL_EXTI_DRIVER/stm32f103x6_exti_driver.o
 .debug_abbrev  0x0000000000000319      0x16d ./STM32_F103C6_Drivers/MCAL_GPIO_DRIVER/stm32f103x6_gpio_driver.o
 .debug_abbrev  0x0000000000000486      0x152 ./Src/main.o
 .debug_abbrev  0x00000000000005d8       0x12 ./Startup/startup_stm32f103c6tx.o

.debug_loc      0x0000000000000000      0x9a0
 .debug_loc     0x0000000000000000      0x278 ./STM32_F103C6_Drivers/HAL_LCD_DRIVER/lcd.o
 .debug_loc     0x0000000000000278      0x280 ./STM32_F103C6_Drivers/MCAL_EXTI_DRIVER/stm32f103x6_exti_driver.o
 .debug_loc     0x00000000000004f8      0x3e8 ./STM32_F103C6_Drivers/MCAL_GPIO_DRIVER/stm32f103x6_gpio_driver.o
 .debug_loc     0x00000000000008e0       0xc0 ./Src/main.o

.debug_aranges  0x0000000000000000      0x1a0
 .debug_aranges
                0x0000000000000000       0x68 ./STM32_F103C6_Drivers/HAL_LCD_DRIVER/lcd.o
 .debug_aranges
                0x0000000000000068       0x70 ./STM32_F103C6_Drivers/MCAL_EXTI_DRIVER/stm32f103x6_exti_driver.o
 .debug_aranges
                0x00000000000000d8       0x70 ./STM32_F103C6_Drivers/MCAL_GPIO_DRIVER/stm32f103x6_gpio_driver.o
 .debug_aranges
                0x0000000000000148       0x30 ./Src/main.o
 .debug_aranges
                0x0000000000000178       0x28 ./Startup/startup_stm32f103c6tx.o

.debug_ranges   0x0000000000000000      0x158
 .debug_ranges  0x0000000000000000       0x58 ./STM32_F103C6_Drivers/HAL_LCD_DRIVER/lcd.o
 .debug_ranges  0x0000000000000058       0x60 ./STM32_F103C6_Drivers/MCAL_EXTI_DRIVER/stm32f103x6_exti_driver.o
 .debug_ranges  0x00000000000000b8       0x60 ./STM32_F103C6_Drivers/MCAL_GPIO_DRIVER/stm32f103x6_gpio_driver.o
 .debug_ranges  0x0000000000000118       0x20 ./Src/main.o
 .debug_ranges  0x0000000000000138       0x20 ./Startup/startup_stm32f103c6tx.o

.debug_macro    0x0000000000000000      0xeb5
 .debug_macro   0x0000000000000000      0x200 ./STM32_F103C6_Drivers/HAL_LCD_DRIVER/lcd.o
 .debug_macro   0x0000000000000200       0xa0 ./STM32_F103C6_Drivers/HAL_LCD_DRIVER/lcd.o
 .debug_macro   0x00000000000002a0      0x200 ./STM32_F103C6_Drivers/MCAL_EXTI_DRIVER/stm32f103x6_exti_driver.o
 .debug_macro   0x00000000000004a0       0xd6 ./STM32_F103C6_Drivers/MCAL_EXTI_DRIVER/stm32f103x6_exti_driver.o
 .debug_macro   0x0000000000000576      0x22b ./STM32_F103C6_Drivers/MCAL_EXTI_DRIVER/stm32f103x6_exti_driver.o
 .debug_macro   0x00000000000007a1      0x1f1 ./STM32_F103C6_Drivers/MCAL_GPIO_DRIVER/stm32f103x6_gpio_driver.o
 .debug_macro   0x0000000000000992      0x20c ./Src/main.o
 .debug_macro   0x0000000000000b9e      0x231 ./Src/main.o
 .debug_macro   0x0000000000000dcf       0xa6 ./Src/main.o
 .debug_macro   0x0000000000000e75       0x40 ./Src/main.o

.debug_line     0x0000000000000000     0x29b2
 .debug_line    0x0000000000000000      0xa6b ./STM32_F103C6_Drivers/HAL_LCD_DRIVER/lcd.o
 .debug_line    0x0000000000000a6b      0xbc7 ./STM32_F103C6_Drivers/MCAL_EXTI_DRIVER/stm32f103x6_exti_driver.o
 .debug_line    0x0000000000001632      0xac0 ./STM32_F103C6_Drivers/MCAL_GPIO_DRIVER/stm32f103x6_gpio_driver.o
 .debug_line    0x00000000000020f2      0x83c ./Src/main.o
 .debug_line    0x000000000000292e       0x84 ./Startup/startup_stm32f103c6tx.o

.debug_str      0x0000000000000000     0x9bf8
 .debug_str     0x0000000000000000     0x849a ./STM32_F103C6_Drivers/HAL_LCD_DRIVER/lcd.o
                                       0x8619 (size before relaxing)
 .debug_str     0x000000000000849a     0x1534 ./STM32_F103C6_Drivers/MCAL_EXTI_DRIVER/stm32f103x6_exti_driver.o
                                       0x97b7 (size before relaxing)
 .debug_str     0x00000000000099ce      0x128 ./STM32_F103C6_Drivers/MCAL_GPIO_DRIVER/stm32f103x6_gpio_driver.o
                                       0x83e7 (size before relaxing)
 .debug_str     0x0000000000009af6       0xd1 ./Src/main.o
                                       0x9931 (size before relaxing)
 .debug_str     0x0000000000009bc7       0x31 ./Startup/startup_stm32f103c6tx.o
                                         0xa3 (size before relaxing)

.comment        0x0000000000000000       0x50
 .comment       0x0000000000000000       0x50 ./STM32_F103C6_Drivers/HAL_LCD_DRIVER/lcd.o
                                         0x51 (size before relaxing)
 .comment       0x0000000000000050       0x51 ./STM32_F103C6_Drivers/MCAL_EXTI_DRIVER/stm32f103x6_exti_driver.o
 .comment       0x0000000000000050       0x51 ./STM32_F103C6_Drivers/MCAL_GPIO_DRIVER/stm32f103x6_gpio_driver.o
 .comment       0x0000000000000050       0x51 ./Src/main.o

.debug_frame    0x0000000000000000      0x524
 .debug_frame   0x0000000000000000      0x154 ./STM32_F103C6_Drivers/HAL_LCD_DRIVER/lcd.o
 .debug_frame   0x0000000000000154      0x168 ./STM32_F103C6_Drivers/MCAL_EXTI_DRIVER/stm32f103x6_exti_driver.o
 .debug_frame   0x00000000000002bc      0x1c8 ./STM32_F103C6_Drivers/MCAL_GPIO_DRIVER/stm32f103x6_gpio_driver.o
 .debug_frame   0x0000000000000484       0x74 ./Src/main.o
 .debug_frame   0x00000000000004f8       0x2c f:/embedded system/6-stm 32/program ide  is installed/stm32cubeide_1.12.1/stm32cubeide/plugins/com.st.stm32cube.ide.mcu.externaltools.gnu-tools-for-stm32.10.3-2021.10.win32_1.0.200.202301161003/tools/bin/../lib/gcc/arm-none-eabi/10.3.1/../../../../arm-none-eabi/lib/thumb/v7-m/nofp\libc_nano.a(lib_a-init.o)
