Archive member included to satisfy reference by file (symbol)

f:/embedded system/6-stm 32/program ide  is installed/stm32cubeide_1.12.1/stm32cubeide/plugins/com.st.stm32cube.ide.mcu.externaltools.gnu-tools-for-stm32.10.3-2021.10.win32_1.0.200.202301161003/tools/bin/../lib/gcc/arm-none-eabi/10.3.1/../../../../arm-none-eabi/lib/thumb/v7-m/nofp\libc_nano.a(lib_a-errno.o)
                              ./Src/syscalls.o (__errno)
f:/embedded system/6-stm 32/program ide  is installed/stm32cubeide_1.12.1/stm32cubeide/plugins/com.st.stm32cube.ide.mcu.externaltools.gnu-tools-for-stm32.10.3-2021.10.win32_1.0.200.202301161003/tools/bin/../lib/gcc/arm-none-eabi/10.3.1/../../../../arm-none-eabi/lib/thumb/v7-m/nofp\libc_nano.a(lib_a-exit.o)
                              f:/embedded system/6-stm 32/program ide  is installed/stm32cubeide_1.12.1/stm32cubeide/plugins/com.st.stm32cube.ide.mcu.externaltools.gnu-tools-for-stm32.10.3-2021.10.win32_1.0.200.202301161003/tools/bin/../lib/gcc/arm-none-eabi/10.3.1/../../../../arm-none-eabi/lib/thumb/v7-m/nofp/crt0.o (exit)
f:/embedded system/6-stm 32/program ide  is installed/stm32cubeide_1.12.1/stm32cubeide/plugins/com.st.stm32cube.ide.mcu.externaltools.gnu-tools-for-stm32.10.3-2021.10.win32_1.0.200.202301161003/tools/bin/../lib/gcc/arm-none-eabi/10.3.1/../../../../arm-none-eabi/lib/thumb/v7-m/nofp\libc_nano.a(lib_a-impure.o)
                              f:/embedded system/6-stm 32/program ide  is installed/stm32cubeide_1.12.1/stm32cubeide/plugins/com.st.stm32cube.ide.mcu.externaltools.gnu-tools-for-stm32.10.3-2021.10.win32_1.0.200.202301161003/tools/bin/../lib/gcc/arm-none-eabi/10.3.1/../../../../arm-none-eabi/lib/thumb/v7-m/nofp\libc_nano.a(lib_a-exit.o) (_global_impure_ptr)
f:/embedded system/6-stm 32/program ide  is installed/stm32cubeide_1.12.1/stm32cubeide/plugins/com.st.stm32cube.ide.mcu.externaltools.gnu-tools-for-stm32.10.3-2021.10.win32_1.0.200.202301161003/tools/bin/../lib/gcc/arm-none-eabi/10.3.1/../../../../arm-none-eabi/lib/thumb/v7-m/nofp\libc_nano.a(lib_a-init.o)
                              f:/embedded system/6-stm 32/program ide  is installed/stm32cubeide_1.12.1/stm32cubeide/plugins/com.st.stm32cube.ide.mcu.externaltools.gnu-tools-for-stm32.10.3-2021.10.win32_1.0.200.202301161003/tools/bin/../lib/gcc/arm-none-eabi/10.3.1/../../../../arm-none-eabi/lib/thumb/v7-m/nofp/crt0.o (__libc_init_array)
f:/embedded system/6-stm 32/program ide  is installed/stm32cubeide_1.12.1/stm32cubeide/plugins/com.st.stm32cube.ide.mcu.externaltools.gnu-tools-for-stm32.10.3-2021.10.win32_1.0.200.202301161003/tools/bin/../lib/gcc/arm-none-eabi/10.3.1/../../../../arm-none-eabi/lib/thumb/v7-m/nofp\libc_nano.a(lib_a-memset.o)
                              f:/embedded system/6-stm 32/program ide  is installed/stm32cubeide_1.12.1/stm32cubeide/plugins/com.st.stm32cube.ide.mcu.externaltools.gnu-tools-for-stm32.10.3-2021.10.win32_1.0.200.202301161003/tools/bin/../lib/gcc/arm-none-eabi/10.3.1/../../../../arm-none-eabi/lib/thumb/v7-m/nofp/crt0.o (memset)

Discarded input sections

 .text          0x0000000000000000        0x0 f:/embedded system/6-stm 32/program ide  is installed/stm32cubeide_1.12.1/stm32cubeide/plugins/com.st.stm32cube.ide.mcu.externaltools.gnu-tools-for-stm32.10.3-2021.10.win32_1.0.200.202301161003/tools/bin/../lib/gcc/arm-none-eabi/10.3.1/thumb/v7-m/nofp/crti.o
 .data          0x0000000000000000        0x0 f:/embedded system/6-stm 32/program ide  is installed/stm32cubeide_1.12.1/stm32cubeide/plugins/com.st.stm32cube.ide.mcu.externaltools.gnu-tools-for-stm32.10.3-2021.10.win32_1.0.200.202301161003/tools/bin/../lib/gcc/arm-none-eabi/10.3.1/thumb/v7-m/nofp/crti.o
 .bss           0x0000000000000000        0x0 f:/embedded system/6-stm 32/program ide  is installed/stm32cubeide_1.12.1/stm32cubeide/plugins/com.st.stm32cube.ide.mcu.externaltools.gnu-tools-for-stm32.10.3-2021.10.win32_1.0.200.202301161003/tools/bin/../lib/gcc/arm-none-eabi/10.3.1/thumb/v7-m/nofp/crti.o
 .data          0x0000000000000000        0x4 f:/embedded system/6-stm 32/program ide  is installed/stm32cubeide_1.12.1/stm32cubeide/plugins/com.st.stm32cube.ide.mcu.externaltools.gnu-tools-for-stm32.10.3-2021.10.win32_1.0.200.202301161003/tools/bin/../lib/gcc/arm-none-eabi/10.3.1/thumb/v7-m/nofp/crtbegin.o
 .rodata        0x0000000000000000       0x24 f:/embedded system/6-stm 32/program ide  is installed/stm32cubeide_1.12.1/stm32cubeide/plugins/com.st.stm32cube.ide.mcu.externaltools.gnu-tools-for-stm32.10.3-2021.10.win32_1.0.200.202301161003/tools/bin/../lib/gcc/arm-none-eabi/10.3.1/thumb/v7-m/nofp/crtbegin.o
 .text          0x0000000000000000       0x7c f:/embedded system/6-stm 32/program ide  is installed/stm32cubeide_1.12.1/stm32cubeide/plugins/com.st.stm32cube.ide.mcu.externaltools.gnu-tools-for-stm32.10.3-2021.10.win32_1.0.200.202301161003/tools/bin/../lib/gcc/arm-none-eabi/10.3.1/../../../../arm-none-eabi/lib/thumb/v7-m/nofp/crt0.o
[...]
Memory Configuration

Name             Origin             Length             Attributes
RAM              0x0000000020000000 0x0000000000002800 xrw
FLASH            0x0000000008000000 0x0000000000008000 xr
*default*        0x0000000000000000 0xffffffffffffffff

Linker script and memory map

LOAD f:/embedded system/6-stm 32/program ide  is installed/stm32cubeide_1.12.1/stm32cubeide/plugins/com.st.stm32cube.ide.mcu.externaltools.gnu-tools-for-stm32.10.3-2021.10.win32_1.0.200.202301161003/tools/bin/../lib/gcc/arm-none-eabi/10.3.1/thumb/v7-m/nofp/crti.o
LOAD f:/embedded system/6-stm 32/program ide  is installed/stm32cubeide_1.12.1/stm32cubeide/plugins/com.st.stm32cube.ide.mcu.externaltools.gnu-tools-for-stm32.10.3-2021.10.win32_1.0.200.202301161003/tools/bin/../lib/gcc/arm-none-eabi/10.3.1/thumb/v7-m/nofp/crtbegin.o
LOAD f:/embedded system/6-stm 32/program ide  is installed/stm32cubeide_1.12.1/stm32cubeide/plugins/com.st.stm32cube.ide.mcu.externaltools.gnu-tools-for-stm32.10.3-2021.10.win32_1.0.200.202301161003/tools/bin/../lib/gcc/arm-none-eabi/10.3.1/../../../../arm-none-eabi/lib/thumb/v7-m/nofp/crt0.o
LOAD ./HAL/KEYPAD_DRIVER/Keypad.o
LOAD ./HAL/LCD_DRIVER/lcd.o
LOAD ./MCAL/EXTI_DRIVER/stm32f103x6_exti_driver.o
LOAD ./MCAL/GPIO_DRIVER/stm32f103x6_gpio_driver.o
LOAD ./MCAL/Partial_RCC_DRIVER/stm32f103x6_rcc_driver.o
LOAD ./MCAL/SPI_DRIVER/stm32f103x6_spi_driver.o
LOAD ./MCAL/USART_DRIVER/stm32f103x6_usart_driver.o
LOAD ./Src/main.o
LOAD ./Src/syscalls.o
LOAD ./Src/sysmem.o
LOAD ./Startup/startup_stm32f103c6tx.o
START GROUP
LOAD f:/embedded system/6-stm 32/program ide  is installed/stm32cubeide_1.12.1/stm32cubeide/plugins/com.st.stm32cube.ide.mcu.externaltools.gnu-tools-for-stm32.10.3-2021.10.win32_1.0.200.202301161003/tools/bin/../lib/gcc/arm-none-eabi/10.3.1/../../../../arm-none-eabi/lib/thumb/v7-m/nofp\libc_nano.a
LOAD f:/embedded system/6-stm 32/program ide  is installed/stm32cubeide_1.12.1/stm32cubeide/plugins/com.st.stm32cube.ide.mcu.externaltools.gnu-tools-for-stm32.10.3-2021.10.win32_1.0.200.202301161003/tools/bin/../lib/gcc/arm-none-eabi/10.3.1/../../../../arm-none-eabi/lib/thumb/v7-m/nofp\libm.a
END GROUP
START GROUP
LOAD f:/embedded system/6-stm 32/program ide  is installed/stm32cubeide_1.12.1/stm32cubeide/plugins/com.st.stm32cube.ide.mcu.externaltools.gnu-tools-for-stm32.10.3-2021.10.win32_1.0.200.202301161003/tools/bin/../lib/gcc/arm-none-eabi/10.3.1/thumb/v7-m/nofp\libgcc.a
LOAD f:/embedded system/6-stm 32/program ide  is installed/stm32cubeide_1.12.1/stm32cubeide/plugins/com.st.stm32cube.ide.mcu.externaltools.gnu-tools-for-stm32.10.3-2021.10.win32_1.0.200.202301161003/tools/bin/../lib/gcc/arm-none-eabi/10.3.1/../../../../arm-none-eabi/lib/thumb/v7-m/nofp\libg_nano.a
LOAD f:/embedded system/6-stm 32/program ide  is installed/stm32cubeide_1.12.1/stm32cubeide/plugins/com.st.stm32cube.ide.mcu.externaltools.gnu-tools-for-stm32.10.3-2021.10.win32_1.0.200.202301161003/tools/bin/../lib/gcc/arm-none-eabi/10.3.1/../../../../arm-none-eabi/lib/thumb/v7-m/nofp\libc_nano.a
END GROUP
START GROUP
LOAD f:/embedded system/6-stm 32/program ide  is installed/stm32cubeide_1.12.1/stm32cubeide/plugins/com.st.stm32cube.ide.mcu.externaltools.gnu-tools-for-stm32.10.3-2021.10.win32_1.0.200.202301161003/tools/bin/../lib/gcc/arm-none-eabi/10.3.1/thumb/v7-m/nofp\libgcc.a
LOAD f:/embedded system/6-stm 32/program ide  is installed/stm32cubeide_1.12.1/stm32cubeide/plugins/com.st.stm32cube.ide.mcu.externaltools.gnu-tools-for-stm32.10.3-2021.10.win32_1.0.200.202301161003/tools/bin/../lib/gcc/arm-none-eabi/10.3.1/../../../../arm-none-eabi/lib/thumb/v7-m/nofp\libc_nano.a
LOAD f:/embedded system/6-stm 32/program ide  is installed/stm32cubeide_1.12.1/stm32cubeide/plugins/com.st.stm32cube.ide.mcu.externaltools.gnu-tools-for-stm32.10.3-2021.10.win32_1.0.200.202301161003/tools/bin/../lib/gcc/arm-none-eabi/10.3.1/../../../../arm-none-eabi/lib/thumb/v7-m/nofp\libnosys.a
END GROUP
START GROUP
LOAD f:/embedded system/6-stm 32/program ide  is installed/stm32cubeide_1.12.1/stm32cubeide/plugins/com.st.stm32cube.ide.mcu.externaltools.gnu-tools-for-stm32.10.3-2021.10.win32_1.0.200.202301161003/tools/bin/../lib/gcc/arm-none-eabi/10.3.1/thumb/v7-m/nofp\libgcc.a
LOAD f:/embedded system/6-stm 32/program ide  is installed/stm32cubeide_1.12.1/stm32cubeide/plugins/com.st.stm32cube.ide.mcu.externaltools.gnu-tools-for-stm32.10.3-2021.10.win32_1.0.200.202301161003/tools/bin/../lib/gcc/arm-none-eabi/10.3.1/../../../../arm-none-eabi/lib/thumb/v7-m/nofp\libc_nano.a
LOAD f:/embedded system/6-stm 32/program ide  is installed/stm32cubeide_1.12.1/stm32cubeide/plugins/com.st.stm32cube.ide.mcu.externaltools.gnu-tools-for-stm32.10.3-2021.10.win32_1.0.200.202301161003/tools/bin/../lib/gcc/arm-none-eabi/10.3.1/../../../../arm-none-eabi/lib/thumb/v7-m/nofp\libnosys.a
END GROUP
LOAD f:/embedded system/6-stm 32/program ide  is installed/stm32cubeide_1.12.1/stm32cubeide/plugins/com.st.stm32cube.ide.mcu.externaltools.gnu-tools-for-stm32.10.3-2021.10.win32_1.0.200.202301161003/tools/bin/../lib/gcc/arm-none-eabi/10.3.1/thumb/v7-m/nofp/crtend.o
LOAD f:/embedded system/6-stm 32/program ide  is installed/stm32cubeide_1.12.1/stm32cubeide/plugins/com.st.stm32cube.ide.mcu.externaltools.gnu-tools-for-stm32.10.3-2021.10.win32_1.0.200.202301161003/tools/bin/../lib/gcc/arm-none-eabi/10.3.1/thumb/v7-m/nofp/crtn.o
                0x0000000020002800                _estack = (ORIGIN (RAM) + LENGTH (RAM))
                0x0000000000000200                _Min_Heap_Size = 0x200
                0x0000000000000400                _Min_Stack_Size = 0x400

.isr_vector     0x0000000008000000      0x130
                0x0000000008000000                . = ALIGN (0x4)
 *(.isr_vector)
 .isr_vector    0x0000000008000000      0x130 ./Startup/startup_stm32f103c6tx.o
                0x0000000008000000                g_pfnVectors
                0x0000000008000130                . = ALIGN (0x4)

.text           0x0000000008000130      0xf54
                0x0000000008000130                . = ALIGN (0x4)
 *(.text)
 .text          0x0000000008000130       0x40 f:/embedded system/6-stm 32/program ide  is installed/stm32cubeide_1.12.1/stm32cubeide/plugins/com.st.stm32cube.ide.mcu.externaltools.gnu-tools-for-stm32.10.3-2021.10.win32_1.0.200.202301161003/tools/bin/../lib/gcc/arm-none-eabi/10.3.1/thumb/v7-m/nofp/crtbegin.o
 *(.text*)
 .text.EXTI0_IRQHandler
                0x0000000008000170       0x24 ./MCAL/EXTI_DRIVER/stm32f103x6_exti_driver.o
                0x0000000008000170                EXTI0_IRQHandler
 .text.EXTI1_IRQHandler
                0x0000000008000194       0x24 ./MCAL/EXTI_DRIVER/stm32f103x6_exti_driver.o
                0x0000000008000194                EXTI1_IRQHandler
 .text.EXTI2_IRQHandler
                0x00000000080001b8       0x24 ./MCAL/EXTI_DRIVER/stm32f103x6_exti_driver.o
                0x00000000080001b8                EXTI2_IRQHandler
 .text.EXTI3_IRQHandler
                0x00000000080001dc       0x24 ./MCAL/EXTI_DRIVER/stm32f103x6_exti_driver.o
                0x00000000080001dc                EXTI3_IRQHandler
 .text.EXTI4_IRQHandler
                0x0000000008000200       0x24 ./MCAL/EXTI_DRIVER/stm32f103x6_exti_driver.o
                0x0000000008000200                EXTI4_IRQHandler
 .text.EXTI9_5_IRQHandler
                0x0000000008000224       0xa8 ./MCAL/EXTI_DRIVER/stm32f103x6_exti_driver.o
                0x0000000008000224                EXTI9_5_IRQHandler
 .text.EXTI15_10_IRQHandler
                0x00000000080002cc       0xc4 ./MCAL/EXTI_DRIVER/stm32f103x6_exti_driver.o
                0x00000000080002cc                EXTI15_10_IRQHandler
 .text.Get_Pos_CRLH
                0x0000000008000390      0x170 ./MCAL/GPIO_DRIVER/stm32f103x6_gpio_driver.o
                0x0000000008000390                Get_Pos_CRLH
 .text.MCAL_GPIO_Init
                0x0000000008000500      0x148 ./MCAL/GPIO_DRIVER/stm32f103x6_gpio_driver.o
                0x0000000008000500                MCAL_GPIO_Init
 .text.MCAL_GPIO_WritePin
                0x0000000008000648       0x32 ./MCAL/GPIO_DRIVER/stm32f103x6_gpio_driver.o
                0x0000000008000648                MCAL_GPIO_WritePin
 *fill*         0x000000000800067a        0x2 
 .text.MCAL_RCC_GetSYS_CLCKFreq
                0x000000000800067c       0x40 ./MCAL/Partial_RCC_DRIVER/stm32f103x6_rcc_driver.o
                0x000000000800067c                MCAL_RCC_GetSYS_CLCKFreq
 .text.MCAL_RCC_GetHCLKFreq
                0x00000000080006bc       0x28 ./MCAL/Partial_RCC_DRIVER/stm32f103x6_rcc_driver.o
                0x00000000080006bc                MCAL_RCC_GetHCLKFreq
 .text.MCAL_RCC_GetPCLK1Freq
                0x00000000080006e4       0x28 ./MCAL/Partial_RCC_DRIVER/stm32f103x6_rcc_driver.o
                0x00000000080006e4                MCAL_RCC_GetPCLK1Freq
 .text.MCAL_RCC_GetPCLK2Freq
                0x000000000800070c       0x28 ./MCAL/Partial_RCC_DRIVER/stm32f103x6_rcc_driver.o
                0x000000000800070c                MCAL_RCC_GetPCLK2Freq
 .text.MCAL_SPI_Init
                0x0000000008000734      0x134 ./MCAL/SPI_DRIVER/stm32f103x6_spi_driver.o
                0x0000000008000734                MCAL_SPI_Init
 .text.MCAL_SPI_GPIO_Set_Pins
                0x0000000008000868      0x234 ./MCAL/SPI_DRIVER/stm32f103x6_spi_driver.o
                0x0000000008000868                MCAL_SPI_GPIO_Set_Pins
 .text.MCAL_SPI_TX_RX
                0x0000000008000a9c       0x54 ./MCAL/SPI_DRIVER/stm32f103x6_spi_driver.o
                0x0000000008000a9c                MCAL_SPI_TX_RX
 .text.SPI1_IRQHandler
                0x0000000008000af0       0x5c ./MCAL/SPI_DRIVER/stm32f103x6_spi_driver.o
                0x0000000008000af0                SPI1_IRQHandler
 .text.SPI2_IRQHandler
                0x0000000008000b4c       0x5c ./MCAL/SPI_DRIVER/stm32f103x6_spi_driver.o
                0x0000000008000b4c                SPI2_IRQHandler
 .text.MCAL_UART_Init
                0x0000000008000ba8      0x184 ./MCAL/USART_DRIVER/stm32f103x6_usart_driver.o
                0x0000000008000ba8                MCAL_UART_Init
 .text.MCAL_UART_ReceiveData
                0x0000000008000d2c       0x5c ./MCAL/USART_DRIVER/stm32f103x6_usart_driver.o
                0x0000000008000d2c                MCAL_UART_ReceiveData
 .text.MCAL_UART_GPIO_Set_Pins
                0x0000000008000d88      0x118 ./MCAL/USART_DRIVER/stm32f103x6_usart_driver.o
                0x0000000008000d88                MCAL_UART_GPIO_Set_Pins
 .text.USART1_IRQHandler
                0x0000000008000ea0       0x14 ./MCAL/USART_DRIVER/stm32f103x6_usart_driver.o
                0x0000000008000ea0                USART1_IRQHandler
 .text.USART2_IRQHandler
                0x0000000008000eb4       0x14 ./MCAL/USART_DRIVER/stm32f103x6_usart_driver.o
                0x0000000008000eb4                USART2_IRQHandler
 .text.USART3_IRQHandler
                0x0000000008000ec8       0x14 ./MCAL/USART_DRIVER/stm32f103x6_usart_driver.o
                0x0000000008000ec8                USART3_IRQHandler
 .text.USART1_CallBack
                0x0000000008000edc       0x40 ./Src/main.o
                0x0000000008000edc                USART1_CallBack
 .text.main     0x0000000008000f1c       0xb4 ./Src/main.o
                0x0000000008000f1c                main
 .text.Reset_Handler
                0x0000000008000fd0       0x50 ./Startup/startup_stm32f103c6tx.o
                0x0000000008000fd0                Reset_Handler
 .text.Default_Handler
                0x0000000008001020        0x2 ./Startup/startup_stm32f103c6tx.o
                0x0000000008001020                TIM8_TRG_COM_IRQHandler
                0x0000000008001020                TIM8_CC_IRQHandler
                0x0000000008001020                DebugMon_Handler
                0x0000000008001020                TIM1_CC_IRQHandler
                0x0000000008001020                HardFault_Handler
                0x0000000008001020                TIM6_IRQHandler
                0x0000000008001020                SysTick_Handler
                0x0000000008001020                PVD_IRQHandler
                0x0000000008001020                SDIO_IRQHandler
                0x0000000008001020                PendSV_Handler
                0x0000000008001020                NMI_Handler
                0x0000000008001020                USB_HP_CAN_TX_IRQHandler
                0x0000000008001020                I2C2_EV_IRQHandler
                0x0000000008001020                UsageFault_Handler
                0x0000000008001020                ADC1_2_IRQHandler
                0x0000000008001020                CAN_SCE_IRQHandler
                0x0000000008001020                TAMPER_IRQHandler
                0x0000000008001020                TIM8_UP_IRQHandler
                0x0000000008001020                DMA2_Channel2_IRQHandler
                0x0000000008001020                DMA1_Channel4_IRQHandler
                0x0000000008001020                RTC_IRQHandler
                0x0000000008001020                DMA1_Channel7_IRQHandler
                0x0000000008001020                UART5_IRQHandler
                0x0000000008001020                ADC3_IRQHandler
                0x0000000008001020                TIM4_IRQHandler
                0x0000000008001020                CAN_RX1_IRQHandler
                0x0000000008001020                DMA2_Channel1_IRQHandler
                0x0000000008001020                I2C1_EV_IRQHandler
                0x0000000008001020                DMA1_Channel6_IRQHandler
                0x0000000008001020                UART4_IRQHandler
                0x0000000008001020                TIM3_IRQHandler
                0x0000000008001020                RCC_IRQHandler
                0x0000000008001020                TIM1_TRG_COM_IRQHandler
                0x0000000008001020                DMA1_Channel1_IRQHandler
                0x0000000008001020                Default_Handler
                0x0000000008001020                TIM7_IRQHandler
                0x0000000008001020                TIM5_IRQHandler
                0x0000000008001020                USB_LP_CAN_RX0_IRQHandler
                0x0000000008001020                MemManage_Handler
                0x0000000008001020                SVC_Handler
                0x0000000008001020                DMA1_Channel5_IRQHandler
                0x0000000008001020                DMA1_Channel3_IRQHandler
                0x0000000008001020                FSMC_IRQHandler
                0x0000000008001020                TIM1_UP_IRQHandler
                0x0000000008001020                WWDG_IRQHandler
                0x0000000008001020                TIM2_IRQHandler
                0x0000000008001020                TIM1_BRK_IRQHandler
                0x0000000008001020                RTCAlarm_IRQHandler
                0x0000000008001020                DMA2_Channel4_5_IRQHandler
                0x0000000008001020                I2C2_ER_IRQHandler
                0x0000000008001020                DMA1_Channel2_IRQHandler
                0x0000000008001020                TIM8_BRK_IRQHandler
                0x0000000008001020                FLASH_IRQHandler
                0x0000000008001020                BusFault_Handler
                0x0000000008001020                SPI3_IRQHandler
                0x0000000008001020                I2C1_ER_IRQHandler
                0x0000000008001020                DMA2_Channel3_IRQHandler
 *fill*         0x0000000008001022        0x2 
 .text.__libc_init_array
                0x0000000008001024       0x48 f:/embedded system/6-stm 32/program ide  is installed/stm32cubeide_1.12.1/stm32cubeide/plugins/com.st.stm32cube.ide.mcu.externaltools.gnu-tools-for-stm32.10.3-2021.10.win32_1.0.200.202301161003/tools/bin/../lib/gcc/arm-none-eabi/10.3.1/../../../../arm-none-eabi/lib/thumb/v7-m/nofp\libc_nano.a(lib_a-init.o)
                0x0000000008001024                __libc_init_array
 *(.glue_7)
 .glue_7        0x000000000800106c        0x0 linker stubs
 *(.glue_7t)
 .glue_7t       0x000000000800106c        0x0 linker stubs
 *(.eh_frame)
 .eh_frame      0x000000000800106c        0x0 f:/embedded system/6-stm 32/program ide  is installed/stm32cubeide_1.12.1/stm32cubeide/plugins/com.st.stm32cube.ide.mcu.externaltools.gnu-tools-for-stm32.10.3-2021.10.win32_1.0.200.202301161003/tools/bin/../lib/gcc/arm-none-eabi/10.3.1/thumb/v7-m/nofp/crtbegin.o
 *(.init)
 .init          0x000000000800106c        0x4 f:/embedded system/6-stm 32/program ide  is installed/stm32cubeide_1.12.1/stm32cubeide/plugins/com.st.stm32cube.ide.mcu.externaltools.gnu-tools-for-stm32.10.3-2021.10.win32_1.0.200.202301161003/tools/bin/../lib/gcc/arm-none-eabi/10.3.1/thumb/v7-m/nofp/crti.o
                0x000000000800106c                _init
 .init          0x0000000008001070        0x8 f:/embedded system/6-stm 32/program ide  is installed/stm32cubeide_1.12.1/stm32cubeide/plugins/com.st.stm32cube.ide.mcu.externaltools.gnu-tools-for-stm32.10.3-2021.10.win32_1.0.200.202301161003/tools/bin/../lib/gcc/arm-none-eabi/10.3.1/thumb/v7-m/nofp/crtn.o
 *(.fini)
 .fini          0x0000000008001078        0x4 f:/embedded system/6-stm 32/program ide  is installed/stm32cubeide_1.12.1/stm32cubeide/plugins/com.st.stm32cube.ide.mcu.externaltools.gnu-tools-for-stm32.10.3-2021.10.win32_1.0.200.202301161003/tools/bin/../lib/gcc/arm-none-eabi/10.3.1/thumb/v7-m/nofp/crti.o
                0x0000000008001078                _fini
 .fini          0x000000000800107c        0x8 f:/embedded system/6-stm 32/program ide  is installed/stm32cubeide_1.12.1/stm32cubeide/plugins/com.st.stm32cube.ide.mcu.externaltools.gnu-tools-for-stm32.10.3-2021.10.win32_1.0.200.202301161003/tools/bin/../lib/gcc/arm-none-eabi/10.3.1/thumb/v7-m/nofp/crtn.o
                0x0000000008001084                . = ALIGN (0x4)
                0x0000000008001084                _etext = .

.vfp11_veneer   0x0000000008001084        0x0
 .vfp11_veneer  0x0000000008001084        0x0 linker stubs

.v4_bx          0x0000000008001084        0x0
 .v4_bx         0x0000000008001084        0x0 linker stubs

.iplt           0x0000000008001084        0x0
 .iplt          0x0000000008001084        0x0 f:/embedded system/6-stm 32/program ide  is installed/stm32cubeide_1.12.1/stm32cubeide/plugins/com.st.stm32cube.ide.mcu.externaltools.gnu-tools-for-stm32.10.3-2021.10.win32_1.0.200.202301161003/tools/bin/../lib/gcc/arm-none-eabi/10.3.1/thumb/v7-m/nofp/crtbegin.o

.rodata         0x0000000008001084       0x18
                0x0000000008001084                . = ALIGN (0x4)
 *(.rodata)
 *(.rodata*)
 .rodata.APBPrescTable
                0x0000000008001084        0x8 ./MCAL/Partial_RCC_DRIVER/stm32f103x6_rcc_driver.o
                0x0000000008001084                APBPrescTable
 .rodata.AHBPrescTable
                0x000000000800108c       0x10 ./MCAL/Partial_RCC_DRIVER/stm32f103x6_rcc_driver.o
                0x000000000800108c                AHBPrescTable
                0x000000000800109c                . = ALIGN (0x4)

.rel.dyn        0x000000000800109c        0x0
 .rel.iplt      0x000000000800109c        0x0 f:/embedded system/6-stm 32/program ide  is installed/stm32cubeide_1.12.1/stm32cubeide/plugins/com.st.stm32cube.ide.mcu.externaltools.gnu-tools-for-stm32.10.3-2021.10.win32_1.0.200.202301161003/tools/bin/../lib/gcc/arm-none-eabi/10.3.1/thumb/v7-m/nofp/crtbegin.o

.ARM.extab      0x000000000800109c        0x0
                0x000000000800109c                . = ALIGN (0x4)
 *(.ARM.extab* .gnu.linkonce.armextab.*)
                0x000000000800109c                . = ALIGN (0x4)

.ARM            0x000000000800109c        0x0
                0x000000000800109c                . = ALIGN (0x4)
                0x000000000800109c                __exidx_start = .
 *(.ARM.exidx*)
                0x000000000800109c                __exidx_end = .
                0x000000000800109c                . = ALIGN (0x4)

.preinit_array  0x000000000800109c        0x0
                0x000000000800109c                . = ALIGN (0x4)
                0x000000000800109c                PROVIDE (__preinit_array_start = .)
 *(.preinit_array*)
                0x000000000800109c                PROVIDE (__preinit_array_end = .)
                0x000000000800109c                . = ALIGN (0x4)

.init_array     0x000000000800109c        0x4
                0x000000000800109c                . = ALIGN (0x4)
                0x000000000800109c                PROVIDE (__init_array_start = .)
 *(SORT_BY_NAME(.init_array.*))
 *(.init_array*)
 .init_array    0x000000000800109c        0x4 f:/embedded system/6-stm 32/program ide  is installed/stm32cubeide_1.12.1/stm32cubeide/plugins/com.st.stm32cube.ide.mcu.externaltools.gnu-tools-for-stm32.10.3-2021.10.win32_1.0.200.202301161003/tools/bin/../lib/gcc/arm-none-eabi/10.3.1/thumb/v7-m/nofp/crtbegin.o
                0x00000000080010a0                PROVIDE (__init_array_end = .)
                0x00000000080010a0                . = ALIGN (0x4)

.fini_array     0x00000000080010a0        0x4
                0x00000000080010a0                . = ALIGN (0x4)
                [!provide]                        PROVIDE (__fini_array_start = .)
 *(SORT_BY_NAME(.fini_array.*))
 *(.fini_array*)
 .fini_array    0x00000000080010a0        0x4 f:/embedded system/6-stm 32/program ide  is installed/stm32cubeide_1.12.1/stm32cubeide/plugins/com.st.stm32cube.ide.mcu.externaltools.gnu-tools-for-stm32.10.3-2021.10.win32_1.0.200.202301161003/tools/bin/../lib/gcc/arm-none-eabi/10.3.1/thumb/v7-m/nofp/crtbegin.o
                [!provide]                        PROVIDE (__fini_array_end = .)
                0x00000000080010a4                . = ALIGN (0x4)
                0x00000000080010a4                _sidata = LOADADDR (.data)

.data           0x0000000020000000        0x0 load address 0x00000000080010a4
                0x0000000020000000                . = ALIGN (0x4)
                0x0000000020000000                _sdata = .
 *(.data)
 *(.data*)
 *(.RamFunc)
 *(.RamFunc*)
                0x0000000020000000                . = ALIGN (0x4)
                0x0000000020000000                _edata = .

.igot.plt       0x0000000020000000        0x0 load address 0x00000000080010a4
 .igot.plt      0x0000000020000000        0x0 f:/embedded system/6-stm 32/program ide  is installed/stm32cubeide_1.12.1/stm32cubeide/plugins/com.st.stm32cube.ide.mcu.externaltools.gnu-tools-for-stm32.10.3-2021.10.win32_1.0.200.202301161003/tools/bin/../lib/gcc/arm-none-eabi/10.3.1/thumb/v7-m/nofp/crtbegin.o
                0x0000000020000000                . = ALIGN (0x4)

.bss            0x0000000020000000       0x6c load address 0x00000000080010a4
                0x0000000020000000                _sbss = .
                0x0000000020000000                __bss_start__ = _sbss
 *(.bss)
 .bss           0x0000000020000000       0x1c f:/embedded system/6-stm 32/program ide  is installed/stm32cubeide_1.12.1/stm32cubeide/plugins/com.st.stm32cube.ide.mcu.externaltools.gnu-tools-for-stm32.10.3-2021.10.win32_1.0.200.202301161003/tools/bin/../lib/gcc/arm-none-eabi/10.3.1/thumb/v7-m/nofp/crtbegin.o
 *(.bss*)
 .bss.GP_FuncCallBack
                0x000000002000001c       0x40 ./MCAL/EXTI_DRIVER/stm32f103x6_exti_driver.o
                0x000000002000001c                GP_FuncCallBack
 .bss.G_SPI_Config
                0x000000002000005c        0x8 ./MCAL/SPI_DRIVER/stm32f103x6_spi_driver.o
                0x000000002000005c                G_SPI_Config
 .bss.Global_UART_Config
                0x0000000020000064        0x4 ./MCAL/USART_DRIVER/stm32f103x6_usart_driver.o
                0x0000000020000064                Global_UART_Config
 .bss.data      0x0000000020000068        0x2 ./Src/main.o
                0x0000000020000068                data
 *(COMMON)
                0x000000002000006c                . = ALIGN (0x4)
 *fill*         0x000000002000006a        0x2 
                0x000000002000006c                _ebss = .
                0x000000002000006c                __bss_end__ = _ebss

._user_heap_stack
                0x000000002000006c      0x604 load address 0x00000000080010a4
                0x0000000020000070                . = ALIGN (0x8)
 *fill*         0x000000002000006c        0x4 
                [!provide]                        PROVIDE (end = .)
                0x0000000020000070                PROVIDE (_end = .)
                0x0000000020000270                . = (. + _Min_Heap_Size)
 *fill*         0x0000000020000070      0x200 
                0x0000000020000670                . = (. + _Min_Stack_Size)
 *fill*         0x0000000020000270      0x400 
                0x0000000020000670                . = ALIGN (0x8)

/DISCARD/
 libc.a(*)
 libm.a(*)
 libgcc.a(*)

.ARM.attributes
                0x0000000000000000       0x29
 *(.ARM.attributes)
 .ARM.attributes
                0x0000000000000000       0x1d f:/embedded system/6-stm 32/program ide  is installed/stm32cubeide_1.12.1/stm32cubeide/plugins/com.st.stm32cube.ide.mcu.externaltools.gnu-tools-for-stm32.10.3-2021.10.win32_1.0.200.202301161003/tools/bin/../lib/gcc/arm-none-eabi/10.3.1/thumb/v7-m/nofp/crti.o
 .ARM.attributes
                0x000000000000001d       0x2d f:/embedded system/6-stm 32/program ide  is installed/stm32cubeide_1.12.1/stm32cubeide/plugins/com.st.stm32cube.ide.mcu.externaltools.gnu-tools-for-stm32.10.3-2021.10.win32_1.0.200.202301161003/tools/bin/../lib/gcc/arm-none-eabi/10.3.1/thumb/v7-m/nofp/crtbegin.o
 .ARM.attributes
                0x000000000000004a       0x2d ./MCAL/EXTI_DRIVER/stm32f103x6_exti_driver.o
 .ARM.attributes
                0x0000000000000077       0x2d ./MCAL/GPIO_DRIVER/stm32f103x6_gpio_driver.o
 .ARM.attributes
                0x00000000000000a4       0x2d ./MCAL/Partial_RCC_DRIVER/stm32f103x6_rcc_driver.o
 .ARM.attributes
                0x00000000000000d1       0x2d ./MCAL/SPI_DRIVER/stm32f103x6_spi_driver.o
 .ARM.attributes
                0x00000000000000fe       0x2d ./MCAL/USART_DRIVER/stm32f103x6_usart_driver.o
 .ARM.attributes
                0x000000000000012b       0x2d ./Src/main.o
 .ARM.attributes
                0x0000000000000158       0x21 ./Startup/startup_stm32f103c6tx.o
 .ARM.attributes
                0x0000000000000179       0x2d f:/embedded system/6-stm 32/program ide  is installed/stm32cubeide_1.12.1/stm32cubeide/plugins/com.st.stm32cube.ide.mcu.externaltools.gnu-tools-for-stm32.10.3-2021.10.win32_1.0.200.202301161003/tools/bin/../lib/gcc/arm-none-eabi/10.3.1/../../../../arm-none-eabi/lib/thumb/v7-m/nofp\libc_nano.a(lib_a-init.o)
 .ARM.attributes
                0x00000000000001a6       0x1d f:/embedded system/6-stm 32/program ide  is installed/stm32cubeide_1.12.1/stm32cubeide/plugins/com.st.stm32cube.ide.mcu.externaltools.gnu-tools-for-stm32.10.3-2021.10.win32_1.0.200.202301161003/tools/bin/../lib/gcc/arm-none-eabi/10.3.1/thumb/v7-m/nofp/crtn.o
OUTPUT(SPI_Protocol[Master].elf elf32-littlearm)
LOAD linker stubs
LOAD f:/embedded system/6-stm 32/program ide  is installed/stm32cubeide_1.12.1/stm32cubeide/plugins/com.st.stm32cube.ide.mcu.externaltools.gnu-tools-for-stm32.10.3-2021.10.win32_1.0.200.202301161003/tools/bin/../lib/gcc/arm-none-eabi/10.3.1/../../../../arm-none-eabi/lib/thumb/v7-m/nofp\libc.a
LOAD f:/embedded system/6-stm 32/program ide  is installed/stm32cubeide_1.12.1/stm32cubeide/plugins/com.st.stm32cube.ide.mcu.externaltools.gnu-tools-for-stm32.10.3-2021.10.win32_1.0.200.202301161003/tools/bin/../lib/gcc/arm-none-eabi/10.3.1/../../../../arm-none-eabi/lib/thumb/v7-m/nofp\libm.a
LOAD f:/embedded system/6-stm 32/program ide  is installed/stm32cubeide_1.12.1/stm32cubeide/plugins/com.st.stm32cube.ide.mcu.externaltools.gnu-tools-for-stm32.10.3-2021.10.win32_1.0.200.202301161003/tools/bin/../lib/gcc/arm-none-eabi/10.3.1/thumb/v7-m/nofp\libgcc.a

.debug_info     0x0000000000000000     0x1e49
 .debug_info    0x0000000000000000      0x4ed ./MCAL/EXTI_DRIVER/stm32f103x6_exti_driver.o
 .debug_info    0x00000000000004ed      0x4cd ./MCAL/GPIO_DRIVER/stm32f103x6_gpio_driver.o
 .debug_info    0x00000000000009ba      0x223 ./MCAL/Partial_RCC_DRIVER/stm32f103x6_rcc_driver.o
 .debug_info    0x0000000000000bdd      0x651 ./MCAL/SPI_DRIVER/stm32f103x6_spi_driver.o
 .debug_info    0x000000000000122e      0x5a4 ./MCAL/USART_DRIVER/stm32f103x6_usart_driver.o
 .debug_info    0x00000000000017d2      0x655 ./Src/main.o
 .debug_info    0x0000000000001e27       0x22 ./Startup/startup_stm32f103c6tx.o

.debug_abbrev   0x0000000000000000      0x90e
 .debug_abbrev  0x0000000000000000      0x189 ./MCAL/EXTI_DRIVER/stm32f103x6_exti_driver.o
 .debug_abbrev  0x0000000000000189      0x16d ./MCAL/GPIO_DRIVER/stm32f103x6_gpio_driver.o
 .debug_abbrev  0x00000000000002f6       0xda ./MCAL/Partial_RCC_DRIVER/stm32f103x6_rcc_driver.o
 .debug_abbrev  0x00000000000003d0      0x1e1 ./MCAL/SPI_DRIVER/stm32f103x6_spi_driver.o
 .debug_abbrev  0x00000000000005b1      0x1b8 ./MCAL/USART_DRIVER/stm32f103x6_usart_driver.o
 .debug_abbrev  0x0000000000000769      0x193 ./Src/main.o
 .debug_abbrev  0x00000000000008fc       0x12 ./Startup/startup_stm32f103c6tx.o

.debug_loc      0x0000000000000000      0xd42
 .debug_loc     0x0000000000000000      0x280 ./MCAL/EXTI_DRIVER/stm32f103x6_exti_driver.o
 .debug_loc     0x0000000000000280      0x3e8 ./MCAL/GPIO_DRIVER/stm32f103x6_gpio_driver.o
 .debug_loc     0x0000000000000668       0xc8 ./MCAL/Partial_RCC_DRIVER/stm32f103x6_rcc_driver.o
 .debug_loc     0x0000000000000730      0x2bc ./MCAL/SPI_DRIVER/stm32f103x6_spi_driver.o
 .debug_loc     0x00000000000009ec      0x294 ./MCAL/USART_DRIVER/stm32f103x6_usart_driver.o
 .debug_loc     0x0000000000000c80       0xc2 ./Src/main.o

.debug_aranges  0x0000000000000000      0x228
 .debug_aranges
                0x0000000000000000       0x70 ./MCAL/EXTI_DRIVER/stm32f103x6_exti_driver.o
 .debug_aranges
                0x0000000000000070       0x70 ./MCAL/GPIO_DRIVER/stm32f103x6_gpio_driver.o
 .debug_aranges
                0x00000000000000e0       0x38 ./MCAL/Partial_RCC_DRIVER/stm32f103x6_rcc_driver.o
 .debug_aranges
                0x0000000000000118       0x58 ./MCAL/SPI_DRIVER/stm32f103x6_spi_driver.o
 .debug_aranges
                0x0000000000000170       0x60 ./MCAL/USART_DRIVER/stm32f103x6_usart_driver.o
 .debug_aranges
                0x00000000000001d0       0x30 ./Src/main.o
 .debug_aranges
                0x0000000000000200       0x28 ./Startup/startup_stm32f103c6tx.o

.debug_ranges   0x0000000000000000      0x1c0
 .debug_ranges  0x0000000000000000       0x60 ./MCAL/EXTI_DRIVER/stm32f103x6_exti_driver.o
 .debug_ranges  0x0000000000000060       0x60 ./MCAL/GPIO_DRIVER/stm32f103x6_gpio_driver.o
 .debug_ranges  0x00000000000000c0       0x28 ./MCAL/Partial_RCC_DRIVER/stm32f103x6_rcc_driver.o
 .debug_ranges  0x00000000000000e8       0x48 ./MCAL/SPI_DRIVER/stm32f103x6_spi_driver.o
 .debug_ranges  0x0000000000000130       0x50 ./MCAL/USART_DRIVER/stm32f103x6_usart_driver.o
 .debug_ranges  0x0000000000000180       0x20 ./Src/main.o
 .debug_ranges  0x00000000000001a0       0x20 ./Startup/startup_stm32f103c6tx.o

.debug_macro    0x0000000000000000     0x1299
 .debug_macro   0x0000000000000000      0x200 ./MCAL/EXTI_DRIVER/stm32f103x6_exti_driver.o
 .debug_macro   0x0000000000000200       0xd6 ./MCAL/EXTI_DRIVER/stm32f103x6_exti_driver.o
 .debug_macro   0x00000000000002d6      0x22c ./MCAL/EXTI_DRIVER/stm32f103x6_exti_driver.o
 .debug_macro   0x0000000000000502      0x1f1 ./MCAL/GPIO_DRIVER/stm32f103x6_gpio_driver.o
 .debug_macro   0x00000000000006f3      0x1f1 ./MCAL/Partial_RCC_DRIVER/stm32f103x6_rcc_driver.o
 .debug_macro   0x00000000000008e4       0x10 ./MCAL/Partial_RCC_DRIVER/stm32f103x6_rcc_driver.o
 .debug_macro   0x00000000000008f4      0x204 ./MCAL/SPI_DRIVER/stm32f103x6_spi_driver.o
 .debug_macro   0x0000000000000af8       0xbf ./MCAL/SPI_DRIVER/stm32f103x6_spi_driver.o
 .debug_macro   0x0000000000000bb7      0x20d ./MCAL/USART_DRIVER/stm32f103x6_usart_driver.o
 .debug_macro   0x0000000000000dc4       0x16 ./MCAL/USART_DRIVER/stm32f103x6_usart_driver.o
 .debug_macro   0x0000000000000dda       0xe8 ./MCAL/USART_DRIVER/stm32f103x6_usart_driver.o
 .debug_macro   0x0000000000000ec2      0x22c ./Src/main.o
 .debug_macro   0x00000000000010ee       0xc5 ./Src/main.o
 .debug_macro   0x00000000000011b3       0xa6 ./Src/main.o
 .debug_macro   0x0000000000001259       0x40 ./Src/main.o

.debug_line     0x0000000000000000     0x3c8f
 .debug_line    0x0000000000000000      0xb96 ./MCAL/EXTI_DRIVER/stm32f103x6_exti_driver.o
 .debug_line    0x0000000000000b96      0xa8f ./MCAL/GPIO_DRIVER/stm32f103x6_gpio_driver.o
 .debug_line    0x0000000000001625      0x82b ./MCAL/Partial_RCC_DRIVER/stm32f103x6_rcc_driver.o
 .debug_line    0x0000000000001e50      0xaca ./MCAL/SPI_DRIVER/stm32f103x6_spi_driver.o
 .debug_line    0x000000000000291a      0xa1b ./MCAL/USART_DRIVER/stm32f103x6_usart_driver.o
 .debug_line    0x0000000000003335      0x8d6 ./Src/main.o
 .debug_line    0x0000000000003c0b       0x84 ./Startup/startup_stm32f103c6tx.o

.debug_str      0x0000000000000000     0xb146
 .debug_str     0x0000000000000000     0x9c57 ./MCAL/EXTI_DRIVER/stm32f103x6_exti_driver.o
                                       0x9de2 (size before relaxing)
 .debug_str     0x0000000000009c57      0x135 ./MCAL/GPIO_DRIVER/stm32f103x6_gpio_driver.o
                                       0x8a12 (size before relaxing)
 .debug_str     0x0000000000009d8c      0x103 ./MCAL/Partial_RCC_DRIVER/stm32f103x6_rcc_driver.o
                                       0x8532 (size before relaxing)
 .debug_str     0x0000000000009e8f      0x73c ./MCAL/SPI_DRIVER/stm32f103x6_spi_driver.o
                                       0x904b (size before relaxing)
 .debug_str     0x000000000000a5cb      0x7ce ./MCAL/USART_DRIVER/stm32f103x6_usart_driver.o
                                       0x9170 (size before relaxing)
 .debug_str     0x000000000000ad99      0x37c ./Src/main.o
                                       0x9a2f (size before relaxing)
 .debug_str     0x000000000000b115       0x31 ./Startup/startup_stm32f103c6tx.o
                                         0x97 (size before relaxing)

.comment        0x0000000000000000       0x50
 .comment       0x0000000000000000       0x50 ./MCAL/EXTI_DRIVER/stm32f103x6_exti_driver.o
                                         0x51 (size before relaxing)
 .comment       0x0000000000000050       0x51 ./MCAL/GPIO_DRIVER/stm32f103x6_gpio_driver.o
 .comment       0x0000000000000050       0x51 ./MCAL/Partial_RCC_DRIVER/stm32f103x6_rcc_driver.o
 .comment       0x0000000000000050       0x51 ./MCAL/SPI_DRIVER/stm32f103x6_spi_driver.o
 .comment       0x0000000000000050       0x51 ./MCAL/USART_DRIVER/stm32f103x6_usart_driver.o
 .comment       0x0000000000000050       0x51 ./Src/main.o

.debug_frame    0x0000000000000000      0x6e8
 .debug_frame   0x0000000000000000      0x168 ./MCAL/EXTI_DRIVER/stm32f103x6_exti_driver.o
 .debug_frame   0x0000000000000168      0x1c8 ./MCAL/GPIO_DRIVER/stm32f103x6_gpio_driver.o
 .debug_frame   0x0000000000000330       0x84 ./MCAL/Partial_RCC_DRIVER/stm32f103x6_rcc_driver.o
 .debug_frame   0x00000000000003b4      0x148 ./MCAL/SPI_DRIVER/stm32f103x6_spi_driver.o
 .debug_frame   0x00000000000004fc      0x14c ./MCAL/USART_DRIVER/stm32f103x6_usart_driver.o
 .debug_frame   0x0000000000000648       0x74 ./Src/main.o
 .debug_frame   0x00000000000006bc       0x2c f:/embedded system/6-stm 32/program ide  is installed/stm32cubeide_1.12.1/stm32cubeide/plugins/com.st.stm32cube.ide.mcu.externaltools.gnu-tools-for-stm32.10.3-2021.10.win32_1.0.200.202301161003/tools/bin/../lib/gcc/arm-none-eabi/10.3.1/../../../../arm-none-eabi/lib/thumb/v7-m/nofp\libc_nano.a(lib_a-init.o)
