../MCAL/USART_DRIVER/stm32f103x6_usart_driver.c:42:6:MCAL_UART_Init	24	static
../MCAL/USART_DRIVER/stm32f103x6_usart_driver.c:126:6:MCAL_UART_DeInit	16	static
../MCAL/USART_DRIVER/stm32f103x6_usart_driver.c:177:6:MCAL_UART_SendData	24	static
../MCAL/USART_DRIVER/stm32f103x6_usart_driver.c:211:6:MCAL_UART_WAIT_TC	16	static
../MCAL/USART_DRIVER/stm32f103x6_usart_driver.c:219:6:MCAL_UART_ReceiveData	24	static
../MCAL/USART_DRIVER/stm32f103x6_usart_driver.c:272:6:MCAL_UART_GPIO_Set_Pins	32	static
../MCAL/USART_DRIVER/stm32f103x6_usart_driver.c:406:6:USART1_IRQHandler	8	static
../MCAL/USART_DRIVER/stm32f103x6_usart_driver.c:413:6:USART2_IRQHandler	8	static
../MCAL/USART_DRIVER/stm32f103x6_usart_driver.c:418:6:USART3_IRQHandler	8	static
